2026-03-04 05:38:57,230 [INFO] SLURM_ARRAY_TASK_ID: 0
2026-03-04 05:38:57,230 [INFO] SLURM_ARRAY_TASK_COUNT: 5
2026-03-04 05:38:58,506 [INFO] Total number of assemblies: 1958
2026-03-04 05:38:59,463 [INFO] DataFrame shape before insertion: (5899, 10)
2026-03-04 05:38:59,526 [INFO] Finished inserting GCF_026636035.1
2026-03-04 05:39:00,385 [INFO] DataFrame shape before insertion: (4883, 10)
2026-03-04 05:39:00,466 [INFO] Finished inserting GCF_026109755.1
2026-03-04 05:39:00,890 [INFO] DataFrame shape before insertion: (3172, 10)
2026-03-04 05:39:00,930 [INFO] Finished inserting GCA_036322835.1
2026-03-04 05:39:01,519 [INFO] DataFrame shape before insertion: (3815, 10)
2026-03-04 05:39:01,566 [INFO] Finished inserting GCF_030296655.1
2026-03-04 05:39:01,854 [INFO] DataFrame shape before insertion: (1909, 10)
2026-03-04 05:39:01,890 [INFO] Finished inserting GCF_000466925.3
2026-03-04 05:39:02,515 [INFO] DataFrame shape before insertion: (4054, 10)
2026-03-04 05:39:02,565 [INFO] Finished inserting GCF_024703955.2
2026-03-04 05:39:03,432 [INFO] DataFrame shape before insertion: (5580, 10)
2026-03-04 05:39:03,492 [INFO] Finished inserting GCA_025452255.1
2026-03-04 05:39:03,886 [INFO] DataFrame shape before insertion: (3081, 10)
2026-03-04 05:39:03,950 [INFO] Finished inserting GCA_013693895.1
2026-03-04 05:39:04,104 [INFO] DataFrame shape before insertion: (1163, 10)
2026-03-04 05:39:04,197 [INFO] Finished inserting GCF_045277585.1
2026-03-04 05:39:04,741 [INFO] DataFrame shape before insertion: (3485, 10)
2026-03-04 05:39:04,786 [INFO] Finished inserting GCF_007182895.1
2026-03-04 05:39:05,804 [INFO] DataFrame shape before insertion: (6183, 10)
2026-03-04 05:39:05,869 [INFO] Finished inserting GCF_041319885.1
2026-03-04 05:39:06,821 [INFO] DataFrame shape before insertion: (5951, 10)
2026-03-04 05:39:06,931 [INFO] Finished inserting GCF_019968705.1
2026-03-04 05:39:07,537 [INFO] DataFrame shape before insertion: (4140, 10)
2026-03-04 05:39:07,585 [INFO] Finished inserting GCF_034345625.1
2026-03-04 05:39:08,086 [INFO] DataFrame shape before insertion: (2871, 10)
2026-03-04 05:39:08,166 [INFO] Finished inserting GCF_020889625.1
2026-03-04 05:39:09,159 [INFO] DataFrame shape before insertion: (6166, 10)
2026-03-04 05:39:09,235 [INFO] Finished inserting GCA_042083005.1
2026-03-04 05:39:09,933 [INFO] DataFrame shape before insertion: (4454, 10)
2026-03-04 05:39:09,986 [INFO] Finished inserting GCF_026183385.1
2026-03-04 05:39:10,726 [INFO] DataFrame shape before insertion: (4541, 10)
2026-03-04 05:39:10,896 [INFO] Finished inserting GCF_014720855.1
2026-03-04 05:39:11,605 [INFO] DataFrame shape before insertion: (4713, 10)
2026-03-04 05:39:11,656 [INFO] Finished inserting GCF_024362245.1
2026-03-04 05:39:12,477 [INFO] DataFrame shape before insertion: (4975, 10)
2026-03-04 05:39:12,554 [INFO] Finished inserting GCF_023518175.1
2026-03-04 05:39:13,205 [INFO] DataFrame shape before insertion: (4580, 10)
2026-03-04 05:39:13,260 [INFO] Finished inserting GCA_007333575.2
2026-03-04 05:39:14,102 [INFO] DataFrame shape before insertion: (5465, 10)
2026-03-04 05:39:14,182 [INFO] Finished inserting GCF_010977555.1
2026-03-04 05:39:14,610 [INFO] DataFrame shape before insertion: (3050, 10)
2026-03-04 05:39:14,676 [INFO] Finished inserting GCF_018128945.1
2026-03-04 05:39:15,648 [INFO] DataFrame shape before insertion: (5882, 10)
2026-03-04 05:39:15,714 [INFO] Finished inserting GCF_024123875.1
2026-03-04 05:39:16,851 [INFO] DataFrame shape before insertion: (7290, 10)
2026-03-04 05:39:16,921 [INFO] Finished inserting GCF_026802195.1
2026-03-04 05:39:17,139 [INFO] DataFrame shape before insertion: (1449, 10)
2026-03-04 05:39:17,167 [INFO] Finished inserting GCF_040790775.1
2026-03-04 05:39:17,487 [INFO] DataFrame shape before insertion: (2096, 10)
2026-03-04 05:39:17,524 [INFO] Finished inserting GCF_018140535.1
2026-03-04 05:39:18,355 [INFO] DataFrame shape before insertion: (4944, 10)
2026-03-04 05:39:18,435 [INFO] Finished inserting GCF_009184685.1
2026-03-04 05:39:18,880 [INFO] DataFrame shape before insertion: (3124, 10)
2026-03-04 05:39:18,928 [INFO] Finished inserting GCF_043162025.1
2026-03-04 05:39:19,491 [INFO] DataFrame shape before insertion: (3682, 10)
2026-03-04 05:39:19,538 [INFO] Finished inserting GCF_015218525.1
2026-03-04 05:39:20,349 [INFO] DataFrame shape before insertion: (5158, 10)
2026-03-04 05:39:20,446 [INFO] Finished inserting GCF_030389965.1
2026-03-04 05:39:20,997 [INFO] DataFrame shape before insertion: (3517, 10)
2026-03-04 05:39:21,040 [INFO] Finished inserting GCF_030503875.2
2026-03-04 05:39:21,663 [INFO] DataFrame shape before insertion: (4035, 10)
2026-03-04 05:39:21,713 [INFO] Finished inserting GCF_021431905.1
2026-03-04 05:39:22,252 [INFO] DataFrame shape before insertion: (3346, 10)
2026-03-04 05:39:22,291 [INFO] Finished inserting GCF_011064825.1
2026-03-04 05:39:22,666 [INFO] DataFrame shape before insertion: (2581, 10)
2026-03-04 05:39:22,704 [INFO] Finished inserting GCF_046058915.1
2026-03-04 05:39:23,786 [INFO] DataFrame shape before insertion: (7055, 10)
2026-03-04 05:39:23,901 [INFO] Finished inserting GCA_038049915.1
2026-03-04 05:39:24,793 [INFO] DataFrame shape before insertion: (5652, 10)
2026-03-04 05:39:24,853 [INFO] Finished inserting GCF_023823795.1
2026-03-04 05:39:25,806 [INFO] DataFrame shape before insertion: (5970, 10)
2026-03-04 05:39:25,867 [INFO] Finished inserting GCF_044056035.1
2026-03-04 05:39:27,115 [INFO] DataFrame shape before insertion: (7829, 10)
2026-03-04 05:39:27,188 [INFO] Finished inserting GCF_040529335.1
2026-03-04 05:39:28,249 [INFO] DataFrame shape before insertion: (6389, 10)
2026-03-04 05:39:28,311 [INFO] Finished inserting GCF_045013505.1
2026-03-04 05:39:29,656 [INFO] DataFrame shape before insertion: (8009, 10)
2026-03-04 05:39:29,733 [INFO] Finished inserting GCF_044501195.1
2026-03-04 05:39:30,510 [INFO] DataFrame shape before insertion: (5442, 10)
2026-03-04 05:39:30,613 [INFO] Finished inserting GCA_035238425.1
2026-03-04 05:39:31,192 [INFO] DataFrame shape before insertion: (3859, 10)
2026-03-04 05:39:31,267 [INFO] Finished inserting GCF_019078745.1
2026-03-04 05:39:31,906 [INFO] DataFrame shape before insertion: (4227, 10)
2026-03-04 05:39:31,953 [INFO] Finished inserting GCF_947090715.1
2026-03-04 05:39:32,398 [INFO] DataFrame shape before insertion: (2774, 10)
2026-03-04 05:39:32,438 [INFO] Finished inserting GCF_044591705.1
2026-03-04 05:39:33,285 [INFO] DataFrame shape before insertion: (5042, 10)
2026-03-04 05:39:33,338 [INFO] Finished inserting GCF_021276285.1
2026-03-04 05:39:34,405 [INFO] DataFrame shape before insertion: (6712, 10)
2026-03-04 05:39:34,470 [INFO] Finished inserting GCF_023546765.1
2026-03-04 05:39:35,291 [INFO] DataFrame shape before insertion: (5045, 10)
2026-03-04 05:39:35,345 [INFO] Finished inserting GCF_040822065.1
2026-03-04 05:39:36,023 [INFO] DataFrame shape before insertion: (4354, 10)
2026-03-04 05:39:36,074 [INFO] Finished inserting GCF_014297575.1
2026-03-04 05:39:36,754 [INFO] DataFrame shape before insertion: (4460, 10)
2026-03-04 05:39:36,804 [INFO] Finished inserting GCF_025258785.1
2026-03-04 05:39:37,400 [INFO] DataFrame shape before insertion: (3759, 10)
2026-03-04 05:39:37,446 [INFO] Finished inserting GCF_041733115.1
2026-03-04 05:39:37,997 [INFO] DataFrame shape before insertion: (3968, 10)
2026-03-04 05:39:38,046 [INFO] Finished inserting GCA_041879365.1
2026-03-04 05:39:38,922 [INFO] DataFrame shape before insertion: (5134, 10)
2026-03-04 05:39:38,983 [INFO] Finished inserting GCF_022437945.1
2026-03-04 05:39:40,261 [INFO] DataFrame shape before insertion: (7780, 10)
2026-03-04 05:39:40,342 [INFO] Finished inserting GCF_040744945.1
2026-03-04 05:39:40,816 [INFO] DataFrame shape before insertion: (3315, 10)
2026-03-04 05:39:41,035 [INFO] Finished inserting GCF_015209785.1
2026-03-04 05:39:41,250 [INFO] DataFrame shape before insertion: (1541, 10)
2026-03-04 05:39:41,279 [INFO] Finished inserting GCA_015219825.1
2026-03-04 05:39:42,410 [INFO] DataFrame shape before insertion: (6724, 10)
2026-03-04 05:39:42,501 [INFO] Finished inserting GCF_034087045.1
2026-03-04 05:39:43,172 [INFO] DataFrame shape before insertion: (4668, 10)
2026-03-04 05:39:43,235 [INFO] Finished inserting GCA_044357145.1
2026-03-04 05:39:44,203 [INFO] DataFrame shape before insertion: (5996, 10)
2026-03-04 05:39:44,287 [INFO] Finished inserting GCF_028215955.1
2026-03-04 05:39:45,536 [INFO] DataFrame shape before insertion: (7358, 10)
2026-03-04 05:39:45,606 [INFO] Finished inserting GCF_024380055.1
2026-03-04 05:39:45,971 [INFO] DataFrame shape before insertion: (2511, 10)
2026-03-04 05:39:46,011 [INFO] Finished inserting GCF_016865385.1
2026-03-04 05:39:46,687 [INFO] DataFrame shape before insertion: (4481, 10)
2026-03-04 05:39:46,739 [INFO] Finished inserting GCF_024266645.1
2026-03-04 05:39:47,518 [INFO] DataFrame shape before insertion: (4831, 10)
2026-03-04 05:39:47,571 [INFO] Finished inserting GCF_014171475.1
2026-03-04 05:39:47,830 [INFO] DataFrame shape before insertion: (1794, 10)
2026-03-04 05:39:47,862 [INFO] Finished inserting GCA_016403125.1
2026-03-04 05:39:48,946 [INFO] DataFrame shape before insertion: (6931, 10)
2026-03-04 05:39:49,007 [INFO] Finished inserting GCF_013343235.1
2026-03-04 05:39:49,794 [INFO] DataFrame shape before insertion: (4791, 10)
2026-03-04 05:39:49,848 [INFO] Finished inserting GCF_040448525.1
2026-03-04 05:39:50,235 [INFO] DataFrame shape before insertion: (2693, 10)
2026-03-04 05:39:50,274 [INFO] Finished inserting GCF_013394385.1
2026-03-04 05:39:50,830 [INFO] DataFrame shape before insertion: (3885, 10)
2026-03-04 05:39:50,926 [INFO] Finished inserting GCA_016700155.1
2026-03-04 05:39:51,598 [INFO] DataFrame shape before insertion: (4359, 10)
2026-03-04 05:39:51,646 [INFO] Finished inserting GCF_040142795.1
2026-03-04 05:39:52,631 [INFO] DataFrame shape before insertion: (6366, 10)
2026-03-04 05:39:52,717 [INFO] Finished inserting GCF_014189415.1
2026-03-04 05:39:53,681 [INFO] DataFrame shape before insertion: (6024, 10)
2026-03-04 05:39:53,740 [INFO] Finished inserting GCF_029761955.1
2026-03-04 05:39:54,452 [INFO] DataFrame shape before insertion: (4482, 10)
2026-03-04 05:39:54,535 [INFO] Finished inserting GCF_036865515.1
2026-03-04 05:39:55,202 [INFO] DataFrame shape before insertion: (4332, 10)
2026-03-04 05:39:55,288 [INFO] Finished inserting GCF_030296015.1
2026-03-04 05:39:56,025 [INFO] DataFrame shape before insertion: (4326, 10)
2026-03-04 05:39:56,101 [INFO] Finished inserting GCF_030166455.1
2026-03-04 05:39:56,823 [INFO] DataFrame shape before insertion: (4679, 10)
2026-03-04 05:39:56,901 [INFO] Finished inserting GCF_006980565.2
2026-03-04 05:39:57,597 [INFO] DataFrame shape before insertion: (4456, 10)
2026-03-04 05:39:57,688 [INFO] Finished inserting GCF_020640995.1
2026-03-04 05:39:58,880 [INFO] DataFrame shape before insertion: (7269, 10)
2026-03-04 05:39:58,949 [INFO] Finished inserting GCF_044056015.1
2026-03-04 05:39:59,481 [INFO] DataFrame shape before insertion: (3475, 10)
2026-03-04 05:39:59,526 [INFO] Finished inserting GCF_027171405.1
2026-03-04 05:40:00,326 [INFO] DataFrame shape before insertion: (5135, 10)
2026-03-04 05:40:00,392 [INFO] Finished inserting GCF_036289045.1
2026-03-04 05:40:00,772 [INFO] DataFrame shape before insertion: (2214, 10)
2026-03-04 05:40:00,805 [INFO] Finished inserting GCF_021957025.1
2026-03-04 05:40:01,942 [INFO] DataFrame shape before insertion: (7455, 10)
2026-03-04 05:40:02,024 [INFO] Finished inserting GCA_004295565.1
2026-03-04 05:40:02,310 [INFO] DataFrame shape before insertion: (1934, 10)
2026-03-04 05:40:02,345 [INFO] Finished inserting GCF_000708635.2
2026-03-04 05:40:02,926 [INFO] DataFrame shape before insertion: (3666, 10)
2026-03-04 05:40:02,968 [INFO] Finished inserting GCF_024362265.1
2026-03-04 05:40:03,559 [INFO] DataFrame shape before insertion: (3873, 10)
2026-03-04 05:40:03,601 [INFO] Finished inserting GCF_025642115.1
2026-03-04 05:40:04,519 [INFO] DataFrame shape before insertion: (5708, 10)
2026-03-04 05:40:04,578 [INFO] Finished inserting GCF_022701015.1
2026-03-04 05:40:05,416 [INFO] DataFrame shape before insertion: (5577, 10)
2026-03-04 05:40:05,504 [INFO] Finished inserting GCA_022539555.1
2026-03-04 05:40:06,094 [INFO] DataFrame shape before insertion: (3818, 10)
2026-03-04 05:40:06,140 [INFO] Finished inserting GCF_041893525.1
2026-03-04 05:40:06,885 [INFO] DataFrame shape before insertion: (4799, 10)
2026-03-04 05:40:06,961 [INFO] Finished inserting GCF_015708675.1
2026-03-04 05:40:08,011 [INFO] DataFrame shape before insertion: (6267, 10)
2026-03-04 05:40:08,075 [INFO] Finished inserting GCF_029201625.2
2026-03-04 05:40:08,572 [INFO] DataFrame shape before insertion: (3406, 10)
2026-03-04 05:40:08,616 [INFO] Finished inserting GCF_026013965.1
2026-03-04 05:40:09,802 [INFO] DataFrame shape before insertion: (7248, 10)
2026-03-04 05:40:09,871 [INFO] Finished inserting GCF_044055365.1
2026-03-04 05:40:10,648 [INFO] DataFrame shape before insertion: (4899, 10)
2026-03-04 05:40:10,701 [INFO] Finished inserting GCF_030931015.1
2026-03-04 05:40:11,450 [INFO] DataFrame shape before insertion: (4853, 10)
2026-03-04 05:40:11,507 [INFO] Finished inserting GCF_041504345.1
2026-03-04 05:40:12,045 [INFO] DataFrame shape before insertion: (3398, 10)
2026-03-04 05:40:12,345 [INFO] Finished inserting GCF_000466905.3
2026-03-04 05:40:12,687 [INFO] DataFrame shape before insertion: (2351, 10)
2026-03-04 05:40:12,723 [INFO] Finished inserting GCF_033145555.1
2026-03-04 05:40:13,177 [INFO] DataFrame shape before insertion: (2800, 10)
2026-03-04 05:40:13,217 [INFO] Finished inserting GCF_030296675.1
2026-03-04 05:40:13,525 [INFO] DataFrame shape before insertion: (2030, 10)
2026-03-04 05:40:13,560 [INFO] Finished inserting GCF_026184355.1
2026-03-04 05:40:14,580 [INFO] DataFrame shape before insertion: (6250, 10)
2026-03-04 05:40:14,646 [INFO] Finished inserting GCF_029201645.1
2026-03-04 05:40:15,645 [INFO] DataFrame shape before insertion: (6084, 10)
2026-03-04 05:40:15,703 [INFO] Finished inserting GCF_019968725.1
2026-03-04 05:40:16,589 [INFO] DataFrame shape before insertion: (5244, 10)
2026-03-04 05:40:16,644 [INFO] Finished inserting GCF_032367395.1
2026-03-04 05:40:17,031 [INFO] DataFrame shape before insertion: (2917, 10)
2026-03-04 05:40:17,070 [INFO] Finished inserting GCA_008118325.1
2026-03-04 05:40:17,608 [INFO] DataFrame shape before insertion: (3481, 10)
2026-03-04 05:40:17,654 [INFO] Finished inserting GCF_007859635.1
2026-03-04 05:40:18,382 [INFO] DataFrame shape before insertion: (4718, 10)
2026-03-04 05:40:18,435 [INFO] Finished inserting GCF_009671145.1
2026-03-04 05:40:18,988 [INFO] DataFrame shape before insertion: (3749, 10)
2026-03-04 05:40:19,034 [INFO] Finished inserting GCA_032594495.1
2026-03-04 05:40:19,810 [INFO] DataFrame shape before insertion: (5004, 10)
2026-03-04 05:40:19,883 [INFO] Finished inserting GCF_024758025.1
2026-03-04 05:40:20,820 [INFO] DataFrame shape before insertion: (6089, 10)
2026-03-04 05:40:20,874 [INFO] Finished inserting GCA_029690005.1
2026-03-04 05:40:21,708 [INFO] DataFrame shape before insertion: (4964, 10)
2026-03-04 05:40:21,761 [INFO] Finished inserting GCF_035610385.1
2026-03-04 05:40:22,401 [INFO] DataFrame shape before insertion: (4063, 10)
2026-03-04 05:40:22,446 [INFO] Finished inserting GCF_030296835.1
2026-03-04 05:40:23,567 [INFO] DataFrame shape before insertion: (7303, 10)
2026-03-04 05:40:23,681 [INFO] Finished inserting GCF_021028635.1
2026-03-04 05:40:24,474 [INFO] DataFrame shape before insertion: (4942, 10)
2026-03-04 05:40:24,530 [INFO] Finished inserting GCF_021398955.1
2026-03-04 05:40:25,873 [INFO] DataFrame shape before insertion: (7512, 10)
2026-03-04 05:40:25,942 [INFO] Finished inserting GCA_014189655.1
2026-03-04 05:40:26,208 [INFO] DataFrame shape before insertion: (1719, 10)
2026-03-04 05:40:26,237 [INFO] Finished inserting GCF_035066605.1
2026-03-04 05:40:26,700 [INFO] DataFrame shape before insertion: (3194, 10)
2026-03-04 05:40:26,741 [INFO] Finished inserting GCF_026013725.1
2026-03-04 05:40:27,258 [INFO] DataFrame shape before insertion: (3409, 10)
2026-03-04 05:40:27,296 [INFO] Finished inserting GCF_030505335.1
2026-03-04 05:40:27,934 [INFO] DataFrame shape before insertion: (4324, 10)
2026-03-04 05:40:28,005 [INFO] Finished inserting GCF_029625295.1
2026-03-04 05:40:28,420 [INFO] DataFrame shape before insertion: (2584, 10)
2026-03-04 05:40:28,456 [INFO] Finished inserting GCF_045011645.1
2026-03-04 05:40:29,201 [INFO] DataFrame shape before insertion: (4856, 10)
2026-03-04 05:40:29,253 [INFO] Finished inserting GCF_038442735.1
2026-03-04 05:40:29,916 [INFO] DataFrame shape before insertion: (4914, 10)
2026-03-04 05:40:29,995 [INFO] Finished inserting GCA_014873095.1
2026-03-04 05:40:30,816 [INFO] DataFrame shape before insertion: (5392, 10)
2026-03-04 05:40:30,872 [INFO] Finished inserting GCF_042245395.1
2026-03-04 05:40:31,914 [INFO] DataFrame shape before insertion: (6248, 10)
2026-03-04 05:40:31,974 [INFO] Finished inserting GCF_947090765.1
2026-03-04 05:40:32,654 [INFO] DataFrame shape before insertion: (4345, 10)
2026-03-04 05:40:32,701 [INFO] Finished inserting GCF_032680905.1
2026-03-04 05:40:34,119 [INFO] DataFrame shape before insertion: (8748, 10)
2026-03-04 05:40:34,198 [INFO] Finished inserting GCF_000280725.2
2026-03-04 05:40:34,487 [INFO] DataFrame shape before insertion: (1946, 10)
2026-03-04 05:40:34,518 [INFO] Finished inserting GCF_018176755.1
2026-03-04 05:40:35,690 [INFO] DataFrame shape before insertion: (6995, 10)
2026-03-04 05:40:35,794 [INFO] Finished inserting GCF_029760955.1
2026-03-04 05:40:36,211 [INFO] DataFrame shape before insertion: (2866, 10)
2026-03-04 05:40:36,245 [INFO] Finished inserting GCF_030168495.1
2026-03-04 05:40:36,554 [INFO] DataFrame shape before insertion: (1984, 10)
2026-03-04 05:40:36,583 [INFO] Finished inserting GCF_020510245.1
2026-03-04 05:40:37,148 [INFO] DataFrame shape before insertion: (3694, 10)
2026-03-04 05:40:37,192 [INFO] Finished inserting GCF_021561035.1
2026-03-04 05:40:37,670 [INFO] DataFrame shape before insertion: (2940, 10)
2026-03-04 05:40:37,712 [INFO] Finished inserting GCF_042493225.1
2026-03-04 05:40:38,696 [INFO] DataFrame shape before insertion: (5907, 10)
2026-03-04 05:40:38,781 [INFO] Finished inserting GCF_013116765.2
2026-03-04 05:40:39,613 [INFO] DataFrame shape before insertion: (5726, 10)
2026-03-04 05:40:39,698 [INFO] Finished inserting GCF_032999765.1
2026-03-04 05:40:40,659 [INFO] DataFrame shape before insertion: (5967, 10)
2026-03-04 05:40:40,722 [INFO] Finished inserting GCF_964063345.1
2026-03-04 05:40:41,445 [INFO] DataFrame shape before insertion: (4581, 10)
2026-03-04 05:40:41,504 [INFO] Finished inserting GCF_036866135.1
2026-03-04 05:40:42,094 [INFO] DataFrame shape before insertion: (3874, 10)
2026-03-04 05:40:42,142 [INFO] Finished inserting GCF_040833965.1
2026-03-04 05:40:43,371 [INFO] DataFrame shape before insertion: (7518, 10)
2026-03-04 05:40:43,444 [INFO] Finished inserting GCF_014117325.1
2026-03-04 05:40:43,955 [INFO] DataFrame shape before insertion: (3545, 10)
2026-03-04 05:40:44,001 [INFO] Finished inserting GCF_019856495.1
2026-03-04 05:40:44,586 [INFO] DataFrame shape before insertion: (3941, 10)
2026-03-04 05:40:44,663 [INFO] Finished inserting GCF_947090775.1
2026-03-04 05:40:45,469 [INFO] DataFrame shape before insertion: (5366, 10)
2026-03-04 05:40:45,526 [INFO] Finished inserting GCA_040208185.1
2026-03-04 05:40:46,112 [INFO] DataFrame shape before insertion: (4031, 10)
2026-03-04 05:40:46,158 [INFO] Finished inserting GCA_045040585.1
2026-03-04 05:40:46,475 [INFO] DataFrame shape before insertion: (2270, 10)
2026-03-04 05:40:46,511 [INFO] Finished inserting GCF_964063445.1
2026-03-04 05:40:48,065 [INFO] DataFrame shape before insertion: (9812, 10)
2026-03-04 05:40:48,156 [INFO] Finished inserting GCA_025641845.1
2026-03-04 05:40:48,586 [INFO] DataFrame shape before insertion: (3004, 10)
2026-03-04 05:40:48,627 [INFO] Finished inserting GCF_017352195.1
2026-03-04 05:40:49,052 [INFO] DataFrame shape before insertion: (2749, 10)
2026-03-04 05:40:49,091 [INFO] Finished inserting GCF_027941755.1
2026-03-04 05:40:50,068 [INFO] DataFrame shape before insertion: (6134, 10)
2026-03-04 05:40:50,132 [INFO] Finished inserting GCF_042701485.1
2026-03-04 05:40:51,321 [INFO] DataFrame shape before insertion: (7234, 10)
2026-03-04 05:40:51,391 [INFO] Finished inserting GCF_014495705.1
2026-03-04 05:40:52,128 [INFO] DataFrame shape before insertion: (4819, 10)
2026-03-04 05:40:52,194 [INFO] Finished inserting GCF_041956815.1
2026-03-04 05:40:52,877 [INFO] DataFrame shape before insertion: (4496, 10)
2026-03-04 05:40:52,976 [INFO] Finished inserting GCF_905175365.1
2026-03-04 05:40:53,840 [INFO] DataFrame shape before insertion: (5613, 10)
2026-03-04 05:40:53,927 [INFO] Finished inserting GCA_023374955.1
2026-03-04 05:40:54,213 [INFO] DataFrame shape before insertion: (1915, 10)
2026-03-04 05:40:54,246 [INFO] Finished inserting GCF_030246965.1
2026-03-04 05:40:55,003 [INFO] DataFrame shape before insertion: (4509, 10)
2026-03-04 05:40:55,055 [INFO] Finished inserting GCF_014596855.2
2026-03-04 05:40:56,213 [INFO] DataFrame shape before insertion: (7451, 10)
2026-03-04 05:40:56,308 [INFO] Finished inserting GCF_030908285.1
2026-03-04 05:40:57,004 [INFO] DataFrame shape before insertion: (4454, 10)
2026-03-04 05:40:57,058 [INFO] Finished inserting GCF_041281685.1
2026-03-04 05:40:57,758 [INFO] DataFrame shape before insertion: (4559, 10)
2026-03-04 05:40:57,899 [INFO] Finished inserting GCF_016598595.1
2026-03-04 05:40:58,493 [INFO] DataFrame shape before insertion: (4314, 10)
2026-03-04 05:40:58,544 [INFO] Finished inserting GCA_016700115.1
2026-03-04 05:40:59,469 [INFO] DataFrame shape before insertion: (6064, 10)
2026-03-04 05:40:59,533 [INFO] Finished inserting GCF_045689255.1
2026-03-04 05:41:00,261 [INFO] DataFrame shape before insertion: (4580, 10)
2026-03-04 05:41:00,313 [INFO] Finished inserting GCF_021496925.1
2026-03-04 05:41:00,588 [INFO] DataFrame shape before insertion: (1766, 10)
2026-03-04 05:41:00,615 [INFO] Finished inserting GCF_013745115.1
2026-03-04 05:41:01,547 [INFO] DataFrame shape before insertion: (5623, 10)
2026-03-04 05:41:01,632 [INFO] Finished inserting GCF_030166435.1
2026-03-04 05:41:02,408 [INFO] DataFrame shape before insertion: (5181, 10)
2026-03-04 05:41:02,489 [INFO] Finished inserting GCF_011046535.1
2026-03-04 05:41:03,550 [INFO] DataFrame shape before insertion: (6236, 10)
2026-03-04 05:41:03,612 [INFO] Finished inserting GCF_029536165.1
2026-03-04 05:41:04,234 [INFO] DataFrame shape before insertion: (4070, 10)
2026-03-04 05:41:04,307 [INFO] Finished inserting GCA_045287315.1
2026-03-04 05:41:05,302 [INFO] DataFrame shape before insertion: (6146, 10)
2026-03-04 05:41:05,389 [INFO] Finished inserting GCF_044784385.1
2026-03-04 05:41:06,296 [INFO] DataFrame shape before insertion: (5432, 10)
2026-03-04 05:41:06,490 [INFO] Finished inserting GCF_021869645.1
2026-03-04 05:41:07,520 [INFO] DataFrame shape before insertion: (6215, 10)
2026-03-04 05:41:07,608 [INFO] Finished inserting GCF_028748965.1
2026-03-04 05:41:07,956 [INFO] DataFrame shape before insertion: (2626, 10)
2026-03-04 05:41:07,995 [INFO] Finished inserting GCA_015693905.1
2026-03-04 05:41:08,906 [INFO] DataFrame shape before insertion: (5906, 10)
2026-03-04 05:41:08,967 [INFO] Finished inserting GCF_030848725.1
2026-03-04 05:41:09,167 [INFO] DataFrame shape before insertion: (1275, 10)
2026-03-04 05:41:09,189 [INFO] Finished inserting GCF_040790725.1
2026-03-04 05:41:09,585 [INFO] DataFrame shape before insertion: (2676, 10)
2026-03-04 05:41:09,623 [INFO] Finished inserting GCF_026914305.1
2026-03-04 05:41:10,087 [INFO] DataFrame shape before insertion: (3020, 10)
2026-03-04 05:41:10,181 [INFO] Finished inserting GCF_042134615.1
2026-03-04 05:41:10,619 [INFO] DataFrame shape before insertion: (3018, 10)
2026-03-04 05:41:10,689 [INFO] Finished inserting GCF_022870985.1
2026-03-04 05:41:11,145 [INFO] DataFrame shape before insertion: (3201, 10)
2026-03-04 05:41:11,189 [INFO] Finished inserting GCF_012931845.1
2026-03-04 05:41:12,140 [INFO] DataFrame shape before insertion: (5909, 10)
2026-03-04 05:41:12,201 [INFO] Finished inserting GCF_002187935.3
2026-03-04 05:41:12,985 [INFO] DataFrame shape before insertion: (4847, 10)
2026-03-04 05:41:13,100 [INFO] Finished inserting GCF_030122805.1
2026-03-04 05:41:13,991 [INFO] DataFrame shape before insertion: (5403, 10)
2026-03-04 05:41:14,050 [INFO] Finished inserting GCF_040429625.1
2026-03-04 05:41:14,408 [INFO] DataFrame shape before insertion: (2263, 10)
2026-03-04 05:41:14,468 [INFO] Finished inserting GCF_021957125.1
2026-03-04 05:41:16,018 [INFO] DataFrame shape before insertion: (9585, 10)
2026-03-04 05:41:16,105 [INFO] Finished inserting GCF_045278895.1
2026-03-04 05:41:17,352 [INFO] DataFrame shape before insertion: (7788, 10)
2026-03-04 05:41:17,426 [INFO] Finished inserting GCF_026239535.1
2026-03-04 05:41:18,246 [INFO] DataFrame shape before insertion: (4906, 10)
2026-03-04 05:41:18,300 [INFO] Finished inserting GCF_045780835.1
2026-03-04 05:41:18,861 [INFO] DataFrame shape before insertion: (3650, 10)
2026-03-04 05:41:18,969 [INFO] Finished inserting GCA_037888935.1
2026-03-04 05:41:19,767 [INFO] DataFrame shape before insertion: (5205, 10)
2026-03-04 05:41:19,948 [INFO] Finished inserting GCF_024365005.1
2026-03-04 05:41:20,844 [INFO] DataFrame shape before insertion: (5605, 10)
2026-03-04 05:41:20,901 [INFO] Finished inserting GCF_019968745.1
2026-03-04 05:41:21,637 [INFO] DataFrame shape before insertion: (4355, 10)
2026-03-04 05:41:21,691 [INFO] Finished inserting GCF_026967475.1
2026-03-04 05:41:22,382 [INFO] DataFrame shape before insertion: (4436, 10)
2026-03-04 05:41:22,459 [INFO] Finished inserting GCF_007859655.1
2026-03-04 05:41:22,787 [INFO] DataFrame shape before insertion: (2173, 10)
2026-03-04 05:41:22,822 [INFO] Finished inserting GCF_018968665.1
2026-03-04 05:41:23,456 [INFO] DataFrame shape before insertion: (4261, 10)
2026-03-04 05:41:23,533 [INFO] Finished inserting GCF_042140215.1
2026-03-04 05:41:24,083 [INFO] DataFrame shape before insertion: (3634, 10)
2026-03-04 05:41:24,125 [INFO] Finished inserting GCF_040833955.1
2026-03-04 05:41:24,807 [INFO] DataFrame shape before insertion: (4320, 10)
2026-03-04 05:41:24,859 [INFO] Finished inserting GCF_029536875.1
2026-03-04 05:41:25,750 [INFO] DataFrame shape before insertion: (5470, 10)
2026-03-04 05:41:25,836 [INFO] Finished inserting GCF_042696275.1
2026-03-04 05:41:27,153 [INFO] DataFrame shape before insertion: (8264, 10)
2026-03-04 05:41:27,272 [INFO] Finished inserting GCF_045291505.1
2026-03-04 05:41:27,517 [INFO] DataFrame shape before insertion: (1708, 10)
2026-03-04 05:41:27,592 [INFO] Finished inserting GCF_019334605.1
2026-03-04 05:41:28,481 [INFO] DataFrame shape before insertion: (5648, 10)
2026-03-04 05:41:28,540 [INFO] Finished inserting GCF_025665315.1
2026-03-04 05:41:29,349 [INFO] DataFrame shape before insertion: (4750, 10)
2026-03-04 05:41:29,399 [INFO] Finished inserting GCF_021398975.1
2026-03-04 05:41:29,857 [INFO] DataFrame shape before insertion: (3191, 10)
2026-03-04 05:41:29,902 [INFO] Finished inserting GCF_037913045.1
2026-03-04 05:41:30,635 [INFO] DataFrame shape before insertion: (4406, 10)
2026-03-04 05:41:30,687 [INFO] Finished inserting GCF_019226825.1
2026-03-04 05:41:31,167 [INFO] DataFrame shape before insertion: (3520, 10)
2026-03-04 05:41:31,214 [INFO] Finished inserting GCA_024628785.1
2026-03-04 05:41:31,720 [INFO] DataFrame shape before insertion: (3416, 10)
2026-03-04 05:41:31,764 [INFO] Finished inserting GCF_022809775.1
2026-03-04 05:41:32,214 [INFO] DataFrame shape before insertion: (2766, 10)
2026-03-04 05:41:32,255 [INFO] Finished inserting GCF_031326165.1
2026-03-04 05:41:32,632 [INFO] DataFrame shape before insertion: (2567, 10)
2026-03-04 05:41:32,668 [INFO] Finished inserting GCF_964642095.1
2026-03-04 05:41:33,210 [INFO] DataFrame shape before insertion: (3383, 10)
2026-03-04 05:41:33,254 [INFO] Finished inserting GCF_044594915.1
2026-03-04 05:41:34,222 [INFO] DataFrame shape before insertion: (5924, 10)
2026-03-04 05:41:34,293 [INFO] Finished inserting GCF_045159825.1
2026-03-04 05:41:34,714 [INFO] DataFrame shape before insertion: (2840, 10)
2026-03-04 05:41:34,753 [INFO] Finished inserting GCF_038396345.1
2026-03-04 05:41:35,408 [INFO] DataFrame shape before insertion: (4156, 10)
2026-03-04 05:41:35,486 [INFO] Finished inserting GCF_000590535.2
2026-03-04 05:41:35,896 [INFO] DataFrame shape before insertion: (2456, 10)
2026-03-04 05:41:35,934 [INFO] Finished inserting GCF_024205305.1
2026-03-04 05:41:36,038 [INFO] DataFrame shape before insertion: (763, 10)
2026-03-04 05:41:36,105 [INFO] Finished inserting GCF_042465095.1
2026-03-04 05:41:36,723 [INFO] DataFrame shape before insertion: (4034, 10)
2026-03-04 05:41:36,793 [INFO] Finished inserting GCF_039613825.1
2026-03-04 05:41:37,163 [INFO] DataFrame shape before insertion: (2596, 10)
2026-03-04 05:41:37,201 [INFO] Finished inserting GCF_964062735.1
2026-03-04 05:41:37,939 [INFO] DataFrame shape before insertion: (4474, 10)
2026-03-04 05:41:37,990 [INFO] Finished inserting GCF_020043425.2
2026-03-04 05:41:38,642 [INFO] DataFrame shape before insertion: (4175, 10)
2026-03-04 05:41:38,691 [INFO] Finished inserting GCF_039619525.1
2026-03-04 05:41:39,393 [INFO] DataFrame shape before insertion: (4707, 10)
2026-03-04 05:41:39,441 [INFO] Finished inserting GCF_963853665.1
2026-03-04 05:41:39,951 [INFO] DataFrame shape before insertion: (3337, 10)
2026-03-04 05:41:39,993 [INFO] Finished inserting GCF_015034585.1
2026-03-04 05:41:40,295 [INFO] DataFrame shape before insertion: (1977, 10)
2026-03-04 05:41:40,371 [INFO] Finished inserting GCF_041281755.1
2026-03-04 05:41:40,740 [INFO] DataFrame shape before insertion: (2547, 10)
2026-03-04 05:41:40,809 [INFO] Finished inserting GCF_046097495.1
2026-03-04 05:41:41,405 [INFO] DataFrame shape before insertion: (4012, 10)
2026-03-04 05:41:41,487 [INFO] Finished inserting GCF_044881185.1
2026-03-04 05:41:42,591 [INFO] DataFrame shape before insertion: (7212, 10)
2026-03-04 05:41:42,660 [INFO] Finished inserting GCA_024703875.1
2026-03-04 05:41:43,334 [INFO] DataFrame shape before insertion: (4445, 10)
2026-03-04 05:41:43,384 [INFO] Finished inserting GCF_016865365.1
2026-03-04 05:41:43,756 [INFO] DataFrame shape before insertion: (2493, 10)
2026-03-04 05:41:43,792 [INFO] Finished inserting GCF_030517085.1
2026-03-04 05:41:44,620 [INFO] DataFrame shape before insertion: (4733, 10)
2026-03-04 05:41:44,670 [INFO] Finished inserting GCF_011044475.1
2026-03-04 05:41:45,585 [INFO] DataFrame shape before insertion: (5606, 10)
2026-03-04 05:41:45,643 [INFO] Finished inserting GCF_027571385.1
2026-03-04 05:41:45,970 [INFO] DataFrame shape before insertion: (2246, 10)
2026-03-04 05:41:46,005 [INFO] Finished inserting GCF_964065235.1
2026-03-04 05:41:47,322 [INFO] DataFrame shape before insertion: (7848, 10)
2026-03-04 05:41:47,392 [INFO] Finished inserting GCF_040761425.1
2026-03-04 05:41:47,989 [INFO] DataFrame shape before insertion: (3810, 10)
2026-03-04 05:41:48,038 [INFO] Finished inserting GCF_042700505.1
2026-03-04 05:41:48,962 [INFO] DataFrame shape before insertion: (5645, 10)
2026-03-04 05:41:49,022 [INFO] Finished inserting GCF_037126175.1
2026-03-04 05:41:49,714 [INFO] DataFrame shape before insertion: (4633, 10)
2026-03-04 05:41:49,764 [INFO] Finished inserting GCF_029023725.1
2026-03-04 05:41:50,011 [INFO] DataFrame shape before insertion: (1594, 10)
2026-03-04 05:41:50,040 [INFO] Finished inserting GCF_030323565.1
2026-03-04 05:41:50,673 [INFO] DataFrame shape before insertion: (4220, 10)
2026-03-04 05:41:50,724 [INFO] Finished inserting GCF_019443765.1
2026-03-04 05:41:51,265 [INFO] DataFrame shape before insertion: (3447, 10)
2026-03-04 05:41:51,338 [INFO] Finished inserting GCF_024605895.1
2026-03-04 05:41:52,183 [INFO] DataFrame shape before insertion: (5151, 10)
2026-03-04 05:41:52,272 [INFO] Finished inserting GCF_029773025.1
2026-03-04 05:41:52,743 [INFO] DataFrame shape before insertion: (3294, 10)
2026-03-04 05:41:52,786 [INFO] Finished inserting GCF_019603315.1
2026-03-04 05:41:53,274 [INFO] DataFrame shape before insertion: (3111, 10)
2026-03-04 05:41:53,318 [INFO] Finished inserting GCF_019884725.1
2026-03-04 05:41:54,043 [INFO] DataFrame shape before insertion: (4731, 10)
2026-03-04 05:41:54,104 [INFO] Finished inserting GCF_014854835.1
2026-03-04 05:41:54,787 [INFO] DataFrame shape before insertion: (4151, 10)
2026-03-04 05:41:54,835 [INFO] Finished inserting GCF_016657085.1
2026-03-04 05:41:55,601 [INFO] DataFrame shape before insertion: (5235, 10)
2026-03-04 05:41:55,665 [INFO] Finished inserting GCA_032615215.1
2026-03-04 05:41:56,313 [INFO] DataFrame shape before insertion: (4240, 10)
2026-03-04 05:41:56,368 [INFO] Finished inserting GCF_019334505.1
2026-03-04 05:41:56,861 [INFO] DataFrame shape before insertion: (3116, 10)
2026-03-04 05:41:56,912 [INFO] Finished inserting GCF_037323615.1
2026-03-04 05:41:57,767 [INFO] DataFrame shape before insertion: (5305, 10)
2026-03-04 05:41:57,822 [INFO] Finished inserting GCF_030123245.1
2026-03-04 05:41:58,531 [INFO] DataFrame shape before insertion: (4632, 10)
2026-03-04 05:41:58,652 [INFO] Finished inserting GCF_045710645.1
2026-03-04 05:41:59,469 [INFO] DataFrame shape before insertion: (4967, 10)
2026-03-04 05:41:59,522 [INFO] Finished inserting GCF_041941495.1
2026-03-04 05:42:00,741 [INFO] DataFrame shape before insertion: (7233, 10)
2026-03-04 05:42:00,822 [INFO] Finished inserting GCF_022827705.1
2026-03-04 05:42:02,010 [INFO] DataFrame shape before insertion: (8217, 10)
2026-03-04 05:42:02,090 [INFO] Finished inserting GCA_024703915.1
2026-03-04 05:42:02,513 [INFO] DataFrame shape before insertion: (2595, 10)
2026-03-04 05:42:02,553 [INFO] Finished inserting GCF_040364415.1
2026-03-04 05:42:03,255 [INFO] DataFrame shape before insertion: (4598, 10)
2026-03-04 05:42:03,307 [INFO] Finished inserting GCF_024759565.1
2026-03-04 05:42:04,000 [INFO] DataFrame shape before insertion: (4501, 10)
2026-03-04 05:42:04,056 [INFO] Finished inserting GCF_036865495.1
2026-03-04 05:42:05,337 [INFO] DataFrame shape before insertion: (7967, 10)
2026-03-04 05:42:05,415 [INFO] Finished inserting GCF_021441825.1
2026-03-04 05:42:05,950 [INFO] DataFrame shape before insertion: (3517, 10)
2026-03-04 05:42:05,995 [INFO] Finished inserting GCF_030296695.1
2026-03-04 05:42:06,335 [INFO] DataFrame shape before insertion: (2380, 10)
2026-03-04 05:42:06,370 [INFO] Finished inserting GCF_031297465.1
2026-03-04 05:42:06,937 [INFO] DataFrame shape before insertion: (3727, 10)
2026-03-04 05:42:06,984 [INFO] Finished inserting GCF_012844345.1
2026-03-04 05:42:07,487 [INFO] DataFrame shape before insertion: (3300, 10)
2026-03-04 05:42:07,530 [INFO] Finished inserting GCF_030345315.1
2026-03-04 05:42:08,033 [INFO] DataFrame shape before insertion: (3159, 10)
2026-03-04 05:42:08,076 [INFO] Finished inserting GCF_039954625.1
2026-03-04 05:42:08,862 [INFO] DataFrame shape before insertion: (5122, 10)
2026-03-04 05:42:08,918 [INFO] Finished inserting GCF_000452825.2
2026-03-04 05:42:09,695 [INFO] DataFrame shape before insertion: (4748, 10)
2026-03-04 05:42:09,750 [INFO] Finished inserting GCF_007995155.1
2026-03-04 05:42:10,105 [INFO] DataFrame shape before insertion: (2444, 10)
2026-03-04 05:42:10,212 [INFO] Finished inserting GCA_040215705.1
2026-03-04 05:42:10,736 [INFO] DataFrame shape before insertion: (3218, 10)
2026-03-04 05:42:10,778 [INFO] Finished inserting GCF_026016445.1
2026-03-04 05:42:11,525 [INFO] DataFrame shape before insertion: (4771, 10)
2026-03-04 05:42:11,605 [INFO] Finished inserting GCF_030122215.1
2026-03-04 05:42:11,914 [INFO] DataFrame shape before insertion: (2314, 10)
2026-03-04 05:42:11,953 [INFO] Finished inserting GCA_021044545.1
2026-03-04 05:42:12,648 [INFO] DataFrame shape before insertion: (4320, 10)
2026-03-04 05:42:12,695 [INFO] Finished inserting GCF_030291035.1
2026-03-04 05:42:13,003 [INFO] DataFrame shape before insertion: (1945, 10)
2026-03-04 05:42:13,038 [INFO] Finished inserting GCF_042140045.1
2026-03-04 05:42:14,224 [INFO] DataFrame shape before insertion: (7626, 10)
2026-03-04 05:42:14,295 [INFO] Finished inserting GCF_031767055.1
2026-03-04 05:42:14,974 [INFO] DataFrame shape before insertion: (4120, 10)
2026-03-04 05:42:15,213 [INFO] Finished inserting GCF_016801775.1
2026-03-04 05:42:15,991 [INFO] DataFrame shape before insertion: (5074, 10)
2026-03-04 05:42:16,047 [INFO] Finished inserting GCF_009649995.1
2026-03-04 05:42:17,344 [INFO] DataFrame shape before insertion: (8191, 10)
2026-03-04 05:42:17,429 [INFO] Finished inserting GCF_013393925.1
2026-03-04 05:42:18,400 [INFO] DataFrame shape before insertion: (6403, 10)
2026-03-04 05:42:18,490 [INFO] Finished inserting GCA_040783425.1
2026-03-04 05:42:19,835 [INFO] DataFrame shape before insertion: (8039, 10)
2026-03-04 05:42:19,907 [INFO] Finished inserting GCF_041080675.1
2026-03-04 05:42:20,465 [INFO] DataFrame shape before insertion: (3958, 10)
2026-03-04 05:42:20,514 [INFO] Finished inserting GCF_024760085.1
2026-03-04 05:42:20,979 [INFO] DataFrame shape before insertion: (2960, 10)
2026-03-04 05:42:21,017 [INFO] Finished inserting GCF_026240795.1
2026-03-04 05:42:21,711 [INFO] DataFrame shape before insertion: (4988, 10)
2026-03-04 05:42:21,757 [INFO] Finished inserting GCA_044501205.1
2026-03-04 05:42:22,155 [INFO] DataFrame shape before insertion: (2442, 10)
2026-03-04 05:42:22,188 [INFO] Finished inserting GCF_016458825.1
2026-03-04 05:42:22,954 [INFO] DataFrame shape before insertion: (5169, 10)
2026-03-04 05:42:23,009 [INFO] Finished inserting GCF_022867795.2
2026-03-04 05:42:23,391 [INFO] DataFrame shape before insertion: (2341, 10)
2026-03-04 05:42:23,495 [INFO] Finished inserting GCF_029910535.1
2026-03-04 05:42:23,770 [INFO] DataFrame shape before insertion: (1922, 10)
2026-03-04 05:42:23,798 [INFO] Finished inserting GCA_030544625.1
2026-03-04 05:42:24,446 [INFO] DataFrame shape before insertion: (3897, 10)
2026-03-04 05:42:24,516 [INFO] Finished inserting GCF_030291935.1
2026-03-04 05:42:24,999 [INFO] DataFrame shape before insertion: (3256, 10)
2026-03-04 05:42:25,042 [INFO] Finished inserting GCF_029510815.1
2026-03-04 05:42:25,719 [INFO] DataFrame shape before insertion: (4289, 10)
2026-03-04 05:42:25,769 [INFO] Finished inserting GCF_014042035.1
2026-03-04 05:42:26,251 [INFO] DataFrame shape before insertion: (3160, 10)
2026-03-04 05:42:26,291 [INFO] Finished inserting GCF_042434915.1
2026-03-04 05:42:27,564 [INFO] DataFrame shape before insertion: (8349, 10)
2026-03-04 05:42:27,711 [INFO] Finished inserting GCA_024703935.1
2026-03-04 05:42:28,285 [INFO] DataFrame shape before insertion: (3610, 10)
2026-03-04 05:42:28,326 [INFO] Finished inserting GCF_029866945.1
2026-03-04 05:42:28,496 [INFO] DataFrame shape before insertion: (1328, 10)
2026-03-04 05:42:28,526 [INFO] Finished inserting GCF_040790795.1
2026-03-04 05:42:29,029 [INFO] DataFrame shape before insertion: (3204, 10)
2026-03-04 05:42:29,071 [INFO] Finished inserting GCF_045346035.1
2026-03-04 05:42:29,997 [INFO] DataFrame shape before insertion: (5940, 10)
2026-03-04 05:42:30,056 [INFO] Finished inserting GCF_017068035.1
2026-03-04 05:42:30,595 [INFO] DataFrame shape before insertion: (3771, 10)
2026-03-04 05:42:30,636 [INFO] Finished inserting GCA_013693915.1
2026-03-04 05:42:31,297 [INFO] DataFrame shape before insertion: (4374, 10)
2026-03-04 05:42:31,347 [INFO] Finished inserting GCF_009936375.1
2026-03-04 05:42:31,660 [INFO] DataFrame shape before insertion: (2154, 10)
2026-03-04 05:42:31,695 [INFO] Finished inserting GCF_046244355.1
2026-03-04 05:42:32,784 [INFO] DataFrame shape before insertion: (6639, 10)
2026-03-04 05:42:32,880 [INFO] Finished inserting GCF_030518815.1
2026-03-04 05:42:34,331 [INFO] DataFrame shape before insertion: (8849, 10)
2026-03-04 05:42:34,411 [INFO] Finished inserting GCF_037993025.1
2026-03-04 05:42:35,386 [INFO] DataFrame shape before insertion: (6037, 10)
2026-03-04 05:42:35,451 [INFO] Finished inserting GCF_041003725.1
2026-03-04 05:42:35,941 [INFO] DataFrame shape before insertion: (3163, 10)
2026-03-04 05:42:35,981 [INFO] Finished inserting GCF_014170115.1
2026-03-04 05:42:36,891 [INFO] DataFrame shape before insertion: (5544, 10)
2026-03-04 05:42:36,945 [INFO] Finished inserting GCF_019968685.1
2026-03-04 05:42:37,267 [INFO] DataFrame shape before insertion: (2074, 10)
2026-03-04 05:42:37,325 [INFO] Finished inserting GCF_004104465.2
2026-03-04 05:42:37,867 [INFO] DataFrame shape before insertion: (3436, 10)
2026-03-04 05:42:37,910 [INFO] Finished inserting GCF_036322625.1
2026-03-04 05:42:38,664 [INFO] DataFrame shape before insertion: (4799, 10)
2026-03-04 05:42:38,718 [INFO] Finished inserting GCF_011466815.1
2026-03-04 05:42:39,139 [INFO] DataFrame shape before insertion: (2553, 10)
2026-03-04 05:42:39,176 [INFO] Finished inserting GCF_019443945.1
2026-03-04 05:42:39,801 [INFO] DataFrame shape before insertion: (3945, 10)
2026-03-04 05:42:39,853 [INFO] Finished inserting GCF_034376865.1
2026-03-04 05:42:40,439 [INFO] DataFrame shape before insertion: (3730, 10)
2026-03-04 05:42:40,488 [INFO] Finished inserting GCF_025264665.1
2026-03-04 05:42:40,973 [INFO] DataFrame shape before insertion: (3389, 10)
2026-03-04 05:42:41,017 [INFO] Finished inserting GCF_015191005.1
2026-03-04 05:42:41,609 [INFO] DataFrame shape before insertion: (3967, 10)
2026-03-04 05:42:41,659 [INFO] Finished inserting GCF_042853465.1
2026-03-04 05:42:42,840 [INFO] DataFrame shape before insertion: (7403, 10)
2026-03-04 05:42:42,914 [INFO] Finished inserting GCA_038049885.1
2026-03-04 05:42:43,266 [INFO] DataFrame shape before insertion: (2380, 10)
2026-03-04 05:42:43,304 [INFO] Finished inserting GCF_024582975.1
2026-03-04 05:42:43,870 [INFO] DataFrame shape before insertion: (3715, 10)
2026-03-04 05:42:43,919 [INFO] Finished inserting GCF_022870925.1
2026-03-04 05:42:44,555 [INFO] DataFrame shape before insertion: (4069, 10)
2026-03-04 05:42:44,601 [INFO] Finished inserting GCF_041224405.1
2026-03-04 05:42:45,710 [INFO] DataFrame shape before insertion: (6601, 10)
2026-03-04 05:42:45,775 [INFO] Finished inserting GCF_044998965.1
2026-03-04 05:42:46,143 [INFO] DataFrame shape before insertion: (2440, 10)
2026-03-04 05:42:46,178 [INFO] Finished inserting GCF_026810225.1
2026-03-04 05:42:46,694 [INFO] DataFrame shape before insertion: (3304, 10)
2026-03-04 05:42:46,785 [INFO] Finished inserting GCA_042140185.1
2026-03-04 05:42:47,248 [INFO] DataFrame shape before insertion: (3281, 10)
2026-03-04 05:42:47,318 [INFO] Finished inserting GCF_030732185.1
2026-03-04 05:42:47,955 [INFO] DataFrame shape before insertion: (4135, 10)
2026-03-04 05:42:48,006 [INFO] Finished inserting GCF_038098645.1
2026-03-04 05:42:48,711 [INFO] DataFrame shape before insertion: (4284, 10)
2026-03-04 05:42:48,761 [INFO] Finished inserting GCF_041320285.1
2026-03-04 05:42:50,152 [INFO] DataFrame shape before insertion: (8319, 10)
2026-03-04 05:42:50,236 [INFO] Finished inserting GCF_027627435.1
2026-03-04 05:42:50,659 [INFO] DataFrame shape before insertion: (2983, 10)
2026-03-04 05:42:50,702 [INFO] Finished inserting GCA_039234925.1
2026-03-04 05:42:51,364 [INFO] DataFrame shape before insertion: (4326, 10)
2026-03-04 05:42:51,410 [INFO] Finished inserting GCF_030291115.1
2026-03-04 05:42:52,191 [INFO] DataFrame shape before insertion: (4703, 10)
2026-03-04 05:42:52,245 [INFO] Finished inserting GCF_963855525.1
2026-03-04 05:42:53,558 [INFO] DataFrame shape before insertion: (7847, 10)
2026-03-04 05:42:53,639 [INFO] Finished inserting GCF_024442315.1
2026-03-04 05:42:54,274 [INFO] DataFrame shape before insertion: (4332, 10)
2026-03-04 05:42:54,324 [INFO] Finished inserting GCA_016699405.1
2026-03-04 05:42:54,945 [INFO] DataFrame shape before insertion: (3963, 10)
2026-03-04 05:42:54,994 [INFO] Finished inserting GCA_045184175.1
2026-03-04 05:42:55,181 [INFO] DataFrame shape before insertion: (1418, 10)
2026-03-04 05:42:55,210 [INFO] Finished inserting GCF_023277645.1
2026-03-04 05:42:55,629 [INFO] DataFrame shape before insertion: (2499, 10)
2026-03-04 05:42:55,669 [INFO] Finished inserting GCF_029536205.1
2026-03-04 05:42:56,330 [INFO] DataFrame shape before insertion: (4194, 10)
2026-03-04 05:42:56,377 [INFO] Finished inserting GCF_031582865.1
2026-03-04 05:42:57,841 [INFO] DataFrame shape before insertion: (9065, 10)
2026-03-04 05:42:57,924 [INFO] Finished inserting GCF_041346965.1
2026-03-04 05:42:58,726 [INFO] DataFrame shape before insertion: (4753, 10)
2026-03-04 05:42:58,778 [INFO] Finished inserting GCF_027186325.1
2026-03-04 05:42:59,539 [INFO] DataFrame shape before insertion: (5521, 10)
2026-03-04 05:42:59,598 [INFO] Finished inserting GCA_030544705.1
2026-03-04 05:42:59,911 [INFO] DataFrame shape before insertion: (2101, 10)
2026-03-04 05:42:59,945 [INFO] Finished inserting GCF_031445945.1
2026-03-04 05:43:00,459 [INFO] DataFrame shape before insertion: (3494, 10)
2026-03-04 05:43:00,504 [INFO] Finished inserting GCA_027920565.1
2026-03-04 05:43:01,314 [INFO] DataFrame shape before insertion: (4787, 10)
2026-03-04 05:43:01,363 [INFO] Finished inserting GCF_025946525.1
2026-03-04 05:43:01,788 [INFO] DataFrame shape before insertion: (3017, 10)
2026-03-04 05:43:01,829 [INFO] Finished inserting GCF_036322705.1
2026-03-04 05:43:02,038 [INFO] DataFrame shape before insertion: (1378, 10)
2026-03-04 05:43:02,067 [INFO] Finished inserting GCF_043161965.1
2026-03-04 05:43:03,002 [INFO] DataFrame shape before insertion: (6077, 10)
2026-03-04 05:43:03,062 [INFO] Finished inserting GCA_035203565.1
2026-03-04 05:43:03,977 [INFO] DataFrame shape before insertion: (5838, 10)
2026-03-04 05:43:04,035 [INFO] Finished inserting GCF_025452215.1
2026-03-04 05:43:04,643 [INFO] DataFrame shape before insertion: (3981, 10)
2026-03-04 05:43:04,691 [INFO] Finished inserting GCF_041729615.1
2026-03-04 05:43:05,841 [INFO] DataFrame shape before insertion: (6919, 10)
2026-03-04 05:43:05,907 [INFO] Finished inserting GCF_037201975.1
2026-03-04 05:43:06,528 [INFO] DataFrame shape before insertion: (3951, 10)
2026-03-04 05:43:06,583 [INFO] Finished inserting GCF_034376045.1
2026-03-04 05:43:07,081 [INFO] DataFrame shape before insertion: (3350, 10)
2026-03-04 05:43:07,122 [INFO] Finished inserting GCF_041318675.1
2026-03-04 05:43:07,706 [INFO] DataFrame shape before insertion: (3841, 10)
2026-03-04 05:43:07,750 [INFO] Finished inserting GCF_032075085.1
2026-03-04 05:43:08,806 [INFO] DataFrame shape before insertion: (6314, 10)
2026-03-04 05:43:08,868 [INFO] Finished inserting GCF_025452195.1
2026-03-04 05:43:09,693 [INFO] DataFrame shape before insertion: (5347, 10)
2026-03-04 05:43:09,751 [INFO] Finished inserting GCF_014171595.1
2026-03-04 05:43:10,541 [INFO] DataFrame shape before insertion: (4822, 10)
2026-03-04 05:43:10,591 [INFO] Finished inserting GCF_045586155.1
2026-03-04 05:43:11,220 [INFO] DataFrame shape before insertion: (4168, 10)
2026-03-04 05:43:11,266 [INFO] Finished inserting GCF_016743815.1
2026-03-04 05:43:11,627 [INFO] DataFrame shape before insertion: (2488, 10)
2026-03-04 05:43:11,663 [INFO] Finished inserting GCF_026914285.1
2026-03-04 05:43:13,167 [INFO] DataFrame shape before insertion: (8790, 10)
2026-03-04 05:43:13,244 [INFO] Finished inserting GCF_044056785.1
2026-03-04 05:43:13,983 [INFO] DataFrame shape before insertion: (4661, 10)
2026-03-04 05:43:14,036 [INFO] Finished inserting GCF_009667855.1
2026-03-04 05:43:14,653 [INFO] DataFrame shape before insertion: (4004, 10)
2026-03-04 05:43:14,697 [INFO] Finished inserting GCF_040112695.1
2026-03-04 05:43:15,000 [INFO] DataFrame shape before insertion: (2034, 10)
2026-03-04 05:43:15,044 [INFO] Finished inserting GCA_041937435.1
2026-03-04 05:43:15,849 [INFO] DataFrame shape before insertion: (4844, 10)
2026-03-04 05:43:15,901 [INFO] Finished inserting GCF_021768425.1
2026-03-04 05:43:16,372 [INFO] DataFrame shape before insertion: (3346, 10)
2026-03-04 05:43:16,658 [INFO] Finished inserting GCF_030296575.1
2026-03-04 05:43:16,822 [INFO] DataFrame shape before insertion: (1096, 10)
2026-03-04 05:43:16,847 [INFO] Finished inserting GCA_016699265.1
2026-03-04 05:43:17,693 [INFO] DataFrame shape before insertion: (5156, 10)
2026-03-04 05:43:17,750 [INFO] Finished inserting GCF_042494895.1
2026-03-04 05:43:18,705 [INFO] DataFrame shape before insertion: (5906, 10)
2026-03-04 05:43:18,764 [INFO] Finished inserting GCF_030915445.1
2026-03-04 05:43:19,789 [INFO] DataFrame shape before insertion: (6501, 10)
2026-03-04 05:43:19,852 [INFO] Finished inserting GCA_030913305.1
2026-03-04 05:43:20,142 [INFO] DataFrame shape before insertion: (1919, 10)
2026-03-04 05:43:20,173 [INFO] Finished inserting GCF_021513215.1
2026-03-04 05:43:20,866 [INFO] DataFrame shape before insertion: (4640, 10)
2026-03-04 05:43:20,944 [INFO] Finished inserting GCF_022591595.1
2026-03-04 05:43:21,347 [INFO] DataFrame shape before insertion: (2753, 10)
2026-03-04 05:43:21,384 [INFO] Finished inserting GCF_003008475.2
2026-03-04 05:43:22,258 [INFO] DataFrame shape before insertion: (5286, 10)
2026-03-04 05:43:22,317 [INFO] Finished inserting GCF_040932595.1
2026-03-04 05:43:23,785 [INFO] DataFrame shape before insertion: (8879, 10)
2026-03-04 05:43:23,863 [INFO] Finished inserting GCF_021899435.1
2026-03-04 05:43:24,407 [INFO] DataFrame shape before insertion: (3235, 10)
2026-03-04 05:43:24,455 [INFO] Finished inserting GCF_044502415.1
2026-03-04 05:43:24,947 [INFO] DataFrame shape before insertion: (3229, 10)
2026-03-04 05:43:24,990 [INFO] Finished inserting GCF_030296555.1
2026-03-04 05:43:25,980 [INFO] DataFrame shape before insertion: (6154, 10)
2026-03-04 05:43:26,067 [INFO] Finished inserting GCF_030123505.1
2026-03-04 05:43:26,861 [INFO] DataFrame shape before insertion: (5337, 10)
2026-03-04 05:43:26,915 [INFO] Finished inserting GCF_013256255.1
2026-03-04 05:43:27,327 [INFO] DataFrame shape before insertion: (2524, 10)
2026-03-04 05:43:27,363 [INFO] Finished inserting GCF_036420115.1
2026-03-04 05:43:28,116 [INFO] DataFrame shape before insertion: (4874, 10)
2026-03-04 05:43:28,169 [INFO] Finished inserting GCF_020386635.1
2026-03-04 05:43:29,025 [INFO] DataFrame shape before insertion: (5429, 10)
2026-03-04 05:43:29,082 [INFO] Finished inserting GCF_040801775.1
2026-03-04 05:43:29,762 [INFO] DataFrame shape before insertion: (4392, 10)
2026-03-04 05:43:29,812 [INFO] Finished inserting GCF_019355055.1
2026-03-04 05:43:31,032 [INFO] DataFrame shape before insertion: (7334, 10)
2026-03-04 05:43:31,099 [INFO] Finished inserting GCF_045865985.1
2026-03-04 05:43:31,782 [INFO] DataFrame shape before insertion: (4668, 10)
2026-03-04 05:43:31,836 [INFO] Finished inserting GCF_003994735.1
2026-03-04 05:43:32,483 [INFO] DataFrame shape before insertion: (4300, 10)
2026-03-04 05:43:32,534 [INFO] Finished inserting GCF_947090785.1
2026-03-04 05:43:33,922 [INFO] DataFrame shape before insertion: (7888, 10)
2026-03-04 05:43:33,996 [INFO] Finished inserting GCF_034562915.1
2026-03-04 05:43:34,240 [INFO] DataFrame shape before insertion: (1864, 10)
2026-03-04 05:43:34,268 [INFO] Finished inserting GCF_040364225.1
2026-03-04 05:43:35,174 [INFO] DataFrame shape before insertion: (5768, 10)
2026-03-04 05:43:35,232 [INFO] Finished inserting GCA_041002895.1
2026-03-04 05:43:35,809 [INFO] DataFrame shape before insertion: (3810, 10)
2026-03-04 05:43:35,853 [INFO] Finished inserting GCF_040833995.1
2026-03-04 05:43:36,446 [INFO] DataFrame shape before insertion: (3883, 10)
2026-03-04 05:43:36,492 [INFO] Finished inserting GCF_019891395.1
2026-03-04 05:43:37,632 [INFO] DataFrame shape before insertion: (6800, 10)
2026-03-04 05:43:37,696 [INFO] Finished inserting GCF_017569345.1
2026-03-04 05:43:38,539 [INFO] DataFrame shape before insertion: (5490, 10)
2026-03-04 05:43:38,620 [INFO] Finished inserting GCA_021065985.2
2026-03-04 05:43:39,175 [INFO] DataFrame shape before insertion: (3831, 10)
2026-03-04 05:43:39,245 [INFO] Finished inserting GCF_045040595.1
2026-03-04 05:43:40,727 [INFO] DataFrame shape before insertion: (8883, 10)
2026-03-04 05:43:40,806 [INFO] Finished inserting GCF_013414305.1
2026-03-04 05:43:41,504 [INFO] DataFrame shape before insertion: (4974, 10)
2026-03-04 05:43:41,559 [INFO] Finished inserting GCA_023612615.1
2026-03-04 05:43:42,003 [INFO] DataFrame shape before insertion: (2744, 10)
2026-03-04 05:43:42,040 [INFO] Finished inserting GCF_040409885.1
2026-03-04 05:43:42,519 [INFO] DataFrame shape before insertion: (3333, 10)
2026-03-04 05:43:42,560 [INFO] Finished inserting GCF_026104335.1
2026-03-04 05:43:42,778 [INFO] DataFrame shape before insertion: (1448, 10)
2026-03-04 05:43:42,807 [INFO] Finished inserting GCF_040790695.1
2026-03-04 05:43:43,770 [INFO] DataFrame shape before insertion: (6033, 10)
2026-03-04 05:43:43,832 [INFO] Finished inserting GCF_030123365.1
2026-03-04 05:43:44,370 [INFO] DataFrame shape before insertion: (3523, 10)
2026-03-04 05:43:44,413 [INFO] Finished inserting GCF_011046485.1
2026-03-04 05:43:45,243 [INFO] DataFrame shape before insertion: (5160, 10)
2026-03-04 05:43:45,298 [INFO] Finished inserting GCF_021278965.1
2026-03-04 05:43:45,423 [INFO] DataFrame shape before insertion: (858, 10)
2026-03-04 05:43:45,448 [INFO] Finished inserting GCF_024730665.1
2026-03-04 05:43:45,982 [INFO] DataFrame shape before insertion: (3344, 10)
2026-03-04 05:43:46,023 [INFO] Finished inserting GCF_036322735.1
2026-03-04 05:43:46,604 [INFO] DataFrame shape before insertion: (3618, 10)
2026-03-04 05:43:46,648 [INFO] Finished inserting GCF_003224315.2
2026-03-04 05:43:47,578 [INFO] DataFrame shape before insertion: (6160, 10)
2026-03-04 05:43:47,644 [INFO] Finished inserting GCA_023612115.1
2026-03-04 05:43:48,588 [INFO] DataFrame shape before insertion: (5766, 10)
2026-03-04 05:43:48,646 [INFO] Finished inserting GCF_024918355.1
2026-03-04 05:43:49,289 [INFO] DataFrame shape before insertion: (4330, 10)
2026-03-04 05:43:49,339 [INFO] Finished inserting GCF_036870955.2
2026-03-04 05:43:50,524 [INFO] DataFrame shape before insertion: (7014, 10)
2026-03-04 05:43:50,588 [INFO] Finished inserting GCF_034054735.1
2026-03-04 05:43:51,223 [INFO] DataFrame shape before insertion: (4125, 10)
2026-03-04 05:43:51,269 [INFO] Finished inserting GCF_045040605.1
2026-03-04 05:43:52,189 [INFO] DataFrame shape before insertion: (5512, 10)
2026-03-04 05:43:52,249 [INFO] Finished inserting GCF_044499395.1
2026-03-04 05:43:52,883 [INFO] DataFrame shape before insertion: (4004, 10)
2026-03-04 05:43:52,932 [INFO] Finished inserting GCF_036322645.1
2026-03-04 05:43:53,915 [INFO] DataFrame shape before insertion: (6246, 10)
2026-03-04 05:43:53,974 [INFO] Finished inserting GCF_030506325.1
2026-03-04 05:43:55,154 [INFO] DataFrame shape before insertion: (6871, 10)
2026-03-04 05:43:55,221 [INFO] Finished inserting GCF_011006355.1
2026-03-04 05:43:56,352 [INFO] DataFrame shape before insertion: (7170, 10)
2026-03-04 05:43:56,420 [INFO] Finished inserting GCF_031583065.1
2026-03-04 05:43:56,762 [INFO] DataFrame shape before insertion: (2342, 10)
2026-03-04 05:43:56,796 [INFO] Finished inserting GCF_040371335.1
2026-03-04 05:43:57,610 [INFO] DataFrame shape before insertion: (4837, 10)
2026-03-04 05:43:57,664 [INFO] Finished inserting GCF_028752395.1
2026-03-04 05:43:58,208 [INFO] DataFrame shape before insertion: (3595, 10)
2026-03-04 05:43:58,257 [INFO] Finished inserting GCA_029537295.1
2026-03-04 05:43:59,299 [INFO] DataFrame shape before insertion: (6430, 10)
2026-03-04 05:43:59,362 [INFO] Finished inserting GCF_045037875.1
2026-03-04 05:44:00,203 [INFO] DataFrame shape before insertion: (4918, 10)
2026-03-04 05:44:00,254 [INFO] Finished inserting GCF_040893145.1
Tables in the database: [('protein_cluster',), ('metadata',), ('gff',)]
2026-03-04 05:44:02,375 [INFO] SLURM_ARRAY_TASK_ID: 0
2026-03-04 05:44:02,375 [INFO] SLURM_ARRAY_TASK_COUNT: 5
2026-03-04 05:45:14,499 [INFO] Finished inserting protein_cluster
2026-03-04 05:45:16,901 [INFO] SLURM_ARRAY_TASK_ID: 0
2026-03-04 05:45:16,901 [INFO] SLURM_ARRAY_TASK_COUNT: 5
2026-03-04 05:45:18,840 [INFO] Finished inserting metadata
