2026-03-04 05:38:55,626 [INFO] SLURM_ARRAY_TASK_ID: 2
2026-03-04 05:38:55,626 [INFO] SLURM_ARRAY_TASK_COUNT: 5
2026-03-04 05:38:57,137 [INFO] Total number of assemblies: 1958
2026-03-04 05:38:57,870 [INFO] DataFrame shape before insertion: (5513, 10)
2026-03-04 05:38:57,931 [INFO] Finished inserting GCF_041154595.1
2026-03-04 05:38:59,016 [INFO] DataFrame shape before insertion: (8647, 10)
2026-03-04 05:38:59,086 [INFO] Finished inserting GCF_028198125.1
2026-03-04 05:38:59,405 [INFO] DataFrame shape before insertion: (2620, 10)
2026-03-04 05:38:59,443 [INFO] Finished inserting GCF_044596365.1
2026-03-04 05:38:59,935 [INFO] DataFrame shape before insertion: (4121, 10)
2026-03-04 05:39:00,000 [INFO] Finished inserting GCF_014622645.1
2026-03-04 05:39:00,655 [INFO] DataFrame shape before insertion: (4980, 10)
2026-03-04 05:39:00,708 [INFO] Finished inserting GCF_020520305.1
2026-03-04 05:39:01,056 [INFO] DataFrame shape before insertion: (2830, 10)
2026-03-04 05:39:01,085 [INFO] Finished inserting GCF_019822885.1
2026-03-04 05:39:01,986 [INFO] DataFrame shape before insertion: (6506, 10)
2026-03-04 05:39:02,041 [INFO] Finished inserting GCF_036894225.1
2026-03-04 05:39:02,747 [INFO] DataFrame shape before insertion: (6026, 10)
2026-03-04 05:39:02,812 [INFO] Finished inserting GCF_025643495.1
2026-03-04 05:39:03,201 [INFO] DataFrame shape before insertion: (3240, 10)
2026-03-04 05:39:03,237 [INFO] Finished inserting GCF_014884545.1
2026-03-04 05:39:03,958 [INFO] DataFrame shape before insertion: (6205, 10)
2026-03-04 05:39:04,055 [INFO] Finished inserting GCF_037023145.1
2026-03-04 05:39:04,878 [INFO] DataFrame shape before insertion: (6930, 10)
2026-03-04 05:39:04,971 [INFO] Finished inserting GCF_026802215.1
2026-03-04 05:39:05,343 [INFO] DataFrame shape before insertion: (3391, 10)
2026-03-04 05:39:05,380 [INFO] Finished inserting GCF_044598075.1
2026-03-04 05:39:05,994 [INFO] DataFrame shape before insertion: (5048, 10)
2026-03-04 05:39:06,039 [INFO] Finished inserting GCF_035749045.1
2026-03-04 05:39:06,773 [INFO] DataFrame shape before insertion: (5986, 10)
2026-03-04 05:39:06,822 [INFO] Finished inserting GCF_030123105.1
2026-03-04 05:39:07,791 [INFO] DataFrame shape before insertion: (6850, 10)
2026-03-04 05:39:07,843 [INFO] Finished inserting GCF_014489615.1
2026-03-04 05:39:08,317 [INFO] DataFrame shape before insertion: (3816, 10)
2026-03-04 05:39:08,386 [INFO] Finished inserting GCF_032924185.1
2026-03-04 05:39:08,987 [INFO] DataFrame shape before insertion: (5214, 10)
2026-03-04 05:39:09,031 [INFO] Finished inserting GCF_044499985.1
2026-03-04 05:39:09,653 [INFO] DataFrame shape before insertion: (5094, 10)
2026-03-04 05:39:09,695 [INFO] Finished inserting GCF_029866425.1
2026-03-04 05:39:10,168 [INFO] DataFrame shape before insertion: (4177, 10)
2026-03-04 05:39:10,320 [INFO] Finished inserting GCF_009497895.1
2026-03-04 05:39:10,791 [INFO] DataFrame shape before insertion: (3676, 10)
2026-03-04 05:39:10,841 [INFO] Finished inserting GCF_031326125.1
2026-03-04 05:39:11,497 [INFO] DataFrame shape before insertion: (5378, 10)
2026-03-04 05:39:11,546 [INFO] Finished inserting GCF_041956865.1
2026-03-04 05:39:12,215 [INFO] DataFrame shape before insertion: (5931, 10)
2026-03-04 05:39:12,296 [INFO] Finished inserting GCA_018310475.1
2026-03-04 05:39:12,631 [INFO] DataFrame shape before insertion: (3206, 10)
2026-03-04 05:39:12,667 [INFO] Finished inserting GCF_016250455.1
2026-03-04 05:39:13,000 [INFO] DataFrame shape before insertion: (2648, 10)
2026-03-04 05:39:13,041 [INFO] Finished inserting GCA_016887485.1
2026-03-04 05:39:13,643 [INFO] DataFrame shape before insertion: (4545, 10)
2026-03-04 05:39:13,694 [INFO] Finished inserting GCF_963311185.1
2026-03-04 05:39:14,439 [INFO] DataFrame shape before insertion: (5420, 10)
2026-03-04 05:39:14,488 [INFO] Finished inserting GCF_029537015.1
2026-03-04 05:39:14,950 [INFO] DataFrame shape before insertion: (3689, 10)
2026-03-04 05:39:14,996 [INFO] Finished inserting GCF_037023735.1
2026-03-04 05:39:15,284 [INFO] DataFrame shape before insertion: (2553, 10)
2026-03-04 05:39:15,355 [INFO] Finished inserting GCF_034373425.1
2026-03-04 05:39:15,850 [INFO] DataFrame shape before insertion: (3732, 10)
2026-03-04 05:39:15,902 [INFO] Finished inserting GCF_022759505.1
2026-03-04 05:39:16,293 [INFO] DataFrame shape before insertion: (3282, 10)
2026-03-04 05:39:16,331 [INFO] Finished inserting GCF_020162095.1
2026-03-04 05:39:16,906 [INFO] DataFrame shape before insertion: (4722, 10)
2026-03-04 05:39:16,971 [INFO] Finished inserting GCF_037081855.1
2026-03-04 05:39:17,558 [INFO] DataFrame shape before insertion: (4818, 10)
2026-03-04 05:39:17,615 [INFO] Finished inserting GCF_029536955.1
2026-03-04 05:39:17,887 [INFO] DataFrame shape before insertion: (2504, 10)
2026-03-04 05:39:17,918 [INFO] Finished inserting GCF_030758615.1
2026-03-04 05:39:18,540 [INFO] DataFrame shape before insertion: (5155, 10)
2026-03-04 05:39:18,582 [INFO] Finished inserting GCF_024628845.1
2026-03-04 05:39:18,860 [INFO] DataFrame shape before insertion: (2701, 10)
2026-03-04 05:39:18,892 [INFO] Finished inserting GCF_015654125.1
2026-03-04 05:39:19,142 [INFO] DataFrame shape before insertion: (2482, 10)
2026-03-04 05:39:19,173 [INFO] Finished inserting GCF_027941735.1
2026-03-04 05:39:19,878 [INFO] DataFrame shape before insertion: (5368, 10)
2026-03-04 05:39:19,930 [INFO] Finished inserting GCF_041870065.1
2026-03-04 05:39:20,270 [INFO] DataFrame shape before insertion: (2888, 10)
2026-03-04 05:39:20,304 [INFO] Finished inserting GCF_018389405.1
2026-03-04 05:39:20,903 [INFO] DataFrame shape before insertion: (4875, 10)
2026-03-04 05:39:20,957 [INFO] Finished inserting GCF_006351725.2
2026-03-04 05:39:21,620 [INFO] DataFrame shape before insertion: (5079, 10)
2026-03-04 05:39:21,661 [INFO] Finished inserting GCA_016699855.1
2026-03-04 05:39:22,253 [INFO] DataFrame shape before insertion: (4599, 10)
2026-03-04 05:39:22,348 [INFO] Finished inserting GCF_044336395.1
2026-03-04 05:39:23,069 [INFO] DataFrame shape before insertion: (6131, 10)
2026-03-04 05:39:23,117 [INFO] Finished inserting GCF_030123065.1
2026-03-04 05:39:23,700 [INFO] DataFrame shape before insertion: (4838, 10)
2026-03-04 05:39:23,746 [INFO] Finished inserting GCF_023151555.2
2026-03-04 05:39:24,065 [INFO] DataFrame shape before insertion: (2868, 10)
2026-03-04 05:39:24,097 [INFO] Finished inserting GCF_026240815.1
2026-03-04 05:39:24,411 [INFO] DataFrame shape before insertion: (2269, 10)
2026-03-04 05:39:24,449 [INFO] Finished inserting GCF_021957165.1
2026-03-04 05:39:24,962 [INFO] DataFrame shape before insertion: (4337, 10)
2026-03-04 05:39:25,015 [INFO] Finished inserting GCF_030219925.1
2026-03-04 05:39:26,005 [INFO] DataFrame shape before insertion: (7749, 10)
2026-03-04 05:39:26,062 [INFO] Finished inserting GCF_030719215.1
2026-03-04 05:39:26,388 [INFO] DataFrame shape before insertion: (3262, 10)
2026-03-04 05:39:26,518 [INFO] Finished inserting GCA_033170615.1
2026-03-04 05:39:27,164 [INFO] DataFrame shape before insertion: (5406, 10)
2026-03-04 05:39:27,232 [INFO] Finished inserting GCA_041475615.1
2026-03-04 05:39:27,593 [INFO] DataFrame shape before insertion: (3064, 10)
2026-03-04 05:39:27,628 [INFO] Finished inserting GCA_029961705.1
2026-03-04 05:39:28,242 [INFO] DataFrame shape before insertion: (5664, 10)
2026-03-04 05:39:28,363 [INFO] Finished inserting GCF_037327425.1
2026-03-04 05:39:28,613 [INFO] DataFrame shape before insertion: (2322, 10)
2026-03-04 05:39:28,643 [INFO] Finished inserting GCA_044336205.1
2026-03-04 05:39:29,339 [INFO] DataFrame shape before insertion: (5596, 10)
2026-03-04 05:39:29,384 [INFO] Finished inserting GCF_015910325.1
2026-03-04 05:39:30,499 [INFO] DataFrame shape before insertion: (8466, 10)
2026-03-04 05:39:30,558 [INFO] Finished inserting GCF_030719235.1
2026-03-04 05:39:31,679 [INFO] DataFrame shape before insertion: (8133, 10)
2026-03-04 05:39:31,743 [INFO] Finished inserting GCF_040254265.1
2026-03-04 05:39:32,551 [INFO] DataFrame shape before insertion: (5810, 10)
2026-03-04 05:39:32,603 [INFO] Finished inserting GCF_026240835.1
2026-03-04 05:39:33,127 [INFO] DataFrame shape before insertion: (4771, 10)
2026-03-04 05:39:33,169 [INFO] Finished inserting GCF_042140265.1
2026-03-04 05:39:33,856 [INFO] DataFrame shape before insertion: (5747, 10)
2026-03-04 05:39:33,930 [INFO] Finished inserting GCF_018672515.1
2026-03-04 05:39:34,855 [INFO] DataFrame shape before insertion: (7303, 10)
2026-03-04 05:39:34,909 [INFO] Finished inserting GCF_016772475.1
2026-03-04 05:39:35,376 [INFO] DataFrame shape before insertion: (3956, 10)
2026-03-04 05:39:35,414 [INFO] Finished inserting GCF_014679145.1
2026-03-04 05:39:35,904 [INFO] DataFrame shape before insertion: (4466, 10)
2026-03-04 05:39:35,970 [INFO] Finished inserting GCA_029961725.1
2026-03-04 05:39:36,446 [INFO] DataFrame shape before insertion: (4268, 10)
2026-03-04 05:39:36,524 [INFO] Finished inserting GCF_019623905.1
2026-03-04 05:39:36,760 [INFO] DataFrame shape before insertion: (2065, 10)
2026-03-04 05:39:36,841 [INFO] Finished inserting GCF_021654515.1
2026-03-04 05:39:37,511 [INFO] DataFrame shape before insertion: (5438, 10)
2026-03-04 05:39:37,569 [INFO] Finished inserting GCF_023278105.1
2026-03-04 05:39:38,073 [INFO] DataFrame shape before insertion: (4021, 10)
2026-03-04 05:39:38,139 [INFO] Finished inserting GCF_032925565.1
2026-03-04 05:39:38,861 [INFO] DataFrame shape before insertion: (5353, 10)
2026-03-04 05:39:38,912 [INFO] Finished inserting GCF_021869625.1
2026-03-04 05:39:39,331 [INFO] DataFrame shape before insertion: (3181, 10)
2026-03-04 05:39:39,369 [INFO] Finished inserting GCF_032769475.1
2026-03-04 05:39:39,640 [INFO] DataFrame shape before insertion: (2092, 10)
2026-03-04 05:39:39,685 [INFO] Finished inserting GCF_043162015.1
2026-03-04 05:39:40,826 [INFO] DataFrame shape before insertion: (8315, 10)
2026-03-04 05:39:40,943 [INFO] Finished inserting GCF_001854205.2
2026-03-04 05:39:41,731 [INFO] DataFrame shape before insertion: (6288, 10)
2026-03-04 05:39:41,798 [INFO] Finished inserting GCF_030323285.1
2026-03-04 05:39:42,115 [INFO] DataFrame shape before insertion: (2727, 10)
2026-03-04 05:39:42,148 [INFO] Finished inserting GCA_017134815.1
2026-03-04 05:39:42,412 [INFO] DataFrame shape before insertion: (2209, 10)
2026-03-04 05:39:42,445 [INFO] Finished inserting GCF_035658435.1
2026-03-04 05:39:42,682 [INFO] DataFrame shape before insertion: (1965, 10)
2026-03-04 05:39:42,711 [INFO] Finished inserting GCF_007923185.1
2026-03-04 05:39:43,136 [INFO] DataFrame shape before insertion: (3813, 10)
2026-03-04 05:39:43,181 [INFO] Finished inserting GCF_026240635.1
2026-03-04 05:39:43,417 [INFO] DataFrame shape before insertion: (2280, 10)
2026-03-04 05:39:43,458 [INFO] Finished inserting GCF_024220135.1
2026-03-04 05:39:44,020 [INFO] DataFrame shape before insertion: (4496, 10)
2026-03-04 05:39:44,061 [INFO] Finished inserting GCF_016811995.1
2026-03-04 05:39:44,329 [INFO] DataFrame shape before insertion: (2493, 10)
2026-03-04 05:39:44,361 [INFO] Finished inserting GCF_046097215.1
2026-03-04 05:39:44,978 [INFO] DataFrame shape before insertion: (5099, 10)
2026-03-04 05:39:45,020 [INFO] Finished inserting GCF_045257735.1
2026-03-04 05:39:45,785 [INFO] DataFrame shape before insertion: (6592, 10)
2026-03-04 05:39:45,863 [INFO] Finished inserting GCF_022220465.1
2026-03-04 05:39:46,257 [INFO] DataFrame shape before insertion: (3516, 10)
2026-03-04 05:39:46,314 [INFO] Finished inserting GCF_030913345.1
2026-03-04 05:39:46,819 [INFO] DataFrame shape before insertion: (3872, 10)
2026-03-04 05:39:46,862 [INFO] Finished inserting GCF_016925595.1
2026-03-04 05:39:47,259 [INFO] DataFrame shape before insertion: (3400, 10)
2026-03-04 05:39:47,314 [INFO] Finished inserting GCF_017579825.1
2026-03-04 05:39:47,557 [INFO] DataFrame shape before insertion: (1785, 10)
2026-03-04 05:39:47,610 [INFO] Finished inserting GCF_031190595.1
2026-03-04 05:39:48,124 [INFO] DataFrame shape before insertion: (4437, 10)
2026-03-04 05:39:48,188 [INFO] Finished inserting GCF_036670015.1
2026-03-04 05:39:48,623 [INFO] DataFrame shape before insertion: (3265, 10)
2026-03-04 05:39:48,658 [INFO] Finished inserting GCA_030252205.1
2026-03-04 05:39:48,813 [INFO] DataFrame shape before insertion: (1685, 10)
2026-03-04 05:39:48,839 [INFO] Finished inserting GCF_029011845.1
2026-03-04 05:39:49,497 [INFO] DataFrame shape before insertion: (5925, 10)
2026-03-04 05:39:49,543 [INFO] Finished inserting GCF_041228775.1
2026-03-04 05:39:50,055 [INFO] DataFrame shape before insertion: (4494, 10)
2026-03-04 05:39:50,095 [INFO] Finished inserting GCA_023213195.1
2026-03-04 05:39:50,679 [INFO] DataFrame shape before insertion: (5303, 10)
2026-03-04 05:39:50,873 [INFO] Finished inserting GCF_042232855.1
2026-03-04 05:39:51,726 [INFO] DataFrame shape before insertion: (6298, 10)
2026-03-04 05:39:51,785 [INFO] Finished inserting GCF_030127045.1
2026-03-04 05:39:52,400 [INFO] DataFrame shape before insertion: (5237, 10)
2026-03-04 05:39:52,446 [INFO] Finished inserting GCF_037948395.1
2026-03-04 05:39:52,808 [INFO] DataFrame shape before insertion: (3216, 10)
2026-03-04 05:39:52,842 [INFO] Finished inserting GCF_021398715.1
2026-03-04 05:39:53,811 [INFO] DataFrame shape before insertion: (7926, 10)
2026-03-04 05:39:53,869 [INFO] Finished inserting GCF_018223725.1
2026-03-04 05:39:54,069 [INFO] DataFrame shape before insertion: (1592, 10)
2026-03-04 05:39:54,102 [INFO] Finished inserting GCF_031205055.1
2026-03-04 05:39:54,451 [INFO] DataFrame shape before insertion: (2749, 10)
2026-03-04 05:39:54,487 [INFO] Finished inserting GCF_030517105.1
2026-03-04 05:39:55,126 [INFO] DataFrame shape before insertion: (4932, 10)
2026-03-04 05:39:55,187 [INFO] Finished inserting GCF_025997855.1
2026-03-04 05:39:55,373 [INFO] DataFrame shape before insertion: (1317, 10)
2026-03-04 05:39:55,397 [INFO] Finished inserting GCF_032848195.1
2026-03-04 05:39:55,493 [INFO] DataFrame shape before insertion: (885, 10)
2026-03-04 05:39:55,514 [INFO] Finished inserting GCA_016699915.1
2026-03-04 05:39:56,278 [INFO] DataFrame shape before insertion: (6172, 10)
2026-03-04 05:39:56,338 [INFO] Finished inserting GCF_022059845.1
2026-03-04 05:39:56,584 [INFO] DataFrame shape before insertion: (2286, 10)
2026-03-04 05:39:56,612 [INFO] Finished inserting GCF_027116455.1
2026-03-04 05:39:57,021 [INFO] DataFrame shape before insertion: (2973, 10)
2026-03-04 05:39:57,054 [INFO] Finished inserting GCF_041429775.1
2026-03-04 05:39:57,770 [INFO] DataFrame shape before insertion: (5546, 10)
2026-03-04 05:39:57,832 [INFO] Finished inserting GCF_025732135.1
2026-03-04 05:39:58,086 [INFO] DataFrame shape before insertion: (2035, 10)
2026-03-04 05:39:58,123 [INFO] Finished inserting GCF_040364775.1
2026-03-04 05:39:58,350 [INFO] DataFrame shape before insertion: (2002, 10)
2026-03-04 05:39:58,378 [INFO] Finished inserting GCF_036323455.1
2026-03-04 05:39:59,532 [INFO] DataFrame shape before insertion: (8723, 10)
2026-03-04 05:39:59,594 [INFO] Finished inserting GCF_031593255.1
2026-03-04 05:40:00,302 [INFO] DataFrame shape before insertion: (5868, 10)
2026-03-04 05:40:00,348 [INFO] Finished inserting GCF_016599655.1
2026-03-04 05:40:00,842 [INFO] DataFrame shape before insertion: (4467, 10)
2026-03-04 05:40:00,961 [INFO] Finished inserting GCF_036865545.1
2026-03-04 05:40:01,490 [INFO] DataFrame shape before insertion: (4826, 10)
2026-03-04 05:40:01,546 [INFO] Finished inserting GCF_024758965.1
2026-03-04 05:40:01,853 [INFO] DataFrame shape before insertion: (2788, 10)
2026-03-04 05:40:01,883 [INFO] Finished inserting GCF_040409905.1
2026-03-04 05:40:02,325 [INFO] DataFrame shape before insertion: (3814, 10)
2026-03-04 05:40:02,387 [INFO] Finished inserting GCF_032842945.2
2026-03-04 05:40:02,689 [INFO] DataFrame shape before insertion: (2397, 10)
2026-03-04 05:40:02,726 [INFO] Finished inserting GCF_902702935.1
2026-03-04 05:40:03,790 [INFO] DataFrame shape before insertion: (7738, 10)
2026-03-04 05:40:03,876 [INFO] Finished inserting GCF_020026305.1
2026-03-04 05:40:04,459 [INFO] DataFrame shape before insertion: (4939, 10)
2026-03-04 05:40:04,502 [INFO] Finished inserting GCF_021462285.1
2026-03-04 05:40:04,981 [INFO] DataFrame shape before insertion: (4326, 10)
2026-03-04 05:40:05,021 [INFO] Finished inserting GCF_964186625.1
2026-03-04 05:40:05,397 [INFO] DataFrame shape before insertion: (3375, 10)
2026-03-04 05:40:05,431 [INFO] Finished inserting GCF_042695135.1
2026-03-04 05:40:05,803 [INFO] DataFrame shape before insertion: (3288, 10)
2026-03-04 05:40:05,840 [INFO] Finished inserting GCF_044594645.1
2026-03-04 05:40:06,052 [INFO] DataFrame shape before insertion: (1789, 10)
2026-03-04 05:40:06,076 [INFO] Finished inserting GCF_028750955.1
2026-03-04 05:40:06,642 [INFO] DataFrame shape before insertion: (5144, 10)
2026-03-04 05:40:06,686 [INFO] Finished inserting GCF_042019215.1
2026-03-04 05:40:07,290 [INFO] DataFrame shape before insertion: (5038, 10)
2026-03-04 05:40:07,330 [INFO] Finished inserting GCF_040412085.2
2026-03-04 05:40:07,768 [INFO] DataFrame shape before insertion: (3905, 10)
2026-03-04 05:40:07,807 [INFO] Finished inserting GCF_007859675.1
2026-03-04 05:40:08,426 [INFO] DataFrame shape before insertion: (4961, 10)
2026-03-04 05:40:08,470 [INFO] Finished inserting GCF_019968765.1
2026-03-04 05:40:08,816 [INFO] DataFrame shape before insertion: (3543, 10)
2026-03-04 05:40:08,848 [INFO] Finished inserting GCF_027474845.2
2026-03-04 05:40:09,458 [INFO] DataFrame shape before insertion: (5346, 10)
2026-03-04 05:40:09,530 [INFO] Finished inserting GCA_024125655.1
2026-03-04 05:40:09,908 [INFO] DataFrame shape before insertion: (3426, 10)
2026-03-04 05:40:09,956 [INFO] Finished inserting GCA_039880265.1
2026-03-04 05:40:10,114 [INFO] DataFrame shape before insertion: (1372, 10)
2026-03-04 05:40:10,139 [INFO] Finished inserting GCA_016864895.1
2026-03-04 05:40:10,656 [INFO] DataFrame shape before insertion: (4310, 10)
2026-03-04 05:40:10,745 [INFO] Finished inserting GCF_017577085.1
2026-03-04 05:40:11,327 [INFO] DataFrame shape before insertion: (5138, 10)
2026-03-04 05:40:11,370 [INFO] Finished inserting GCF_018516785.1
2026-03-04 05:40:11,925 [INFO] DataFrame shape before insertion: (4656, 10)
2026-03-04 05:40:12,245 [INFO] Finished inserting GCA_010451275.2
2026-03-04 05:40:13,304 [INFO] DataFrame shape before insertion: (7655, 10)
2026-03-04 05:40:13,363 [INFO] Finished inserting GCF_045690365.1
2026-03-04 05:40:14,008 [INFO] DataFrame shape before insertion: (5292, 10)
2026-03-04 05:40:14,059 [INFO] Finished inserting GCF_030123385.1
2026-03-04 05:40:14,704 [INFO] DataFrame shape before insertion: (5051, 10)
2026-03-04 05:40:14,742 [INFO] Finished inserting GCF_030517155.1
2026-03-04 05:40:14,907 [INFO] DataFrame shape before insertion: (1268, 10)
2026-03-04 05:40:14,925 [INFO] Finished inserting GCA_042995305.1
2026-03-04 05:40:15,728 [INFO] DataFrame shape before insertion: (6288, 10)
2026-03-04 05:40:15,781 [INFO] Finished inserting GCF_013284245.2
2026-03-04 05:40:16,301 [INFO] DataFrame shape before insertion: (4609, 10)
2026-03-04 05:40:16,361 [INFO] Finished inserting GCF_027941955.1
2026-03-04 05:40:17,310 [INFO] DataFrame shape before insertion: (7777, 10)
2026-03-04 05:40:17,366 [INFO] Finished inserting GCF_026239515.1
2026-03-04 05:40:17,790 [INFO] DataFrame shape before insertion: (3732, 10)
2026-03-04 05:40:17,828 [INFO] Finished inserting GCF_025502585.1
2026-03-04 05:40:18,252 [INFO] DataFrame shape before insertion: (3668, 10)
2026-03-04 05:40:18,286 [INFO] Finished inserting GCF_024918935.1
2026-03-04 05:40:18,807 [INFO] DataFrame shape before insertion: (4582, 10)
2026-03-04 05:40:18,847 [INFO] Finished inserting GCF_029320885.1
2026-03-04 05:40:19,785 [INFO] DataFrame shape before insertion: (7682, 10)
2026-03-04 05:40:19,842 [INFO] Finished inserting GCF_030719275.1
2026-03-04 05:40:20,106 [INFO] DataFrame shape before insertion: (2272, 10)
2026-03-04 05:40:20,134 [INFO] Finished inserting GCF_022808015.1
2026-03-04 05:40:20,739 [INFO] DataFrame shape before insertion: (4795, 10)
2026-03-04 05:40:20,775 [INFO] Finished inserting GCF_024508255.1
2026-03-04 05:40:21,472 [INFO] DataFrame shape before insertion: (5604, 10)
2026-03-04 05:40:21,552 [INFO] Finished inserting GCF_006171285.1
2026-03-04 05:40:22,023 [INFO] DataFrame shape before insertion: (4148, 10)
2026-03-04 05:40:22,061 [INFO] Finished inserting GCF_020524085.2
2026-03-04 05:40:22,830 [INFO] DataFrame shape before insertion: (6294, 10)
2026-03-04 05:40:22,874 [INFO] Finished inserting GCF_045348645.1
2026-03-04 05:40:23,291 [INFO] DataFrame shape before insertion: (3506, 10)
2026-03-04 05:40:23,323 [INFO] Finished inserting GCF_032923285.1
2026-03-04 05:40:23,801 [INFO] DataFrame shape before insertion: (4304, 10)
2026-03-04 05:40:23,837 [INFO] Finished inserting GCF_033194995.1
2026-03-04 05:40:24,212 [INFO] DataFrame shape before insertion: (3443, 10)
2026-03-04 05:40:24,242 [INFO] Finished inserting GCF_044594925.1
2026-03-04 05:40:24,746 [INFO] DataFrame shape before insertion: (4522, 10)
2026-03-04 05:40:24,784 [INFO] Finished inserting GCF_036865555.1
2026-03-04 05:40:25,147 [INFO] DataFrame shape before insertion: (3168, 10)
2026-03-04 05:40:25,176 [INFO] Finished inserting GCF_030296755.1
2026-03-04 05:40:25,911 [INFO] DataFrame shape before insertion: (5348, 10)
2026-03-04 05:40:25,977 [INFO] Finished inserting GCF_040784925.1
2026-03-04 05:40:26,552 [INFO] DataFrame shape before insertion: (4975, 10)
2026-03-04 05:40:26,588 [INFO] Finished inserting GCF_019039255.1
2026-03-04 05:40:27,000 [INFO] DataFrame shape before insertion: (3773, 10)
2026-03-04 05:40:27,030 [INFO] Finished inserting GCF_031583575.1
2026-03-04 05:40:27,885 [INFO] DataFrame shape before insertion: (6167, 10)
2026-03-04 05:40:27,961 [INFO] Finished inserting GCF_030292135.1
2026-03-04 05:40:28,280 [INFO] DataFrame shape before insertion: (2788, 10)
2026-03-04 05:40:28,326 [INFO] Finished inserting GCF_023373765.1
2026-03-04 05:40:28,829 [INFO] DataFrame shape before insertion: (3802, 10)
2026-03-04 05:40:28,869 [INFO] Finished inserting GCF_026168515.1
2026-03-04 05:40:29,126 [INFO] DataFrame shape before insertion: (2682, 10)
2026-03-04 05:40:29,152 [INFO] Finished inserting GCA_016699815.1
2026-03-04 05:40:29,571 [INFO] DataFrame shape before insertion: (3754, 10)
2026-03-04 05:40:29,645 [INFO] Finished inserting GCF_041956835.1
2026-03-04 05:40:30,251 [INFO] DataFrame shape before insertion: (4491, 10)
2026-03-04 05:40:30,288 [INFO] Finished inserting GCF_040760075.1
2026-03-04 05:40:30,577 [INFO] DataFrame shape before insertion: (2602, 10)
2026-03-04 05:40:30,604 [INFO] Finished inserting GCF_027941775.1
2026-03-04 05:40:30,917 [INFO] DataFrame shape before insertion: (2990, 10)
2026-03-04 05:40:30,950 [INFO] Finished inserting GCF_040409935.1
2026-03-04 05:40:31,291 [INFO] DataFrame shape before insertion: (3217, 10)
2026-03-04 05:40:31,330 [INFO] Finished inserting GCA_020683205.1
2026-03-04 05:40:31,742 [INFO] DataFrame shape before insertion: (3463, 10)
2026-03-04 05:40:31,771 [INFO] Finished inserting GCF_033110285.1
2026-03-04 05:40:32,016 [INFO] DataFrame shape before insertion: (2374, 10)
2026-03-04 05:40:32,057 [INFO] Finished inserting GCA_045689595.1
2026-03-04 05:40:32,532 [INFO] DataFrame shape before insertion: (4227, 10)
2026-03-04 05:40:32,569 [INFO] Finished inserting GCF_030016185.2
2026-03-04 05:40:33,101 [INFO] DataFrame shape before insertion: (4331, 10)
2026-03-04 05:40:33,184 [INFO] Finished inserting GCF_014168535.1
2026-03-04 05:40:33,464 [INFO] DataFrame shape before insertion: (2341, 10)
2026-03-04 05:40:33,528 [INFO] Finished inserting GCF_041344845.1
2026-03-04 05:40:34,234 [INFO] DataFrame shape before insertion: (5878, 10)
2026-03-04 05:40:34,303 [INFO] Finished inserting GCF_017607425.1
2026-03-04 05:40:34,567 [INFO] DataFrame shape before insertion: (2227, 10)
2026-03-04 05:40:34,601 [INFO] Finished inserting GCF_046097415.1
2026-03-04 05:40:35,685 [INFO] DataFrame shape before insertion: (8182, 10)
2026-03-04 05:40:35,738 [INFO] Finished inserting GCF_045291515.1
2026-03-04 05:40:36,016 [INFO] DataFrame shape before insertion: (2803, 10)
2026-03-04 05:40:36,044 [INFO] Finished inserting GCA_045278705.1
2026-03-04 05:40:36,614 [INFO] DataFrame shape before insertion: (4692, 10)
2026-03-04 05:40:36,660 [INFO] Finished inserting GCF_017742995.1
2026-03-04 05:40:37,437 [INFO] DataFrame shape before insertion: (6699, 10)
2026-03-04 05:40:37,490 [INFO] Finished inserting GCF_029215815.1
2026-03-04 05:40:38,082 [INFO] DataFrame shape before insertion: (5336, 10)
2026-03-04 05:40:38,129 [INFO] Finished inserting GCA_002886105.1
2026-03-04 05:40:38,513 [INFO] DataFrame shape before insertion: (3194, 10)
2026-03-04 05:40:38,546 [INFO] Finished inserting GCF_024362365.1
2026-03-04 05:40:38,639 [INFO] DataFrame shape before insertion: (979, 10)
2026-03-04 05:40:38,729 [INFO] Finished inserting GCF_027942315.1
2026-03-04 05:40:39,162 [INFO] DataFrame shape before insertion: (3764, 10)
2026-03-04 05:40:39,199 [INFO] Finished inserting GCF_014400405.1
2026-03-04 05:40:39,871 [INFO] DataFrame shape before insertion: (5569, 10)
2026-03-04 05:40:39,932 [INFO] Finished inserting GCF_030122765.1
2026-03-04 05:40:41,012 [INFO] DataFrame shape before insertion: (8326, 10)
2026-03-04 05:40:41,073 [INFO] Finished inserting GCF_032105745.1
2026-03-04 05:40:41,623 [INFO] DataFrame shape before insertion: (4234, 10)
2026-03-04 05:40:41,662 [INFO] Finished inserting GCF_030643805.1
2026-03-04 05:40:41,923 [INFO] DataFrame shape before insertion: (2531, 10)
2026-03-04 05:40:41,955 [INFO] Finished inserting GCF_021513155.1
2026-03-04 05:40:42,289 [INFO] DataFrame shape before insertion: (2356, 10)
2026-03-04 05:40:42,320 [INFO] Finished inserting GCF_021952485.1
2026-03-04 05:40:42,894 [INFO] DataFrame shape before insertion: (4602, 10)
2026-03-04 05:40:43,013 [INFO] Finished inserting GCF_009832885.1
2026-03-04 05:40:43,496 [INFO] DataFrame shape before insertion: (4174, 10)
2026-03-04 05:40:43,536 [INFO] Finished inserting GCF_045184165.1
2026-03-04 05:40:43,874 [INFO] DataFrame shape before insertion: (3181, 10)
2026-03-04 05:40:43,933 [INFO] Finished inserting GCA_016700055.1
2026-03-04 05:40:44,655 [INFO] DataFrame shape before insertion: (6002, 10)
2026-03-04 05:40:44,707 [INFO] Finished inserting GCF_028421645.1
2026-03-04 05:40:45,084 [INFO] DataFrame shape before insertion: (3017, 10)
2026-03-04 05:40:45,121 [INFO] Finished inserting GCF_964186585.1
2026-03-04 05:40:45,878 [INFO] DataFrame shape before insertion: (6335, 10)
2026-03-04 05:40:45,932 [INFO] Finished inserting GCF_038246755.1
2026-03-04 05:40:46,544 [INFO] DataFrame shape before insertion: (5128, 10)
2026-03-04 05:40:46,591 [INFO] Finished inserting GCF_008931465.1
2026-03-04 05:40:47,181 [INFO] DataFrame shape before insertion: (4402, 10)
2026-03-04 05:40:47,224 [INFO] Finished inserting GCF_030915485.1
2026-03-04 05:40:47,953 [INFO] DataFrame shape before insertion: (6229, 10)
2026-03-04 05:40:48,004 [INFO] Finished inserting GCF_039134555.1
2026-03-04 05:40:48,483 [INFO] DataFrame shape before insertion: (4201, 10)
2026-03-04 05:40:48,523 [INFO] Finished inserting GCF_037076455.1
2026-03-04 05:40:48,952 [INFO] DataFrame shape before insertion: (3966, 10)
2026-03-04 05:40:48,994 [INFO] Finished inserting GCF_024296865.1
2026-03-04 05:40:50,505 [INFO] DataFrame shape before insertion: (12049, 10)
2026-03-04 05:40:50,585 [INFO] Finished inserting GCA_012275145.2
2026-03-04 05:40:51,229 [INFO] DataFrame shape before insertion: (5703, 10)
2026-03-04 05:40:51,275 [INFO] Finished inserting GCF_905175355.1
2026-03-04 05:40:51,735 [INFO] DataFrame shape before insertion: (4167, 10)
2026-03-04 05:40:51,778 [INFO] Finished inserting GCF_961514395.1
2026-03-04 05:40:52,103 [INFO] DataFrame shape before insertion: (2956, 10)
2026-03-04 05:40:52,137 [INFO] Finished inserting GCA_016699285.1
2026-03-04 05:40:52,873 [INFO] DataFrame shape before insertion: (5944, 10)
2026-03-04 05:40:52,924 [INFO] Finished inserting GCF_033802785.1
2026-03-04 05:40:53,226 [INFO] DataFrame shape before insertion: (2981, 10)
2026-03-04 05:40:53,259 [INFO] Finished inserting GCA_039237145.1
2026-03-04 05:40:53,912 [INFO] DataFrame shape before insertion: (5591, 10)
2026-03-04 05:40:53,966 [INFO] Finished inserting GCF_040438925.1
2026-03-04 05:40:54,345 [INFO] DataFrame shape before insertion: (3294, 10)
2026-03-04 05:40:54,407 [INFO] Finished inserting GCF_015140455.1
2026-03-04 05:40:54,785 [INFO] DataFrame shape before insertion: (3184, 10)
2026-03-04 05:40:54,820 [INFO] Finished inserting GCF_041429785.1
2026-03-04 05:40:55,371 [INFO] DataFrame shape before insertion: (4507, 10)
2026-03-04 05:40:55,431 [INFO] Finished inserting GCF_029398215.1
2026-03-04 05:40:55,972 [INFO] DataFrame shape before insertion: (4769, 10)
2026-03-04 05:40:56,040 [INFO] Finished inserting GCF_006228345.1
2026-03-04 05:40:56,417 [INFO] DataFrame shape before insertion: (3783, 10)
2026-03-04 05:40:56,481 [INFO] Finished inserting GCF_030123425.1
2026-03-04 05:40:56,771 [INFO] DataFrame shape before insertion: (2538, 10)
2026-03-04 05:40:56,798 [INFO] Finished inserting GCF_044051705.1
2026-03-04 05:40:57,040 [INFO] DataFrame shape before insertion: (2193, 10)
2026-03-04 05:40:57,152 [INFO] Finished inserting GCF_046097395.1
2026-03-04 05:40:57,862 [INFO] DataFrame shape before insertion: (5874, 10)
2026-03-04 05:40:57,952 [INFO] Finished inserting GCF_009857095.1
2026-03-04 05:40:58,662 [INFO] DataFrame shape before insertion: (5819, 10)
2026-03-04 05:40:58,733 [INFO] Finished inserting GCF_039697315.1
2026-03-04 05:40:59,017 [INFO] DataFrame shape before insertion: (2692, 10)
2026-03-04 05:40:59,050 [INFO] Finished inserting GCF_045038405.1
2026-03-04 05:40:59,658 [INFO] DataFrame shape before insertion: (5158, 10)
2026-03-04 05:40:59,720 [INFO] Finished inserting GCF_042854845.1
2026-03-04 05:41:00,577 [INFO] DataFrame shape before insertion: (6561, 10)
2026-03-04 05:41:00,659 [INFO] Finished inserting GCF_044029435.1
2026-03-04 05:41:00,966 [INFO] DataFrame shape before insertion: (3229, 10)
2026-03-04 05:41:00,995 [INFO] Finished inserting GCA_013693735.1
2026-03-04 05:41:01,699 [INFO] DataFrame shape before insertion: (5554, 10)
2026-03-04 05:41:01,751 [INFO] Finished inserting GCF_024758225.1
2026-03-04 05:41:02,482 [INFO] DataFrame shape before insertion: (5354, 10)
2026-03-04 05:41:02,532 [INFO] Finished inserting GCF_021216675.1
2026-03-04 05:41:03,050 [INFO] DataFrame shape before insertion: (4463, 10)
2026-03-04 05:41:03,090 [INFO] Finished inserting GCA_013347225.1
2026-03-04 05:41:03,706 [INFO] DataFrame shape before insertion: (5441, 10)
2026-03-04 05:41:03,750 [INFO] Finished inserting GCF_009429025.1
2026-03-04 05:41:04,213 [INFO] DataFrame shape before insertion: (3988, 10)
2026-03-04 05:41:04,254 [INFO] Finished inserting GCF_003860305.1
2026-03-04 05:41:05,215 [INFO] DataFrame shape before insertion: (7298, 10)
2026-03-04 05:41:05,274 [INFO] Finished inserting GCF_027942015.1
2026-03-04 05:41:05,620 [INFO] DataFrame shape before insertion: (3290, 10)
2026-03-04 05:41:05,699 [INFO] Finished inserting GCF_036322605.1
2026-03-04 05:41:06,144 [INFO] DataFrame shape before insertion: (4069, 10)
2026-03-04 05:41:06,182 [INFO] Finished inserting GCA_046113265.1
2026-03-04 05:41:06,860 [INFO] DataFrame shape before insertion: (5675, 10)
2026-03-04 05:41:06,907 [INFO] Finished inserting GCF_029537235.1
2026-03-04 05:41:07,392 [INFO] DataFrame shape before insertion: (4443, 10)
2026-03-04 05:41:07,435 [INFO] Finished inserting GCF_020428325.2
2026-03-04 05:41:07,982 [INFO] DataFrame shape before insertion: (4709, 10)
2026-03-04 05:41:08,035 [INFO] Finished inserting GCF_026278345.1
2026-03-04 05:41:08,451 [INFO] DataFrame shape before insertion: (3489, 10)
2026-03-04 05:41:08,486 [INFO] Finished inserting GCF_030505395.1
2026-03-04 05:41:08,748 [INFO] DataFrame shape before insertion: (2411, 10)
2026-03-04 05:41:08,773 [INFO] Finished inserting GCF_030291915.1
2026-03-04 05:41:09,237 [INFO] DataFrame shape before insertion: (4048, 10)
2026-03-04 05:41:09,279 [INFO] Finished inserting GCF_038069655.2
2026-03-04 05:41:09,697 [INFO] DataFrame shape before insertion: (3074, 10)
2026-03-04 05:41:09,734 [INFO] Finished inserting GCF_028747645.1
2026-03-04 05:41:10,065 [INFO] DataFrame shape before insertion: (3252, 10)
2026-03-04 05:41:10,098 [INFO] Finished inserting GCF_022429645.1
2026-03-04 05:41:10,828 [INFO] DataFrame shape before insertion: (5549, 10)
2026-03-04 05:41:10,954 [INFO] Finished inserting GCF_018199955.1
2026-03-04 05:41:11,316 [INFO] DataFrame shape before insertion: (3228, 10)
2026-03-04 05:41:11,351 [INFO] Finished inserting GCA_038446615.1
2026-03-04 05:41:11,847 [INFO] DataFrame shape before insertion: (4351, 10)
2026-03-04 05:41:11,887 [INFO] Finished inserting GCF_021729945.1
2026-03-04 05:41:12,808 [INFO] DataFrame shape before insertion: (7430, 10)
2026-03-04 05:41:12,863 [INFO] Finished inserting GCF_029910215.1
2026-03-04 05:41:13,413 [INFO] DataFrame shape before insertion: (4983, 10)
2026-03-04 05:41:13,456 [INFO] Finished inserting GCF_023278085.1
2026-03-04 05:41:14,016 [INFO] DataFrame shape before insertion: (4738, 10)
2026-03-04 05:41:14,085 [INFO] Finished inserting GCF_044500595.1
2026-03-04 05:41:14,740 [INFO] DataFrame shape before insertion: (5280, 10)
2026-03-04 05:41:14,783 [INFO] Finished inserting GCF_034377285.1
2026-03-04 05:41:15,914 [INFO] DataFrame shape before insertion: (9074, 10)
2026-03-04 05:41:15,979 [INFO] Finished inserting GCF_040782645.1
2026-03-04 05:41:16,542 [INFO] DataFrame shape before insertion: (4691, 10)
2026-03-04 05:41:16,592 [INFO] Finished inserting GCF_037213995.1
2026-03-04 05:41:17,276 [INFO] DataFrame shape before insertion: (5137, 10)
2026-03-04 05:41:17,322 [INFO] Finished inserting GCF_030915405.1
2026-03-04 05:41:18,042 [INFO] DataFrame shape before insertion: (5452, 10)
2026-03-04 05:41:18,139 [INFO] Finished inserting GCF_028743655.1
2026-03-04 05:41:19,058 [INFO] DataFrame shape before insertion: (6670, 10)
2026-03-04 05:41:19,118 [INFO] Finished inserting GCF_031344995.1
2026-03-04 05:41:19,135 [INFO] DataFrame shape before insertion: (115, 10)
2026-03-04 05:41:19,144 [INFO] Finished inserting GCA_964022915.1
2026-03-04 05:41:19,768 [INFO] DataFrame shape before insertion: (4475, 10)
2026-03-04 05:41:19,810 [INFO] Finished inserting GCF_032924845.1
2026-03-04 05:41:20,345 [INFO] DataFrame shape before insertion: (4326, 10)
2026-03-04 05:41:20,384 [INFO] Finished inserting GCF_030291015.1
2026-03-04 05:41:21,455 [INFO] DataFrame shape before insertion: (7794, 10)
2026-03-04 05:41:21,511 [INFO] Finished inserting GCF_032917985.1
2026-03-04 05:41:22,287 [INFO] DataFrame shape before insertion: (6475, 10)
2026-03-04 05:41:22,377 [INFO] Finished inserting GCF_013822785.1
2026-03-04 05:41:23,391 [INFO] DataFrame shape before insertion: (8242, 10)
2026-03-04 05:41:23,449 [INFO] Finished inserting GCF_042465085.1
2026-03-04 05:41:23,767 [INFO] DataFrame shape before insertion: (3083, 10)
2026-03-04 05:41:23,835 [INFO] Finished inserting GCF_041429795.1
2026-03-04 05:41:24,203 [INFO] DataFrame shape before insertion: (2813, 10)
2026-03-04 05:41:24,239 [INFO] Finished inserting GCF_044324945.1
2026-03-04 05:41:24,520 [INFO] DataFrame shape before insertion: (2800, 10)
2026-03-04 05:41:24,551 [INFO] Finished inserting GCA_042140085.1
2026-03-04 05:41:25,174 [INFO] DataFrame shape before insertion: (5025, 10)
2026-03-04 05:41:25,268 [INFO] Finished inserting GCF_022344005.1
2026-03-04 05:41:26,379 [INFO] DataFrame shape before insertion: (8559, 10)
2026-03-04 05:41:26,458 [INFO] Finished inserting GCF_013393905.1
2026-03-04 05:41:27,157 [INFO] DataFrame shape before insertion: (5695, 10)
2026-03-04 05:41:27,201 [INFO] Finished inserting GCF_006094295.1
2026-03-04 05:41:27,839 [INFO] DataFrame shape before insertion: (4810, 10)
2026-03-04 05:41:27,881 [INFO] Finished inserting GCF_041117435.1
2026-03-04 05:41:28,248 [INFO] DataFrame shape before insertion: (3655, 10)
2026-03-04 05:41:28,284 [INFO] Finished inserting GCF_021535045.1
2026-03-04 05:41:28,597 [INFO] DataFrame shape before insertion: (2645, 10)
2026-03-04 05:41:28,629 [INFO] Finished inserting GCF_020535165.1
2026-03-04 05:41:29,145 [INFO] DataFrame shape before insertion: (4540, 10)
2026-03-04 05:41:29,187 [INFO] Finished inserting GCF_022871065.1
2026-03-04 05:41:29,600 [INFO] DataFrame shape before insertion: (3723, 10)
2026-03-04 05:41:29,636 [INFO] Finished inserting GCF_037076585.1
2026-03-04 05:41:30,347 [INFO] DataFrame shape before insertion: (6151, 10)
2026-03-04 05:41:30,394 [INFO] Finished inserting GCF_023824095.1
2026-03-04 05:41:30,712 [INFO] DataFrame shape before insertion: (2613, 10)
2026-03-04 05:41:30,743 [INFO] Finished inserting GCF_022811525.1
2026-03-04 05:41:31,022 [INFO] DataFrame shape before insertion: (2599, 10)
2026-03-04 05:41:31,088 [INFO] Finished inserting GCF_030503795.1
2026-03-04 05:41:31,455 [INFO] DataFrame shape before insertion: (3104, 10)
2026-03-04 05:41:31,511 [INFO] Finished inserting GCF_030908465.1
2026-03-04 05:41:32,120 [INFO] DataFrame shape before insertion: (5453, 10)
2026-03-04 05:41:32,191 [INFO] Finished inserting GCF_038396765.1
2026-03-04 05:41:32,524 [INFO] DataFrame shape before insertion: (3155, 10)
2026-03-04 05:41:32,557 [INFO] Finished inserting GCF_034372165.1
2026-03-04 05:41:33,017 [INFO] DataFrame shape before insertion: (3599, 10)
2026-03-04 05:41:33,063 [INFO] Finished inserting GCF_014274685.1
2026-03-04 05:41:33,782 [INFO] DataFrame shape before insertion: (4959, 10)
2026-03-04 05:41:33,885 [INFO] Finished inserting GCF_034424255.1
2026-03-04 05:41:34,106 [INFO] DataFrame shape before insertion: (1857, 10)
2026-03-04 05:41:34,135 [INFO] Finished inserting GCF_964340835.1
2026-03-04 05:41:34,611 [INFO] DataFrame shape before insertion: (3881, 10)
2026-03-04 05:41:34,652 [INFO] Finished inserting GCF_001468185.2
2026-03-04 05:41:35,200 [INFO] DataFrame shape before insertion: (4759, 10)
2026-03-04 05:41:35,283 [INFO] Finished inserting GCF_033122725.1
2026-03-04 05:41:35,351 [INFO] DataFrame shape before insertion: (641, 10)
2026-03-04 05:41:35,372 [INFO] Finished inserting GCF_024205245.1
2026-03-04 05:41:35,958 [INFO] DataFrame shape before insertion: (4907, 10)
2026-03-04 05:41:36,015 [INFO] Finished inserting GCF_030995105.1
2026-03-04 05:41:36,445 [INFO] DataFrame shape before insertion: (3635, 10)
2026-03-04 05:41:36,481 [INFO] Finished inserting GCF_042140135.1
2026-03-04 05:41:36,899 [INFO] DataFrame shape before insertion: (3500, 10)
2026-03-04 05:41:36,936 [INFO] Finished inserting GCF_031826515.1
2026-03-04 05:41:37,482 [INFO] DataFrame shape before insertion: (4863, 10)
2026-03-04 05:41:37,538 [INFO] Finished inserting GCF_032710345.1
2026-03-04 05:41:38,016 [INFO] DataFrame shape before insertion: (4460, 10)
2026-03-04 05:41:38,058 [INFO] Finished inserting GCA_009797605.1
2026-03-04 05:41:38,420 [INFO] DataFrame shape before insertion: (2753, 10)
2026-03-04 05:41:38,454 [INFO] Finished inserting GCF_003008415.2
2026-03-04 05:41:38,754 [INFO] DataFrame shape before insertion: (2853, 10)
2026-03-04 05:41:38,787 [INFO] Finished inserting GCA_030913685.1
2026-03-04 05:41:39,479 [INFO] DataFrame shape before insertion: (4929, 10)
2026-03-04 05:41:39,524 [INFO] Finished inserting GCF_041475595.1
2026-03-04 05:41:40,031 [INFO] DataFrame shape before insertion: (5021, 10)
2026-03-04 05:41:40,082 [INFO] Finished inserting GCA_016700195.1
2026-03-04 05:41:40,637 [INFO] DataFrame shape before insertion: (4564, 10)
2026-03-04 05:41:40,686 [INFO] Finished inserting GCF_023278545.1
2026-03-04 05:41:41,262 [INFO] DataFrame shape before insertion: (5289, 10)
2026-03-04 05:41:41,308 [INFO] Finished inserting GCF_014274465.1
2026-03-04 05:41:41,963 [INFO] DataFrame shape before insertion: (4517, 10)
2026-03-04 05:41:42,011 [INFO] Finished inserting GCF_005576575.1
2026-03-04 05:41:42,611 [INFO] DataFrame shape before insertion: (5101, 10)
2026-03-04 05:41:42,707 [INFO] Finished inserting GCF_029457475.1
2026-03-04 05:41:43,167 [INFO] DataFrame shape before insertion: (4128, 10)
2026-03-04 05:41:43,244 [INFO] Finished inserting GCA_013414705.1
2026-03-04 05:41:43,979 [INFO] DataFrame shape before insertion: (6144, 10)
2026-03-04 05:41:44,027 [INFO] Finished inserting GCF_030369695.1
2026-03-04 05:41:44,668 [INFO] DataFrame shape before insertion: (5550, 10)
2026-03-04 05:41:44,713 [INFO] Finished inserting GCF_023823775.1
2026-03-04 05:41:45,253 [INFO] DataFrame shape before insertion: (4452, 10)
2026-03-04 05:41:45,394 [INFO] Finished inserting GCF_040822085.1
2026-03-04 05:41:45,647 [INFO] DataFrame shape before insertion: (2303, 10)
2026-03-04 05:41:45,676 [INFO] Finished inserting GCF_021654855.1
2026-03-04 05:41:45,894 [INFO] DataFrame shape before insertion: (1678, 10)
2026-03-04 05:41:45,921 [INFO] Finished inserting GCF_043187475.1
2026-03-04 05:41:46,177 [INFO] DataFrame shape before insertion: (2181, 10)
2026-03-04 05:41:46,216 [INFO] Finished inserting GCF_021957185.1
2026-03-04 05:41:46,965 [INFO] DataFrame shape before insertion: (5450, 10)
2026-03-04 05:41:47,013 [INFO] Finished inserting GCF_030123405.1
2026-03-04 05:41:47,194 [INFO] DataFrame shape before insertion: (1510, 10)
2026-03-04 05:41:47,228 [INFO] Finished inserting GCF_030758575.1
2026-03-04 05:41:48,071 [INFO] DataFrame shape before insertion: (6279, 10)
2026-03-04 05:41:48,125 [INFO] Finished inserting GCF_044054595.1
2026-03-04 05:41:48,588 [INFO] DataFrame shape before insertion: (3802, 10)
2026-03-04 05:41:48,628 [INFO] Finished inserting GCF_013127315.1
2026-03-04 05:41:49,276 [INFO] DataFrame shape before insertion: (4670, 10)
2026-03-04 05:41:49,338 [INFO] Finished inserting GCF_026104355.1
2026-03-04 05:41:50,310 [INFO] DataFrame shape before insertion: (7103, 10)
2026-03-04 05:41:50,364 [INFO] Finished inserting GCF_045037965.1
2026-03-04 05:41:50,700 [INFO] DataFrame shape before insertion: (3243, 10)
2026-03-04 05:41:50,756 [INFO] Finished inserting GCF_014884485.1
2026-03-04 05:41:51,030 [INFO] DataFrame shape before insertion: (2226, 10)
2026-03-04 05:41:51,062 [INFO] Finished inserting GCF_040369795.1
2026-03-04 05:41:51,465 [INFO] DataFrame shape before insertion: (3513, 10)
2026-03-04 05:41:51,507 [INFO] Finished inserting GCF_024605785.1
2026-03-04 05:41:52,172 [INFO] DataFrame shape before insertion: (5318, 10)
2026-03-04 05:41:52,226 [INFO] Finished inserting GCF_014171775.1
2026-03-04 05:41:52,892 [INFO] DataFrame shape before insertion: (5421, 10)
2026-03-04 05:41:52,942 [INFO] Finished inserting GCF_016894305.1
2026-03-04 05:41:53,350 [INFO] DataFrame shape before insertion: (3197, 10)
2026-03-04 05:41:53,395 [INFO] Finished inserting GCA_014884465.1
2026-03-04 05:41:54,004 [INFO] DataFrame shape before insertion: (5254, 10)
2026-03-04 05:41:54,051 [INFO] Finished inserting GCF_036784815.1
2026-03-04 05:41:54,160 [INFO] DataFrame shape before insertion: (891, 10)
2026-03-04 05:41:54,223 [INFO] Finished inserting GCA_016699085.1
2026-03-04 05:41:54,732 [INFO] DataFrame shape before insertion: (4458, 10)
2026-03-04 05:41:54,769 [INFO] Finished inserting GCA_028865045.1
2026-03-04 05:41:55,474 [INFO] DataFrame shape before insertion: (6053, 10)
2026-03-04 05:41:55,524 [INFO] Finished inserting GCF_024494485.1
2026-03-04 05:41:56,342 [INFO] DataFrame shape before insertion: (6376, 10)
2026-03-04 05:41:56,424 [INFO] Finished inserting GCF_036352095.1
2026-03-04 05:41:56,837 [INFO] DataFrame shape before insertion: (3673, 10)
2026-03-04 05:41:56,873 [INFO] Finished inserting GCF_041075135.1
2026-03-04 05:41:57,536 [INFO] DataFrame shape before insertion: (5752, 10)
2026-03-04 05:41:57,585 [INFO] Finished inserting GCF_016134935.2
2026-03-04 05:41:58,386 [INFO] DataFrame shape before insertion: (6434, 10)
2026-03-04 05:41:58,449 [INFO] Finished inserting GCF_031884435.1
2026-03-04 05:41:58,962 [INFO] DataFrame shape before insertion: (4575, 10)
2026-03-04 05:41:59,007 [INFO] Finished inserting GCF_042698365.1
2026-03-04 05:41:59,804 [INFO] DataFrame shape before insertion: (6891, 10)
2026-03-04 05:41:59,916 [INFO] Finished inserting GCA_024703815.1
2026-03-04 05:42:00,276 [INFO] DataFrame shape before insertion: (3018, 10)
2026-03-04 05:42:00,319 [INFO] Finished inserting GCA_013693755.1
2026-03-04 05:42:00,989 [INFO] DataFrame shape before insertion: (5490, 10)
2026-03-04 05:42:01,050 [INFO] Finished inserting GCF_030285945.1
2026-03-04 05:42:01,341 [INFO] DataFrame shape before insertion: (2559, 10)
2026-03-04 05:42:01,374 [INFO] Finished inserting GCF_018336615.1
2026-03-04 05:42:02,288 [INFO] DataFrame shape before insertion: (7216, 10)
2026-03-04 05:42:02,351 [INFO] Finished inserting GCF_007558985.1
2026-03-04 05:42:03,051 [INFO] DataFrame shape before insertion: (5663, 10)
2026-03-04 05:42:03,095 [INFO] Finished inserting GCF_030123445.1
2026-03-04 05:42:03,328 [INFO] DataFrame shape before insertion: (2077, 10)
2026-03-04 05:42:03,375 [INFO] Finished inserting GCF_964642115.1
2026-03-04 05:42:03,844 [INFO] DataFrame shape before insertion: (3663, 10)
2026-03-04 05:42:03,880 [INFO] Finished inserting GCF_019334405.1
2026-03-04 05:42:04,137 [INFO] DataFrame shape before insertion: (2106, 10)
2026-03-04 05:42:04,167 [INFO] Finished inserting GCA_041410925.1
2026-03-04 05:42:05,444 [INFO] DataFrame shape before insertion: (9957, 10)
2026-03-04 05:42:05,528 [INFO] Finished inserting GCF_030285625.1
2026-03-04 05:42:06,239 [INFO] DataFrame shape before insertion: (4845, 10)
2026-03-04 05:42:06,323 [INFO] Finished inserting GCF_026683955.1
2026-03-04 05:42:06,417 [INFO] DataFrame shape before insertion: (1007, 10)
2026-03-04 05:42:06,443 [INFO] Finished inserting GCA_016699995.1
2026-03-04 05:42:06,841 [INFO] DataFrame shape before insertion: (3280, 10)
2026-03-04 05:42:06,874 [INFO] Finished inserting GCF_964062745.1
2026-03-04 05:42:07,346 [INFO] DataFrame shape before insertion: (3657, 10)
2026-03-04 05:42:07,394 [INFO] Finished inserting GCF_035320825.1
2026-03-04 05:42:08,400 [INFO] DataFrame shape before insertion: (7304, 10)
2026-03-04 05:42:08,465 [INFO] Finished inserting GCF_019056675.1
2026-03-04 05:42:08,752 [INFO] DataFrame shape before insertion: (2731, 10)
2026-03-04 05:42:08,788 [INFO] Finished inserting GCA_013693835.1
2026-03-04 05:42:08,982 [INFO] DataFrame shape before insertion: (1317, 10)
2026-03-04 05:42:09,010 [INFO] Finished inserting GCF_040084705.1
2026-03-04 05:42:09,847 [INFO] DataFrame shape before insertion: (6880, 10)
2026-03-04 05:42:09,899 [INFO] Finished inserting GCF_011046735.1
2026-03-04 05:42:10,336 [INFO] DataFrame shape before insertion: (3288, 10)
2026-03-04 05:42:10,377 [INFO] Finished inserting GCF_021611515.1
2026-03-04 05:42:10,857 [INFO] DataFrame shape before insertion: (3640, 10)
2026-03-04 05:42:10,926 [INFO] Finished inserting GCF_021290385.1
2026-03-04 05:42:11,425 [INFO] DataFrame shape before insertion: (4275, 10)
2026-03-04 05:42:11,511 [INFO] Finished inserting GCF_044784375.1
2026-03-04 05:42:12,037 [INFO] DataFrame shape before insertion: (4674, 10)
2026-03-04 05:42:12,078 [INFO] Finished inserting GCF_030710645.1
2026-03-04 05:42:12,761 [INFO] DataFrame shape before insertion: (5224, 10)
2026-03-04 05:42:12,820 [INFO] Finished inserting GCF_030915465.1
2026-03-04 05:42:13,464 [INFO] DataFrame shape before insertion: (5385, 10)
2026-03-04 05:42:13,510 [INFO] Finished inserting GCF_023823855.1
2026-03-04 05:42:13,813 [INFO] DataFrame shape before insertion: (2909, 10)
2026-03-04 05:42:13,861 [INFO] Finished inserting GCF_028747625.1
2026-03-04 05:42:14,472 [INFO] DataFrame shape before insertion: (5858, 10)
2026-03-04 05:42:14,551 [INFO] Finished inserting GCA_030544665.1
2026-03-04 05:42:14,951 [INFO] DataFrame shape before insertion: (3583, 10)
2026-03-04 05:42:15,130 [INFO] Finished inserting GCF_030913635.1
2026-03-04 05:42:15,496 [INFO] DataFrame shape before insertion: (3460, 10)
2026-03-04 05:42:15,527 [INFO] Finished inserting GCA_018672315.1
2026-03-04 05:42:16,256 [INFO] DataFrame shape before insertion: (6108, 10)
2026-03-04 05:42:16,307 [INFO] Finished inserting GCF_019702485.1
2026-03-04 05:42:16,794 [INFO] DataFrame shape before insertion: (4267, 10)
2026-03-04 05:42:16,833 [INFO] Finished inserting GCF_040616485.1
2026-03-04 05:42:17,271 [INFO] DataFrame shape before insertion: (3853, 10)
2026-03-04 05:42:17,309 [INFO] Finished inserting GCF_011057975.1
2026-03-04 05:42:17,458 [INFO] DataFrame shape before insertion: (1269, 10)
2026-03-04 05:42:17,486 [INFO] Finished inserting GCF_018141665.1
2026-03-04 05:42:17,776 [INFO] DataFrame shape before insertion: (2889, 10)
2026-03-04 05:42:17,809 [INFO] Finished inserting GCF_039556175.1
2026-03-04 05:42:18,116 [INFO] DataFrame shape before insertion: (2512, 10)
2026-03-04 05:42:18,168 [INFO] Finished inserting GCF_028870515.1
2026-03-04 05:42:18,463 [INFO] DataFrame shape before insertion: (2833, 10)
2026-03-04 05:42:18,517 [INFO] Finished inserting GCF_044053895.1
2026-03-04 05:42:18,901 [INFO] DataFrame shape before insertion: (3325, 10)
2026-03-04 05:42:18,934 [INFO] Finished inserting GCF_900538275.1
2026-03-04 05:42:19,363 [INFO] DataFrame shape before insertion: (3669, 10)
2026-03-04 05:42:19,393 [INFO] Finished inserting GCF_034376615.1
2026-03-04 05:42:20,479 [INFO] DataFrame shape before insertion: (8864, 10)
2026-03-04 05:42:20,566 [INFO] Finished inserting GCF_035969035.1
2026-03-04 05:42:21,269 [INFO] DataFrame shape before insertion: (4944, 10)
2026-03-04 05:42:21,317 [INFO] Finished inserting GCF_020149545.1
2026-03-04 05:42:21,641 [INFO] DataFrame shape before insertion: (2504, 10)
2026-03-04 05:42:21,672 [INFO] Finished inserting GCF_035907395.1
2026-03-04 05:42:22,229 [INFO] DataFrame shape before insertion: (4562, 10)
2026-03-04 05:42:22,268 [INFO] Finished inserting GCA_029906525.1
2026-03-04 05:42:22,753 [INFO] DataFrame shape before insertion: (4141, 10)
2026-03-04 05:42:22,799 [INFO] Finished inserting GCF_023588965.1
2026-03-04 05:42:23,657 [INFO] DataFrame shape before insertion: (6665, 10)
2026-03-04 05:42:23,708 [INFO] Finished inserting GCF_042019905.1
2026-03-04 05:42:24,273 [INFO] DataFrame shape before insertion: (5050, 10)
2026-03-04 05:42:24,353 [INFO] Finished inserting GCF_022832735.1
2026-03-04 05:42:24,963 [INFO] DataFrame shape before insertion: (5717, 10)
2026-03-04 05:42:25,007 [INFO] Finished inserting GCF_030123185.1
2026-03-04 05:42:25,484 [INFO] DataFrame shape before insertion: (4178, 10)
2026-03-04 05:42:25,547 [INFO] Finished inserting GCA_016350165.1
2026-03-04 05:42:25,812 [INFO] DataFrame shape before insertion: (2368, 10)
2026-03-04 05:42:25,838 [INFO] Finished inserting GCF_030908405.1
2026-03-04 05:42:26,559 [INFO] DataFrame shape before insertion: (6109, 10)
2026-03-04 05:42:26,608 [INFO] Finished inserting GCF_032401055.1
2026-03-04 05:42:27,667 [INFO] DataFrame shape before insertion: (8859, 10)
2026-03-04 05:42:27,775 [INFO] Finished inserting GCF_041346955.1
2026-03-04 05:42:28,626 [INFO] DataFrame shape before insertion: (7005, 10)
2026-03-04 05:42:28,677 [INFO] Finished inserting GCF_025252265.1
2026-03-04 05:42:29,135 [INFO] DataFrame shape before insertion: (3886, 10)
2026-03-04 05:42:29,216 [INFO] Finished inserting GCF_033193315.1
2026-03-04 05:42:29,698 [INFO] DataFrame shape before insertion: (4320, 10)
2026-03-04 05:42:29,736 [INFO] Finished inserting GCF_030291055.1
2026-03-04 05:42:30,014 [INFO] DataFrame shape before insertion: (2635, 10)
2026-03-04 05:42:30,090 [INFO] Finished inserting GCF_045862805.1
2026-03-04 05:42:30,668 [INFO] DataFrame shape before insertion: (5015, 10)
2026-03-04 05:42:30,712 [INFO] Finished inserting GCA_016864875.1
2026-03-04 05:42:31,429 [INFO] DataFrame shape before insertion: (5750, 10)
2026-03-04 05:42:31,476 [INFO] Finished inserting GCF_029690045.1
2026-03-04 05:42:32,055 [INFO] DataFrame shape before insertion: (5199, 10)
2026-03-04 05:42:32,100 [INFO] Finished inserting GCF_020616615.1
2026-03-04 05:42:32,721 [INFO] DataFrame shape before insertion: (5268, 10)
2026-03-04 05:42:32,784 [INFO] Finished inserting GCF_030915525.1
2026-03-04 05:42:33,364 [INFO] DataFrame shape before insertion: (4656, 10)
2026-03-04 05:42:33,435 [INFO] Finished inserting GCF_013009555.1
2026-03-04 05:42:33,959 [INFO] DataFrame shape before insertion: (4439, 10)
2026-03-04 05:42:34,000 [INFO] Finished inserting GCF_024734705.1
2026-03-04 05:42:35,003 [INFO] DataFrame shape before insertion: (8049, 10)
2026-03-04 05:42:35,058 [INFO] Finished inserting GCF_021484945.1
2026-03-04 05:42:35,728 [INFO] DataFrame shape before insertion: (5350, 10)
2026-03-04 05:42:35,769 [INFO] Finished inserting GCF_018399035.1
2026-03-04 05:42:36,666 [INFO] DataFrame shape before insertion: (6891, 10)
2026-03-04 05:42:36,716 [INFO] Finished inserting GCF_030719295.1
2026-03-04 05:42:37,626 [INFO] DataFrame shape before insertion: (7146, 10)
2026-03-04 05:42:37,682 [INFO] Finished inserting GCF_030406905.1
2026-03-04 05:42:38,023 [INFO] DataFrame shape before insertion: (3348, 10)
2026-03-04 05:42:38,108 [INFO] Finished inserting GCF_044597725.1
2026-03-04 05:42:38,908 [INFO] DataFrame shape before insertion: (5906, 10)
2026-03-04 05:42:38,961 [INFO] Finished inserting GCF_020520165.1
2026-03-04 05:42:39,495 [INFO] DataFrame shape before insertion: (4227, 10)
2026-03-04 05:42:39,534 [INFO] Finished inserting GCF_030994125.1
2026-03-04 05:42:39,808 [INFO] DataFrame shape before insertion: (2115, 10)
2026-03-04 05:42:39,881 [INFO] Finished inserting GCF_043161955.1
2026-03-04 05:42:40,671 [INFO] DataFrame shape before insertion: (6268, 10)
2026-03-04 05:42:40,751 [INFO] Finished inserting GCF_023823915.1
2026-03-04 05:42:41,486 [INFO] DataFrame shape before insertion: (6709, 10)
2026-03-04 05:42:41,539 [INFO] Finished inserting GCF_007858555.1
2026-03-04 05:42:42,070 [INFO] DataFrame shape before insertion: (4530, 10)
2026-03-04 05:42:42,138 [INFO] Finished inserting GCF_041225435.1
2026-03-04 05:42:42,545 [INFO] DataFrame shape before insertion: (3841, 10)
2026-03-04 05:42:42,583 [INFO] Finished inserting GCF_042699995.1
2026-03-04 05:42:42,995 [INFO] DataFrame shape before insertion: (3472, 10)
2026-03-04 05:42:43,037 [INFO] Finished inserting GCF_009707485.1
2026-03-04 05:42:43,633 [INFO] DataFrame shape before insertion: (4392, 10)
2026-03-04 05:42:43,680 [INFO] Finished inserting GCF_029855085.1
2026-03-04 05:42:44,024 [INFO] DataFrame shape before insertion: (3300, 10)
2026-03-04 05:42:44,058 [INFO] Finished inserting GCF_008152325.1
2026-03-04 05:42:44,590 [INFO] DataFrame shape before insertion: (4372, 10)
2026-03-04 05:42:44,664 [INFO] Finished inserting GCF_025244665.1
2026-03-04 05:42:45,229 [INFO] DataFrame shape before insertion: (5024, 10)
2026-03-04 05:42:45,272 [INFO] Finished inserting GCF_037055275.1
2026-03-04 05:42:45,646 [INFO] DataFrame shape before insertion: (3247, 10)
2026-03-04 05:42:45,683 [INFO] Finished inserting GCF_030291135.1
2026-03-04 05:42:46,155 [INFO] DataFrame shape before insertion: (4385, 10)
2026-03-04 05:42:46,219 [INFO] Finished inserting GCA_028131375.1
2026-03-04 05:42:46,688 [INFO] DataFrame shape before insertion: (4118, 10)
2026-03-04 05:42:46,732 [INFO] Finished inserting GCF_010748935.1
2026-03-04 05:42:46,906 [INFO] DataFrame shape before insertion: (1565, 10)
2026-03-04 05:42:46,946 [INFO] Finished inserting GCF_025884515.1
2026-03-04 05:42:47,382 [INFO] DataFrame shape before insertion: (3559, 10)
2026-03-04 05:42:47,422 [INFO] Finished inserting GCF_033723955.1
2026-03-04 05:42:47,913 [INFO] DataFrame shape before insertion: (4344, 10)
2026-03-04 05:42:47,956 [INFO] Finished inserting GCF_037076485.1
Tables in the database: [('protein_cluster',), ('metadata',), ('gff',)]
2026-03-04 05:42:49,784 [INFO] SLURM_ARRAY_TASK_ID: 2
2026-03-04 05:42:49,784 [INFO] SLURM_ARRAY_TASK_COUNT: 5
2026-03-04 05:43:01,088 [INFO] SLURM_ARRAY_TASK_ID: 2
2026-03-04 05:43:01,088 [INFO] SLURM_ARRAY_TASK_COUNT: 5
