2026-03-04 05:38:55,610 [INFO] SLURM_ARRAY_TASK_ID: 1
2026-03-04 05:38:55,610 [INFO] SLURM_ARRAY_TASK_COUNT: 5
2026-03-04 05:38:57,133 [INFO] Total number of assemblies: 1958
2026-03-04 05:38:57,663 [INFO] DataFrame shape before insertion: (4810, 10)
2026-03-04 05:38:57,718 [INFO] Finished inserting GCF_033449965.1
2026-03-04 05:38:58,552 [INFO] DataFrame shape before insertion: (6585, 10)
2026-03-04 05:38:58,598 [INFO] Finished inserting GCF_035320885.1
2026-03-04 05:38:59,353 [INFO] DataFrame shape before insertion: (5944, 10)
2026-03-04 05:38:59,406 [INFO] Finished inserting GCF_022811845.1
2026-03-04 05:38:59,991 [INFO] DataFrame shape before insertion: (4585, 10)
2026-03-04 05:39:00,044 [INFO] Finished inserting GCF_006088795.1
2026-03-04 05:39:00,317 [INFO] DataFrame shape before insertion: (2188, 10)
2026-03-04 05:39:00,348 [INFO] Finished inserting GCF_046109915.1
2026-03-04 05:39:01,116 [INFO] DataFrame shape before insertion: (5556, 10)
2026-03-04 05:39:01,168 [INFO] Finished inserting GCF_024759125.1
2026-03-04 05:39:01,674 [INFO] DataFrame shape before insertion: (3884, 10)
2026-03-04 05:39:01,718 [INFO] Finished inserting GCF_031202305.1
2026-03-04 05:39:02,981 [INFO] DataFrame shape before insertion: (8726, 10)
2026-03-04 05:39:03,046 [INFO] Finished inserting GCF_032917945.1
2026-03-04 05:39:03,320 [INFO] DataFrame shape before insertion: (2574, 10)
2026-03-04 05:39:03,350 [INFO] Finished inserting GCF_029011495.1
2026-03-04 05:39:04,075 [INFO] DataFrame shape before insertion: (5927, 10)
2026-03-04 05:39:04,155 [INFO] Finished inserting GCF_014131715.1
2026-03-04 05:39:04,348 [INFO] DataFrame shape before insertion: (1647, 10)
2026-03-04 05:39:04,380 [INFO] Finished inserting GCF_041447105.1
2026-03-04 05:39:04,943 [INFO] DataFrame shape before insertion: (4801, 10)
2026-03-04 05:39:05,012 [INFO] Finished inserting GCF_007833955.1
2026-03-04 05:39:05,806 [INFO] DataFrame shape before insertion: (6729, 10)
2026-03-04 05:39:05,920 [INFO] Finished inserting GCF_045160025.1
2026-03-04 05:39:06,508 [INFO] DataFrame shape before insertion: (4715, 10)
2026-03-04 05:39:06,581 [INFO] Finished inserting GCF_025398035.1
2026-03-04 05:39:06,792 [INFO] DataFrame shape before insertion: (1738, 10)
2026-03-04 05:39:06,864 [INFO] Finished inserting GCF_043000305.1
2026-03-04 05:39:07,314 [INFO] DataFrame shape before insertion: (3776, 10)
2026-03-04 05:39:07,361 [INFO] Finished inserting GCF_014679705.1
2026-03-04 05:39:08,242 [INFO] DataFrame shape before insertion: (6542, 10)
2026-03-04 05:39:08,341 [INFO] Finished inserting GCF_022385315.1
2026-03-04 05:39:09,077 [INFO] DataFrame shape before insertion: (6293, 10)
2026-03-04 05:39:09,173 [INFO] Finished inserting GCF_029834475.1
2026-03-04 05:39:09,760 [INFO] DataFrame shape before insertion: (4115, 10)
2026-03-04 05:39:09,808 [INFO] Finished inserting GCF_030913365.1
2026-03-04 05:39:10,097 [INFO] DataFrame shape before insertion: (2722, 10)
2026-03-04 05:39:10,137 [INFO] Finished inserting GCA_016699735.1
2026-03-04 05:39:10,717 [INFO] DataFrame shape before insertion: (4700, 10)
2026-03-04 05:39:10,770 [INFO] Finished inserting GCF_044501185.1
2026-03-04 05:39:11,129 [INFO] DataFrame shape before insertion: (3054, 10)
2026-03-04 05:39:11,162 [INFO] Finished inserting GCF_023278045.1
2026-03-04 05:39:11,873 [INFO] DataFrame shape before insertion: (5558, 10)
2026-03-04 05:39:11,923 [INFO] Finished inserting GCF_016599635.1
2026-03-04 05:39:12,426 [INFO] DataFrame shape before insertion: (4521, 10)
2026-03-04 05:39:12,493 [INFO] Finished inserting GCF_034376465.1
2026-03-04 05:39:12,672 [INFO] DataFrame shape before insertion: (1651, 10)
2026-03-04 05:39:12,705 [INFO] Finished inserting GCF_045865005.1
2026-03-04 05:39:13,357 [INFO] DataFrame shape before insertion: (4640, 10)
2026-03-04 05:39:13,452 [INFO] Finished inserting GCF_021398935.1
2026-03-04 05:39:13,992 [INFO] DataFrame shape before insertion: (4596, 10)
2026-03-04 05:39:14,071 [INFO] Finished inserting GCF_020524205.2
2026-03-04 05:39:14,736 [INFO] DataFrame shape before insertion: (4918, 10)
2026-03-04 05:39:14,781 [INFO] Finished inserting GCF_037482245.1
2026-03-04 05:39:15,381 [INFO] DataFrame shape before insertion: (4515, 10)
2026-03-04 05:39:15,434 [INFO] Finished inserting GCF_036865535.1
2026-03-04 05:39:15,953 [INFO] DataFrame shape before insertion: (4449, 10)
2026-03-04 05:39:15,998 [INFO] Finished inserting GCF_030848765.1
2026-03-04 05:39:17,038 [INFO] DataFrame shape before insertion: (8006, 10)
2026-03-04 05:39:17,109 [INFO] Finished inserting GCF_014189435.1
2026-03-04 05:39:17,144 [INFO] DataFrame shape before insertion: (232, 10)
2026-03-04 05:39:17,178 [INFO] Finished inserting GCF_017656055.1
2026-03-04 05:39:17,537 [INFO] DataFrame shape before insertion: (2767, 10)
2026-03-04 05:39:17,571 [INFO] Finished inserting GCF_009189185.2
2026-03-04 05:39:18,001 [INFO] DataFrame shape before insertion: (3706, 10)
2026-03-04 05:39:18,040 [INFO] Finished inserting GCF_030344915.1
2026-03-04 05:39:18,589 [INFO] DataFrame shape before insertion: (4641, 10)
2026-03-04 05:39:18,630 [INFO] Finished inserting GCF_042604575.1
2026-03-04 05:39:19,299 [INFO] DataFrame shape before insertion: (5583, 10)
2026-03-04 05:39:19,346 [INFO] Finished inserting GCA_022836955.1
2026-03-04 05:39:19,768 [INFO] DataFrame shape before insertion: (3723, 10)
2026-03-04 05:39:19,805 [INFO] Finished inserting GCF_044499995.1
2026-03-04 05:39:20,400 [INFO] DataFrame shape before insertion: (4939, 10)
2026-03-04 05:39:20,488 [INFO] Finished inserting GCF_040762985.1
2026-03-04 05:39:21,063 [INFO] DataFrame shape before insertion: (4943, 10)
2026-03-04 05:39:21,109 [INFO] Finished inserting GCF_019880465.1
2026-03-04 05:39:21,647 [INFO] DataFrame shape before insertion: (4516, 10)
2026-03-04 05:39:21,760 [INFO] Finished inserting GCF_033947405.2
2026-03-04 05:39:22,329 [INFO] DataFrame shape before insertion: (5132, 10)
2026-03-04 05:39:22,389 [INFO] Finished inserting GCF_021725435.1
2026-03-04 05:39:23,763 [INFO] DataFrame shape before insertion: (10310, 10)
2026-03-04 05:39:23,841 [INFO] Finished inserting GCF_028736035.1
2026-03-04 05:39:24,277 [INFO] DataFrame shape before insertion: (3249, 10)
2026-03-04 05:39:24,316 [INFO] Finished inserting GCF_045276935.1
2026-03-04 05:39:24,885 [INFO] DataFrame shape before insertion: (5094, 10)
2026-03-04 05:39:24,934 [INFO] Finished inserting GCA_016801815.1
2026-03-04 05:39:25,473 [INFO] DataFrame shape before insertion: (4760, 10)
2026-03-04 05:39:25,519 [INFO] Finished inserting GCA_030011535.1
2026-03-04 05:39:26,204 [INFO] DataFrame shape before insertion: (5302, 10)
2026-03-04 05:39:26,252 [INFO] Finished inserting GCF_021365485.1
2026-03-04 05:39:26,841 [INFO] DataFrame shape before insertion: (4850, 10)
2026-03-04 05:39:26,910 [INFO] Finished inserting GCF_019048865.1
2026-03-04 05:39:27,436 [INFO] DataFrame shape before insertion: (4727, 10)
2026-03-04 05:39:27,481 [INFO] Finished inserting GCF_964063325.1
2026-03-04 05:39:27,972 [INFO] DataFrame shape before insertion: (3917, 10)
2026-03-04 05:39:28,020 [INFO] Finished inserting GCF_026898095.1
2026-03-04 05:39:28,323 [INFO] DataFrame shape before insertion: (2489, 10)
2026-03-04 05:39:28,466 [INFO] Finished inserting GCF_046097455.1
2026-03-04 05:39:28,723 [INFO] DataFrame shape before insertion: (2317, 10)
2026-03-04 05:39:28,763 [INFO] Finished inserting GCF_033877495.1
2026-03-04 05:39:29,260 [INFO] DataFrame shape before insertion: (4386, 10)
2026-03-04 05:39:29,319 [INFO] Finished inserting GCF_042134655.1
2026-03-04 05:39:30,149 [INFO] DataFrame shape before insertion: (6681, 10)
2026-03-04 05:39:30,205 [INFO] Finished inserting GCF_029542445.1
2026-03-04 05:39:30,827 [INFO] DataFrame shape before insertion: (4722, 10)
2026-03-04 05:39:30,892 [INFO] Finished inserting GCF_023920205.1
2026-03-04 05:39:31,117 [INFO] DataFrame shape before insertion: (1992, 10)
2026-03-04 05:39:31,152 [INFO] Finished inserting GCF_018176875.1
2026-03-04 05:39:31,567 [INFO] DataFrame shape before insertion: (3397, 10)
2026-03-04 05:39:31,604 [INFO] Finished inserting GCA_043838375.1
2026-03-04 05:39:32,056 [INFO] DataFrame shape before insertion: (3912, 10)
2026-03-04 05:39:32,184 [INFO] Finished inserting GCF_024362305.1
2026-03-04 05:39:33,141 [INFO] DataFrame shape before insertion: (7572, 10)
2026-03-04 05:39:33,212 [INFO] Finished inserting GCF_019710495.1
2026-03-04 05:39:33,738 [INFO] DataFrame shape before insertion: (4575, 10)
2026-03-04 05:39:33,783 [INFO] Finished inserting GCF_025263725.1
2026-03-04 05:39:33,860 [INFO] DataFrame shape before insertion: (732, 10)
2026-03-04 05:39:33,885 [INFO] Finished inserting GCA_015257785.3
2026-03-04 05:39:34,804 [INFO] DataFrame shape before insertion: (6926, 10)
2026-03-04 05:39:34,861 [INFO] Finished inserting GCF_044055375.1
2026-03-04 05:39:35,414 [INFO] DataFrame shape before insertion: (4664, 10)
2026-03-04 05:39:35,467 [INFO] Finished inserting GCF_003994575.1
2026-03-04 05:39:35,885 [INFO] DataFrame shape before insertion: (3642, 10)
2026-03-04 05:39:35,925 [INFO] Finished inserting GCF_043518605.1
2026-03-04 05:39:36,431 [INFO] DataFrame shape before insertion: (4546, 10)
2026-03-04 05:39:36,476 [INFO] Finished inserting GCF_036326985.1
2026-03-04 05:39:36,968 [INFO] DataFrame shape before insertion: (4311, 10)
2026-03-04 05:39:37,034 [INFO] Finished inserting GCF_030718995.1
2026-03-04 05:39:37,629 [INFO] DataFrame shape before insertion: (4674, 10)
2026-03-04 05:39:37,669 [INFO] Finished inserting GCF_036894365.1
2026-03-04 05:39:37,938 [INFO] DataFrame shape before insertion: (2633, 10)
2026-03-04 05:39:37,969 [INFO] Finished inserting GCF_905186165.1
2026-03-04 05:39:39,082 [INFO] DataFrame shape before insertion: (8310, 10)
2026-03-04 05:39:39,142 [INFO] Finished inserting GCF_036967205.1
2026-03-04 05:39:39,596 [INFO] DataFrame shape before insertion: (4071, 10)
2026-03-04 05:39:39,661 [INFO] Finished inserting GCF_032911225.1
2026-03-04 05:39:40,061 [INFO] DataFrame shape before insertion: (3430, 10)
2026-03-04 05:39:40,099 [INFO] Finished inserting GCF_046111155.1
2026-03-04 05:39:40,785 [INFO] DataFrame shape before insertion: (5332, 10)
2026-03-04 05:39:40,867 [INFO] Finished inserting GCF_014596815.2
2026-03-04 05:39:41,788 [INFO] DataFrame shape before insertion: (6949, 10)
2026-03-04 05:39:41,845 [INFO] Finished inserting GCF_043099735.1
2026-03-04 05:39:42,420 [INFO] DataFrame shape before insertion: (5222, 10)
2026-03-04 05:39:42,563 [INFO] Finished inserting GCF_041956855.1
2026-03-04 05:39:43,186 [INFO] DataFrame shape before insertion: (5142, 10)
2026-03-04 05:39:43,290 [INFO] Finished inserting GCF_034354675.1
2026-03-04 05:39:44,034 [INFO] DataFrame shape before insertion: (6270, 10)
2026-03-04 05:39:44,131 [INFO] Finished inserting GCF_031844645.1
2026-03-04 05:39:44,820 [INFO] DataFrame shape before insertion: (4960, 10)
2026-03-04 05:39:44,867 [INFO] Finished inserting GCF_021398485.1
2026-03-04 05:39:45,384 [INFO] DataFrame shape before insertion: (4027, 10)
2026-03-04 05:39:45,434 [INFO] Finished inserting GCF_033096445.1
2026-03-04 05:39:46,199 [INFO] DataFrame shape before insertion: (5777, 10)
2026-03-04 05:39:46,249 [INFO] Finished inserting GCF_041956845.1
2026-03-04 05:39:47,106 [INFO] DataFrame shape before insertion: (7195, 10)
2026-03-04 05:39:47,201 [INFO] Finished inserting GCF_043099725.1
2026-03-04 05:39:47,597 [INFO] DataFrame shape before insertion: (3807, 10)
2026-03-04 05:39:47,686 [INFO] Finished inserting GCF_034424295.1
2026-03-04 05:39:47,915 [INFO] DataFrame shape before insertion: (2013, 10)
2026-03-04 05:39:47,944 [INFO] Finished inserting GCF_024399395.1
2026-03-04 05:39:48,525 [INFO] DataFrame shape before insertion: (5397, 10)
2026-03-04 05:39:48,580 [INFO] Finished inserting GCF_024759285.1
2026-03-04 05:39:49,282 [INFO] DataFrame shape before insertion: (5818, 10)
2026-03-04 05:39:49,332 [INFO] Finished inserting GCF_040760005.1
2026-03-04 05:39:49,961 [INFO] DataFrame shape before insertion: (4666, 10)
2026-03-04 05:39:50,010 [INFO] Finished inserting GCF_040687735.1
2026-03-04 05:39:50,679 [INFO] DataFrame shape before insertion: (5438, 10)
2026-03-04 05:39:50,731 [INFO] Finished inserting GCF_040729435.1
2026-03-04 05:39:51,075 [INFO] DataFrame shape before insertion: (2860, 10)
2026-03-04 05:39:51,104 [INFO] Finished inserting GCF_040409945.1
2026-03-04 05:39:52,099 [INFO] DataFrame shape before insertion: (6855, 10)
2026-03-04 05:39:52,156 [INFO] Finished inserting GCF_029906565.1
2026-03-04 05:39:52,288 [INFO] DataFrame shape before insertion: (1444, 10)
2026-03-04 05:39:52,314 [INFO] Finished inserting GCF_045866535.1
2026-03-04 05:39:53,275 [INFO] DataFrame shape before insertion: (8079, 10)
2026-03-04 05:39:53,341 [INFO] Finished inserting GCA_043099345.1
2026-03-04 05:39:53,633 [INFO] DataFrame shape before insertion: (2502, 10)
2026-03-04 05:39:53,667 [INFO] Finished inserting GCF_030758755.1
2026-03-04 05:39:54,337 [INFO] DataFrame shape before insertion: (5434, 10)
2026-03-04 05:39:54,381 [INFO] Finished inserting GCA_026503285.1
2026-03-04 05:39:54,591 [INFO] DataFrame shape before insertion: (1843, 10)
2026-03-04 05:39:54,627 [INFO] Finished inserting GCF_964084875.1
2026-03-04 05:39:55,132 [INFO] DataFrame shape before insertion: (3979, 10)
2026-03-04 05:39:55,235 [INFO] Finished inserting GCF_030053775.1
2026-03-04 05:39:55,907 [INFO] DataFrame shape before insertion: (4906, 10)
2026-03-04 05:39:55,955 [INFO] Finished inserting GCF_006542315.2
2026-03-04 05:39:56,056 [INFO] DataFrame shape before insertion: (782, 10)
2026-03-04 05:39:56,124 [INFO] Finished inserting GCF_020497585.1
2026-03-04 05:39:56,877 [INFO] DataFrame shape before insertion: (5727, 10)
2026-03-04 05:39:57,018 [INFO] Finished inserting GCF_018316795.1
2026-03-04 05:39:57,560 [INFO] DataFrame shape before insertion: (4892, 10)
2026-03-04 05:39:57,631 [INFO] Finished inserting GCF_014490665.1
2026-03-04 05:39:58,146 [INFO] DataFrame shape before insertion: (4314, 10)
2026-03-04 05:39:58,194 [INFO] Finished inserting GCF_042694625.1
2026-03-04 05:39:58,523 [INFO] DataFrame shape before insertion: (2389, 10)
2026-03-04 05:39:58,561 [INFO] Finished inserting GCF_029492705.2
2026-03-04 05:39:59,072 [INFO] DataFrame shape before insertion: (4493, 10)
2026-03-04 05:39:59,114 [INFO] Finished inserting GCF_045712965.1
2026-03-04 05:39:59,702 [INFO] DataFrame shape before insertion: (4896, 10)
2026-03-04 05:39:59,745 [INFO] Finished inserting GCF_024652905.1
2026-03-04 05:40:00,209 [INFO] DataFrame shape before insertion: (4404, 10)
2026-03-04 05:40:00,250 [INFO] Finished inserting GCA_025916135.1
2026-03-04 05:40:00,695 [INFO] DataFrame shape before insertion: (3975, 10)
2026-03-04 05:40:00,732 [INFO] Finished inserting GCF_030931715.1
2026-03-04 05:40:01,707 [INFO] DataFrame shape before insertion: (8113, 10)
2026-03-04 05:40:01,771 [INFO] Finished inserting GCF_042691665.1
2026-03-04 05:40:02,125 [INFO] DataFrame shape before insertion: (3093, 10)
2026-03-04 05:40:02,157 [INFO] Finished inserting GCA_045348575.1
2026-03-04 05:40:02,634 [INFO] DataFrame shape before insertion: (4330, 10)
2026-03-04 05:40:02,674 [INFO] Finished inserting GCF_027474825.1
2026-03-04 05:40:02,960 [INFO] DataFrame shape before insertion: (2700, 10)
2026-03-04 05:40:03,037 [INFO] Finished inserting GCF_025919725.1
2026-03-04 05:40:03,636 [INFO] DataFrame shape before insertion: (4950, 10)
2026-03-04 05:40:03,682 [INFO] Finished inserting GCF_014596845.2
2026-03-04 05:40:03,945 [INFO] DataFrame shape before insertion: (2292, 10)
2026-03-04 05:40:03,974 [INFO] Finished inserting GCF_014352915.1
2026-03-04 05:40:04,642 [INFO] DataFrame shape before insertion: (5643, 10)
2026-03-04 05:40:04,753 [INFO] Finished inserting GCF_030505435.1
2026-03-04 05:40:05,255 [INFO] DataFrame shape before insertion: (4208, 10)
2026-03-04 05:40:05,311 [INFO] Finished inserting GCF_025665335.1
2026-03-04 05:40:05,570 [INFO] DataFrame shape before insertion: (2335, 10)
2026-03-04 05:40:05,602 [INFO] Finished inserting GCF_018972085.1
2026-03-04 05:40:06,728 [INFO] DataFrame shape before insertion: (8815, 10)
2026-03-04 05:40:06,798 [INFO] Finished inserting GCF_025642155.1
2026-03-04 05:40:07,123 [INFO] DataFrame shape before insertion: (3174, 10)
2026-03-04 05:40:07,157 [INFO] Finished inserting GCF_023744375.2
2026-03-04 05:40:08,062 [INFO] DataFrame shape before insertion: (6728, 10)
2026-03-04 05:40:08,127 [INFO] Finished inserting GCF_030388745.1
2026-03-04 05:40:08,439 [INFO] DataFrame shape before insertion: (2837, 10)
2026-03-04 05:40:08,511 [INFO] Finished inserting GCF_022809755.1
2026-03-04 05:40:09,446 [INFO] DataFrame shape before insertion: (7540, 10)
2026-03-04 05:40:09,585 [INFO] Finished inserting GCA_035927805.1
2026-03-04 05:40:10,150 [INFO] DataFrame shape before insertion: (4640, 10)
2026-03-04 05:40:10,211 [INFO] Finished inserting GCF_026314945.1
2026-03-04 05:40:11,004 [INFO] DataFrame shape before insertion: (5869, 10)
2026-03-04 05:40:11,050 [INFO] Finished inserting GCF_029962285.1
2026-03-04 05:40:11,234 [INFO] DataFrame shape before insertion: (1747, 10)
2026-03-04 05:40:11,261 [INFO] Finished inserting GCF_035066585.1
2026-03-04 05:40:11,695 [INFO] DataFrame shape before insertion: (4009, 10)
2026-03-04 05:40:11,736 [INFO] Finished inserting GCF_030295425.1
2026-03-04 05:40:12,292 [INFO] DataFrame shape before insertion: (4604, 10)
2026-03-04 05:40:12,390 [INFO] Finished inserting GCF_023824015.1
2026-03-04 05:40:13,072 [INFO] DataFrame shape before insertion: (5539, 10)
2026-03-04 05:40:13,119 [INFO] Finished inserting GCF_018363015.1
2026-03-04 05:40:13,933 [INFO] DataFrame shape before insertion: (6498, 10)
2026-03-04 05:40:13,987 [INFO] Finished inserting GCF_026015985.1
2026-03-04 05:40:14,257 [INFO] DataFrame shape before insertion: (2255, 10)
2026-03-04 05:40:14,292 [INFO] Finished inserting GCF_964063355.1
2026-03-04 05:40:14,671 [INFO] DataFrame shape before insertion: (3279, 10)
2026-03-04 05:40:14,707 [INFO] Finished inserting GCF_022429565.1
2026-03-04 05:40:15,468 [INFO] DataFrame shape before insertion: (5504, 10)
2026-03-04 05:40:15,521 [INFO] Finished inserting GCF_024917695.1
2026-03-04 05:40:16,042 [INFO] DataFrame shape before insertion: (4221, 10)
2026-03-04 05:40:16,099 [INFO] Finished inserting GCF_029962585.1
2026-03-04 05:40:16,663 [INFO] DataFrame shape before insertion: (4781, 10)
2026-03-04 05:40:16,759 [INFO] Finished inserting GCF_024494525.1
2026-03-04 05:40:17,504 [INFO] DataFrame shape before insertion: (5720, 10)
2026-03-04 05:40:17,557 [INFO] Finished inserting GCF_016599735.1
2026-03-04 05:40:18,054 [INFO] DataFrame shape before insertion: (3793, 10)
2026-03-04 05:40:18,093 [INFO] Finished inserting GCF_028401385.2
2026-03-04 05:40:18,926 [INFO] DataFrame shape before insertion: (6303, 10)
2026-03-04 05:40:18,974 [INFO] Finished inserting GCA_030123465.1
2026-03-04 05:40:19,849 [INFO] DataFrame shape before insertion: (7408, 10)
2026-03-04 05:40:19,939 [INFO] Finished inserting GCF_039407195.1
2026-03-04 05:40:20,305 [INFO] DataFrame shape before insertion: (3356, 10)
2026-03-04 05:40:20,340 [INFO] Finished inserting GCF_041153465.1
2026-03-04 05:40:21,271 [INFO] DataFrame shape before insertion: (7726, 10)
2026-03-04 05:40:21,328 [INFO] Finished inserting GCF_039728355.1
2026-03-04 05:40:22,674 [INFO] DataFrame shape before insertion: (10592, 10)
2026-03-04 05:40:22,753 [INFO] Finished inserting GCF_016887565.1
2026-03-04 05:40:23,005 [INFO] DataFrame shape before insertion: (2526, 10)
2026-03-04 05:40:23,032 [INFO] Finished inserting GCF_964065115.1
2026-03-04 05:40:23,737 [INFO] DataFrame shape before insertion: (5651, 10)
2026-03-04 05:40:23,784 [INFO] Finished inserting GCF_030123485.1
2026-03-04 05:40:24,438 [INFO] DataFrame shape before insertion: (4861, 10)
2026-03-04 05:40:24,477 [INFO] Finished inserting GCF_019968805.1
2026-03-04 05:40:25,182 [INFO] DataFrame shape before insertion: (5730, 10)
2026-03-04 05:40:25,222 [INFO] Finished inserting GCF_037094645.1
2026-03-04 05:40:25,752 [INFO] DataFrame shape before insertion: (4851, 10)
2026-03-04 05:40:25,787 [INFO] Finished inserting GCF_030285785.1
2026-03-04 05:40:26,106 [INFO] DataFrame shape before insertion: (2637, 10)
2026-03-04 05:40:26,133 [INFO] Finished inserting GCF_009671065.1
2026-03-04 05:40:26,615 [INFO] DataFrame shape before insertion: (4197, 10)
2026-03-04 05:40:26,654 [INFO] Finished inserting GCF_006094475.1
2026-03-04 05:40:27,185 [INFO] DataFrame shape before insertion: (4203, 10)
2026-03-04 05:40:27,218 [INFO] Finished inserting GCF_017301695.1
2026-03-04 05:40:27,430 [INFO] DataFrame shape before insertion: (1969, 10)
2026-03-04 05:40:27,453 [INFO] Finished inserting GCF_040267765.1
2026-03-04 05:40:28,044 [INFO] DataFrame shape before insertion: (4799, 10)
2026-03-04 05:40:28,086 [INFO] Finished inserting GCF_015223545.3
2026-03-04 05:40:28,421 [INFO] DataFrame shape before insertion: (3371, 10)
2026-03-04 05:40:28,482 [INFO] Finished inserting GCF_014725715.1
2026-03-04 05:40:29,030 [INFO] DataFrame shape before insertion: (4823, 10)
2026-03-04 05:40:29,071 [INFO] Finished inserting GCF_025765875.1
2026-03-04 05:40:29,566 [INFO] DataFrame shape before insertion: (4530, 10)
2026-03-04 05:40:29,600 [INFO] Finished inserting GCF_015999585.1
2026-03-04 05:40:29,904 [INFO] DataFrame shape before insertion: (2551, 10)
2026-03-04 05:40:29,935 [INFO] Finished inserting GCF_037081835.1
2026-03-04 05:40:30,368 [INFO] DataFrame shape before insertion: (3486, 10)
2026-03-04 05:40:30,404 [INFO] Finished inserting GCF_022819285.1
2026-03-04 05:40:30,970 [INFO] DataFrame shape before insertion: (4943, 10)
2026-03-04 05:40:31,011 [INFO] Finished inserting GCF_036687365.1
2026-03-04 05:40:31,216 [INFO] DataFrame shape before insertion: (1850, 10)
2026-03-04 05:40:31,239 [INFO] Finished inserting GCF_030758675.1
2026-03-04 05:40:31,604 [INFO] DataFrame shape before insertion: (3176, 10)
2026-03-04 05:40:31,635 [INFO] Finished inserting GCF_044597695.1
2026-03-04 05:40:32,208 [INFO] DataFrame shape before insertion: (4399, 10)
2026-03-04 05:40:32,251 [INFO] Finished inserting GCF_017570045.1
2026-03-04 05:40:32,689 [INFO] DataFrame shape before insertion: (3406, 10)
2026-03-04 05:40:32,741 [INFO] Finished inserting GCF_040267745.1
2026-03-04 05:40:33,214 [INFO] DataFrame shape before insertion: (4206, 10)
2026-03-04 05:40:33,250 [INFO] Finished inserting GCF_030544485.1
2026-03-04 05:40:33,997 [INFO] DataFrame shape before insertion: (7000, 10)
2026-03-04 05:40:34,078 [INFO] Finished inserting GCA_021484765.1
2026-03-04 05:40:34,604 [INFO] DataFrame shape before insertion: (4465, 10)
2026-03-04 05:40:34,645 [INFO] Finished inserting GCF_019264725.1
2026-03-04 05:40:35,043 [INFO] DataFrame shape before insertion: (3242, 10)
2026-03-04 05:40:35,074 [INFO] Finished inserting GCF_003244395.3
2026-03-04 05:40:35,454 [INFO] DataFrame shape before insertion: (3501, 10)
2026-03-04 05:40:35,483 [INFO] Finished inserting GCF_022370455.1
2026-03-04 05:40:35,901 [INFO] DataFrame shape before insertion: (3867, 10)
2026-03-04 05:40:35,933 [INFO] Finished inserting GCF_026153295.1
2026-03-04 05:40:36,355 [INFO] DataFrame shape before insertion: (3819, 10)
2026-03-04 05:40:36,385 [INFO] Finished inserting GCF_027558275.1
2026-03-04 05:40:37,162 [INFO] DataFrame shape before insertion: (6025, 10)
2026-03-04 05:40:37,236 [INFO] Finished inserting GCF_041320265.1
2026-03-04 05:40:38,621 [INFO] DataFrame shape before insertion: (10625, 10)
2026-03-04 05:40:38,692 [INFO] Finished inserting GCF_040114435.1
2026-03-04 05:40:39,055 [INFO] DataFrame shape before insertion: (3501, 10)
2026-03-04 05:40:39,090 [INFO] Finished inserting GCF_024266955.1
2026-03-04 05:40:39,728 [INFO] DataFrame shape before insertion: (5211, 10)
2026-03-04 05:40:39,771 [INFO] Finished inserting GCF_029866885.1
2026-03-04 05:40:40,194 [INFO] DataFrame shape before insertion: (3380, 10)
2026-03-04 05:40:40,229 [INFO] Finished inserting GCF_003721155.3
2026-03-04 05:40:40,576 [INFO] DataFrame shape before insertion: (3436, 10)
2026-03-04 05:40:40,609 [INFO] Finished inserting GCF_044595625.1
2026-03-04 05:40:40,934 [INFO] DataFrame shape before insertion: (2771, 10)
2026-03-04 05:40:40,965 [INFO] Finished inserting GCF_044596335.1
2026-03-04 05:40:41,416 [INFO] DataFrame shape before insertion: (3861, 10)
2026-03-04 05:40:41,454 [INFO] Finished inserting GCF_040784005.1
2026-03-04 05:40:41,931 [INFO] DataFrame shape before insertion: (4298, 10)
2026-03-04 05:40:41,999 [INFO] Finished inserting GCF_044359855.1
2026-03-04 05:40:42,503 [INFO] DataFrame shape before insertion: (3823, 10)
2026-03-04 05:40:42,545 [INFO] Finished inserting GCF_030503855.1
2026-03-04 05:40:43,529 [INFO] DataFrame shape before insertion: (7174, 10)
2026-03-04 05:40:43,589 [INFO] Finished inserting GCF_020341595.1
2026-03-04 05:40:44,201 [INFO] DataFrame shape before insertion: (5041, 10)
2026-03-04 05:40:44,262 [INFO] Finished inserting GCA_040084665.1
2026-03-04 05:40:44,465 [INFO] DataFrame shape before insertion: (1738, 10)
2026-03-04 05:40:44,494 [INFO] Finished inserting GCF_028751035.1
2026-03-04 05:40:45,275 [INFO] DataFrame shape before insertion: (6113, 10)
2026-03-04 05:40:45,332 [INFO] Finished inserting GCF_016413685.1
2026-03-04 05:40:46,009 [INFO] DataFrame shape before insertion: (5301, 10)
2026-03-04 05:40:46,057 [INFO] Finished inserting GCF_028451225.2
2026-03-04 05:40:46,319 [INFO] DataFrame shape before insertion: (2544, 10)
2026-03-04 05:40:46,400 [INFO] Finished inserting GCF_041530365.1
2026-03-04 05:40:47,115 [INFO] DataFrame shape before insertion: (5198, 10)
2026-03-04 05:40:47,169 [INFO] Finished inserting GCA_044585415.1
2026-03-04 05:40:47,632 [INFO] DataFrame shape before insertion: (3618, 10)
2026-03-04 05:40:47,673 [INFO] Finished inserting GCF_014931565.1
2026-03-04 05:40:48,372 [INFO] DataFrame shape before insertion: (5643, 10)
2026-03-04 05:40:48,420 [INFO] Finished inserting GCF_041379005.1
2026-03-04 05:40:48,853 [INFO] DataFrame shape before insertion: (3571, 10)
2026-03-04 05:40:48,892 [INFO] Finished inserting GCF_029590395.1
2026-03-04 05:40:49,236 [INFO] DataFrame shape before insertion: (3368, 10)
2026-03-04 05:40:49,272 [INFO] Finished inserting GCF_042134605.1
2026-03-04 05:40:49,681 [INFO] DataFrame shape before insertion: (3515, 10)
2026-03-04 05:40:49,717 [INFO] Finished inserting GCF_024362185.1
2026-03-04 05:40:50,332 [INFO] DataFrame shape before insertion: (5083, 10)
2026-03-04 05:40:50,374 [INFO] Finished inserting GCF_030296615.1
2026-03-04 05:40:50,981 [INFO] DataFrame shape before insertion: (5338, 10)
2026-03-04 05:40:51,071 [INFO] Finished inserting GCF_041876315.1
2026-03-04 05:40:51,616 [INFO] DataFrame shape before insertion: (4387, 10)
2026-03-04 05:40:51,660 [INFO] Finished inserting GCF_022647325.1
2026-03-04 05:40:52,204 [INFO] DataFrame shape before insertion: (4389, 10)
2026-03-04 05:40:52,293 [INFO] Finished inserting GCF_002005285.1
2026-03-04 05:40:52,938 [INFO] DataFrame shape before insertion: (5087, 10)
2026-03-04 05:40:53,029 [INFO] Finished inserting GCF_029962125.1
2026-03-04 05:40:53,532 [INFO] DataFrame shape before insertion: (4441, 10)
2026-03-04 05:40:53,571 [INFO] Finished inserting GCF_014171575.1
2026-03-04 05:40:54,314 [INFO] DataFrame shape before insertion: (6559, 10)
2026-03-04 05:40:54,374 [INFO] Finished inserting GCA_042692285.1
2026-03-04 05:40:54,894 [INFO] DataFrame shape before insertion: (4054, 10)
2026-03-04 05:40:54,947 [INFO] Finished inserting GCF_036362845.1
2026-03-04 05:40:55,192 [INFO] DataFrame shape before insertion: (2165, 10)
2026-03-04 05:40:55,232 [INFO] Finished inserting GCF_040267755.1
2026-03-04 05:40:55,893 [INFO] DataFrame shape before insertion: (5346, 10)
2026-03-04 05:40:55,945 [INFO] Finished inserting GCF_034351645.1
2026-03-04 05:40:56,435 [INFO] DataFrame shape before insertion: (4114, 10)
2026-03-04 05:40:56,561 [INFO] Finished inserting GCF_030913325.1
2026-03-04 05:40:57,011 [INFO] DataFrame shape before insertion: (3861, 10)
2026-03-04 05:40:57,105 [INFO] Finished inserting GCF_027498035.1
2026-03-04 05:40:57,756 [INFO] DataFrame shape before insertion: (5521, 10)
2026-03-04 05:40:57,847 [INFO] Finished inserting GCA_030544685.1
2026-03-04 05:40:58,624 [INFO] DataFrame shape before insertion: (5719, 10)
2026-03-04 05:40:58,692 [INFO] Finished inserting GCF_030915385.1
2026-03-04 05:40:59,691 [INFO] DataFrame shape before insertion: (7842, 10)
2026-03-04 05:40:59,765 [INFO] Finished inserting GCF_025642175.1
2026-03-04 05:41:01,109 [INFO] DataFrame shape before insertion: (9521, 10)
2026-03-04 05:41:01,177 [INFO] Finished inserting GCF_046267975.1
2026-03-04 05:41:02,055 [INFO] DataFrame shape before insertion: (6745, 10)
2026-03-04 05:41:02,128 [INFO] Finished inserting GCF_045278815.1
2026-03-04 05:41:02,532 [INFO] DataFrame shape before insertion: (3783, 10)
2026-03-04 05:41:02,603 [INFO] Finished inserting GCF_040783975.1
2026-03-04 05:41:03,159 [INFO] DataFrame shape before insertion: (4810, 10)
2026-03-04 05:41:03,218 [INFO] Finished inserting GCF_025264645.1
2026-03-04 05:41:03,934 [INFO] DataFrame shape before insertion: (6081, 10)
2026-03-04 05:41:03,989 [INFO] Finished inserting GCF_024703895.1
2026-03-04 05:41:04,260 [INFO] DataFrame shape before insertion: (2415, 10)
2026-03-04 05:41:04,346 [INFO] Finished inserting GCA_040364595.1
2026-03-04 05:41:05,236 [INFO] DataFrame shape before insertion: (6693, 10)
2026-03-04 05:41:05,329 [INFO] Finished inserting GCF_029215895.1
2026-03-04 05:41:05,406 [INFO] DataFrame shape before insertion: (894, 10)
2026-03-04 05:41:05,428 [INFO] Finished inserting GCA_016699465.1
2026-03-04 05:41:06,498 [INFO] DataFrame shape before insertion: (8740, 10)
2026-03-04 05:41:06,608 [INFO] Finished inserting GCF_012273515.2
2026-03-04 05:41:07,221 [INFO] DataFrame shape before insertion: (4571, 10)
2026-03-04 05:41:07,263 [INFO] Finished inserting GCF_036865485.1
2026-03-04 05:41:07,810 [INFO] DataFrame shape before insertion: (4526, 10)
2026-03-04 05:41:07,852 [INFO] Finished inserting GCF_009646115.1
2026-03-04 05:41:08,038 [INFO] DataFrame shape before insertion: (1375, 10)
2026-03-04 05:41:08,063 [INFO] Finished inserting GCF_043004745.1
2026-03-04 05:41:10,068 [INFO] DataFrame shape before insertion: (13232, 10)
2026-03-04 05:41:10,270 [INFO] Finished inserting GCA_017163995.1
2026-03-04 05:41:10,375 [INFO] DataFrame shape before insertion: (671, 10)
2026-03-04 05:41:10,392 [INFO] Finished inserting GCF_023016305.1
2026-03-04 05:41:10,675 [INFO] DataFrame shape before insertion: (2624, 10)
2026-03-04 05:41:10,729 [INFO] Finished inserting GCF_000466885.3
2026-03-04 05:41:10,793 [INFO] DataFrame shape before insertion: (635, 10)
2026-03-04 05:41:10,813 [INFO] Finished inserting GCF_030295865.1
2026-03-04 05:41:11,551 [INFO] DataFrame shape before insertion: (6179, 10)
2026-03-04 05:41:11,601 [INFO] Finished inserting GCF_040215685.1
2026-03-04 05:41:12,254 [INFO] DataFrame shape before insertion: (5973, 10)
2026-03-04 05:41:12,330 [INFO] Finished inserting GCF_031583025.1
2026-03-04 05:41:12,951 [INFO] DataFrame shape before insertion: (4723, 10)
2026-03-04 05:41:13,046 [INFO] Finished inserting GCF_021398465.1
2026-03-04 05:41:13,302 [INFO] DataFrame shape before insertion: (2157, 10)
2026-03-04 05:41:13,331 [INFO] Finished inserting GCF_039905885.1
2026-03-04 05:41:13,706 [INFO] DataFrame shape before insertion: (3154, 10)
2026-03-04 05:41:13,798 [INFO] Finished inserting GCF_030012905.1
2026-03-04 05:41:14,380 [INFO] DataFrame shape before insertion: (4967, 10)
2026-03-04 05:41:14,426 [INFO] Finished inserting GCF_040930405.1
2026-03-04 05:41:14,750 [INFO] DataFrame shape before insertion: (2814, 10)
2026-03-04 05:41:14,871 [INFO] Finished inserting GCF_030762805.1
2026-03-04 05:41:15,422 [INFO] DataFrame shape before insertion: (4848, 10)
2026-03-04 05:41:15,490 [INFO] Finished inserting GCF_024971835.1
2026-03-04 05:41:16,263 [INFO] DataFrame shape before insertion: (6131, 10)
2026-03-04 05:41:16,316 [INFO] Finished inserting GCF_023823835.1
2026-03-04 05:41:16,854 [INFO] DataFrame shape before insertion: (4674, 10)
2026-03-04 05:41:16,917 [INFO] Finished inserting GCF_023023085.1
2026-03-04 05:41:17,541 [INFO] DataFrame shape before insertion: (4977, 10)
2026-03-04 05:41:17,585 [INFO] Finished inserting GCF_029873395.1
2026-03-04 05:41:18,041 [INFO] DataFrame shape before insertion: (3900, 10)
2026-03-04 05:41:18,083 [INFO] Finished inserting GCF_031198435.1
2026-03-04 05:41:18,177 [INFO] DataFrame shape before insertion: (1122, 10)
2026-03-04 05:41:18,195 [INFO] Finished inserting GCA_016699205.1
2026-03-04 05:41:18,760 [INFO] DataFrame shape before insertion: (4867, 10)
2026-03-04 05:41:18,806 [INFO] Finished inserting GCA_024600055.1
2026-03-04 05:41:19,419 [INFO] DataFrame shape before insertion: (5431, 10)
2026-03-04 05:41:19,489 [INFO] Finished inserting GCF_001952815.1
2026-03-04 05:41:20,073 [INFO] DataFrame shape before insertion: (5200, 10)
2026-03-04 05:41:20,117 [INFO] Finished inserting GCF_034353875.1
2026-03-04 05:41:20,504 [INFO] DataFrame shape before insertion: (2841, 10)
2026-03-04 05:41:20,542 [INFO] Finished inserting GCF_034374265.1
2026-03-04 05:41:21,149 [INFO] DataFrame shape before insertion: (4770, 10)
2026-03-04 05:41:21,195 [INFO] Finished inserting GCF_045257525.1
2026-03-04 05:41:22,029 [INFO] DataFrame shape before insertion: (7206, 10)
2026-03-04 05:41:22,083 [INFO] Finished inserting GCA_004000515.1
2026-03-04 05:41:22,463 [INFO] DataFrame shape before insertion: (3747, 10)
2026-03-04 05:41:22,540 [INFO] Finished inserting GCF_021513255.1
2026-03-04 05:41:22,931 [INFO] DataFrame shape before insertion: (3692, 10)
2026-03-04 05:41:22,966 [INFO] Finished inserting GCF_022369495.1
2026-03-04 05:41:23,732 [INFO] DataFrame shape before insertion: (5847, 10)
2026-03-04 05:41:23,894 [INFO] Finished inserting GCF_020861345.1
2026-03-04 05:41:24,430 [INFO] DataFrame shape before insertion: (4738, 10)
2026-03-04 05:41:24,512 [INFO] Finished inserting GCF_023016265.1
2026-03-04 05:41:24,814 [INFO] DataFrame shape before insertion: (2441, 10)
2026-03-04 05:41:24,894 [INFO] Finished inserting GCF_046097485.1
2026-03-04 05:41:25,531 [INFO] DataFrame shape before insertion: (4932, 10)
2026-03-04 05:41:25,587 [INFO] Finished inserting GCF_031432835.1
2026-03-04 05:41:26,070 [INFO] DataFrame shape before insertion: (4259, 10)
2026-03-04 05:41:26,109 [INFO] Finished inserting GCF_015218165.1
2026-03-04 05:41:26,154 [INFO] DataFrame shape before insertion: (412, 10)
2026-03-04 05:41:26,175 [INFO] Finished inserting GCF_013463555.1
2026-03-04 05:41:26,900 [INFO] DataFrame shape before insertion: (6090, 10)
2026-03-04 05:41:27,005 [INFO] Finished inserting GCF_044055385.1
2026-03-04 05:41:27,510 [INFO] DataFrame shape before insertion: (4392, 10)
2026-03-04 05:41:27,549 [INFO] Finished inserting GCF_031233635.1
2026-03-04 05:41:28,826 [INFO] DataFrame shape before insertion: (9729, 10)
2026-03-04 05:41:28,897 [INFO] Finished inserting GCF_030285645.1
2026-03-04 05:41:29,580 [INFO] DataFrame shape before insertion: (6348, 10)
2026-03-04 05:41:29,680 [INFO] Finished inserting GCF_028993575.1
2026-03-04 05:41:29,823 [INFO] DataFrame shape before insertion: (1298, 10)
2026-03-04 05:41:29,846 [INFO] Finished inserting GCF_042033325.1
2026-03-04 05:41:30,816 [INFO] DataFrame shape before insertion: (7420, 10)
2026-03-04 05:41:30,871 [INFO] Finished inserting GCF_030552875.1
2026-03-04 05:41:31,774 [INFO] DataFrame shape before insertion: (7342, 10)
2026-03-04 05:41:31,853 [INFO] Finished inserting GCF_045571465.1
2026-03-04 05:41:32,655 [INFO] DataFrame shape before insertion: (6831, 10)
2026-03-04 05:41:32,716 [INFO] Finished inserting GCF_018866325.1
2026-03-04 05:41:33,770 [INFO] DataFrame shape before insertion: (8154, 10)
2026-03-04 05:41:33,832 [INFO] Finished inserting GCF_046197085.1
2026-03-04 05:41:34,315 [INFO] DataFrame shape before insertion: (4238, 10)
2026-03-04 05:41:34,356 [INFO] Finished inserting GCF_003359225.1
2026-03-04 05:41:35,087 [INFO] DataFrame shape before insertion: (5787, 10)
2026-03-04 05:41:35,135 [INFO] Finished inserting GCF_036485475.1
2026-03-04 05:41:35,659 [INFO] DataFrame shape before insertion: (3743, 10)
2026-03-04 05:41:35,700 [INFO] Finished inserting GCF_030297095.1
2026-03-04 05:41:36,502 [INFO] DataFrame shape before insertion: (6693, 10)
2026-03-04 05:41:36,580 [INFO] Finished inserting GCF_029215525.1
2026-03-04 05:41:37,205 [INFO] DataFrame shape before insertion: (5055, 10)
2026-03-04 05:41:37,248 [INFO] Finished inserting GCF_035658295.1
2026-03-04 05:41:37,676 [INFO] DataFrame shape before insertion: (3878, 10)
2026-03-04 05:41:37,712 [INFO] Finished inserting GCF_045012825.1
2026-03-04 05:41:38,185 [INFO] DataFrame shape before insertion: (4198, 10)
2026-03-04 05:41:38,224 [INFO] Finished inserting GCF_045348255.1
2026-03-04 05:41:38,915 [INFO] DataFrame shape before insertion: (6014, 10)
2026-03-04 05:41:38,987 [INFO] Finished inserting GCF_017347385.1
2026-03-04 05:41:39,517 [INFO] DataFrame shape before insertion: (4733, 10)
2026-03-04 05:41:39,562 [INFO] Finished inserting GCF_963853655.1
2026-03-04 05:41:39,845 [INFO] DataFrame shape before insertion: (2729, 10)
2026-03-04 05:41:39,876 [INFO] Finished inserting GCF_039955025.1
2026-03-04 05:41:40,291 [INFO] DataFrame shape before insertion: (3772, 10)
2026-03-04 05:41:40,329 [INFO] Finished inserting GCF_019395145.1
2026-03-04 05:41:40,729 [INFO] DataFrame shape before insertion: (3530, 10)
2026-03-04 05:41:40,773 [INFO] Finished inserting GCF_021391335.1
2026-03-04 05:41:41,208 [INFO] DataFrame shape before insertion: (3731, 10)
2026-03-04 05:41:41,258 [INFO] Finished inserting GCF_023700225.1
2026-03-04 05:41:42,090 [INFO] DataFrame shape before insertion: (6404, 10)
2026-03-04 05:41:42,170 [INFO] Finished inserting GCF_040448675.1
2026-03-04 05:41:42,896 [INFO] DataFrame shape before insertion: (5420, 10)
2026-03-04 05:41:42,942 [INFO] Finished inserting GCF_023333675.1
2026-03-04 05:41:43,610 [INFO] DataFrame shape before insertion: (5690, 10)
2026-03-04 05:41:43,678 [INFO] Finished inserting GCF_041319915.1
2026-03-04 05:41:44,057 [INFO] DataFrame shape before insertion: (2852, 10)
2026-03-04 05:41:44,100 [INFO] Finished inserting GCF_029211325.2
2026-03-04 05:41:44,716 [INFO] DataFrame shape before insertion: (4667, 10)
2026-03-04 05:41:44,758 [INFO] Finished inserting GCF_021535135.1
2026-03-04 05:41:45,002 [INFO] DataFrame shape before insertion: (2315, 10)
2026-03-04 05:41:45,033 [INFO] Finished inserting GCF_003515915.2
2026-03-04 05:41:45,252 [INFO] DataFrame shape before insertion: (2092, 10)
2026-03-04 05:41:45,280 [INFO] Finished inserting GCF_029011885.1
2026-03-04 05:41:46,082 [INFO] DataFrame shape before insertion: (6322, 10)
2026-03-04 05:41:46,132 [INFO] Finished inserting GCF_021513275.1
2026-03-04 05:41:46,869 [INFO] DataFrame shape before insertion: (6081, 10)
2026-03-04 05:41:46,915 [INFO] Finished inserting GCF_030167055.1
2026-03-04 05:41:47,207 [INFO] DataFrame shape before insertion: (2718, 10)
2026-03-04 05:41:47,258 [INFO] Finished inserting GCF_007795095.1
2026-03-04 05:41:47,682 [INFO] DataFrame shape before insertion: (3711, 10)
2026-03-04 05:41:47,717 [INFO] Finished inserting GCF_040961385.1
2026-03-04 05:41:48,152 [INFO] DataFrame shape before insertion: (3693, 10)
2026-03-04 05:41:48,188 [INFO] Finished inserting GCF_014679505.1
2026-03-04 05:41:48,654 [INFO] DataFrame shape before insertion: (4224, 10)
2026-03-04 05:41:48,690 [INFO] Finished inserting GCF_016865235.1
2026-03-04 05:41:48,935 [INFO] DataFrame shape before insertion: (2408, 10)
2026-03-04 05:41:48,965 [INFO] Finished inserting GCA_036321625.1
2026-03-04 05:41:49,820 [INFO] DataFrame shape before insertion: (6680, 10)
2026-03-04 05:41:49,869 [INFO] Finished inserting GCF_040267515.1
2026-03-04 05:41:50,341 [INFO] DataFrame shape before insertion: (4290, 10)
2026-03-04 05:41:50,398 [INFO] Finished inserting GCA_028370155.1
2026-03-04 05:41:50,733 [INFO] DataFrame shape before insertion: (2660, 10)
2026-03-04 05:41:50,782 [INFO] Finished inserting GCF_019703875.1
2026-03-04 05:41:51,377 [INFO] DataFrame shape before insertion: (4605, 10)
2026-03-04 05:41:51,420 [INFO] Finished inserting GCF_041227765.1
2026-03-04 05:41:51,980 [INFO] DataFrame shape before insertion: (5099, 10)
2026-03-04 05:41:52,023 [INFO] Finished inserting GCF_044501175.1
2026-03-04 05:41:52,234 [INFO] DataFrame shape before insertion: (1530, 10)
2026-03-04 05:41:52,303 [INFO] Finished inserting GCF_019614295.1
2026-03-04 05:41:52,556 [INFO] DataFrame shape before insertion: (1911, 10)
2026-03-04 05:41:52,583 [INFO] Finished inserting GCF_029011515.1
2026-03-04 05:41:53,588 [INFO] DataFrame shape before insertion: (8207, 10)
2026-03-04 05:41:53,659 [INFO] Finished inserting GCF_045571455.1
2026-03-04 05:41:54,138 [INFO] DataFrame shape before insertion: (4224, 10)
2026-03-04 05:41:54,188 [INFO] Finished inserting GCF_040207125.1
2026-03-04 05:41:54,594 [INFO] DataFrame shape before insertion: (3532, 10)
2026-03-04 05:41:54,628 [INFO] Finished inserting GCF_004102925.1
2026-03-04 05:41:55,127 [INFO] DataFrame shape before insertion: (4150, 10)
2026-03-04 05:41:55,171 [INFO] Finished inserting GCF_041956365.1
2026-03-04 05:41:56,150 [INFO] DataFrame shape before insertion: (7929, 10)
2026-03-04 05:41:56,211 [INFO] Finished inserting GCF_037071415.1
2026-03-04 05:41:56,729 [INFO] DataFrame shape before insertion: (4995, 10)
2026-03-04 05:41:56,772 [INFO] Finished inserting GCA_040361705.1
2026-03-04 05:41:57,565 [INFO] DataFrame shape before insertion: (6893, 10)
2026-03-04 05:41:57,635 [INFO] Finished inserting GCA_004521945.2
2026-03-04 05:41:57,879 [INFO] DataFrame shape before insertion: (2442, 10)
2026-03-04 05:41:57,909 [INFO] Finished inserting GCA_016887505.1
2026-03-04 05:41:58,418 [INFO] DataFrame shape before insertion: (4553, 10)
2026-03-04 05:41:58,507 [INFO] Finished inserting GCF_034424435.1
2026-03-04 05:41:58,685 [INFO] DataFrame shape before insertion: (1271, 10)
2026-03-04 05:41:58,716 [INFO] Finished inserting GCA_037076445.1
2026-03-04 05:41:59,213 [INFO] DataFrame shape before insertion: (3820, 10)
2026-03-04 05:41:59,251 [INFO] Finished inserting GCF_027941795.1
2026-03-04 05:41:59,726 [INFO] DataFrame shape before insertion: (3658, 10)
2026-03-04 05:41:59,756 [INFO] Finished inserting GCF_030863805.1
2026-03-04 05:42:00,213 [INFO] DataFrame shape before insertion: (3954, 10)
2026-03-04 05:42:00,285 [INFO] Finished inserting GCF_034377005.1
2026-03-04 05:42:00,729 [INFO] DataFrame shape before insertion: (3622, 10)
2026-03-04 05:42:00,766 [INFO] Finished inserting GCF_023373785.1
2026-03-04 05:42:01,098 [INFO] DataFrame shape before insertion: (3205, 10)
2026-03-04 05:42:01,155 [INFO] Finished inserting GCF_033558715.1
2026-03-04 05:42:01,932 [INFO] DataFrame shape before insertion: (6346, 10)
2026-03-04 05:42:01,981 [INFO] Finished inserting GCF_030016165.2
2026-03-04 05:42:02,632 [INFO] DataFrame shape before insertion: (5064, 10)
2026-03-04 05:42:02,682 [INFO] Finished inserting GCF_030122415.1
2026-03-04 05:42:03,198 [INFO] DataFrame shape before insertion: (4095, 10)
2026-03-04 05:42:03,241 [INFO] Finished inserting GCF_014211955.1
2026-03-04 05:42:04,022 [INFO] DataFrame shape before insertion: (6121, 10)
2026-03-04 05:42:04,095 [INFO] Finished inserting GCF_013462275.1
2026-03-04 05:42:04,627 [INFO] DataFrame shape before insertion: (4702, 10)
2026-03-04 05:42:04,668 [INFO] Finished inserting GCF_026014005.1
2026-03-04 05:42:05,389 [INFO] DataFrame shape before insertion: (5052, 10)
2026-03-04 05:42:05,473 [INFO] Finished inserting GCF_030718915.1
2026-03-04 05:42:05,744 [INFO] DataFrame shape before insertion: (2511, 10)
2026-03-04 05:42:05,775 [INFO] Finished inserting GCF_041410355.1
2026-03-04 05:42:06,433 [INFO] DataFrame shape before insertion: (5621, 10)
2026-03-04 05:42:06,491 [INFO] Finished inserting GCF_045784335.1
2026-03-04 05:42:07,074 [INFO] DataFrame shape before insertion: (4283, 10)
2026-03-04 05:42:07,121 [INFO] Finished inserting GCF_026104315.1
2026-03-04 05:42:07,612 [INFO] DataFrame shape before insertion: (4111, 10)
2026-03-04 05:42:07,665 [INFO] Finished inserting GCF_014946775.2
2026-03-04 05:42:08,280 [INFO] DataFrame shape before insertion: (4907, 10)
2026-03-04 05:42:08,326 [INFO] Finished inserting GCF_021223605.1
2026-03-04 05:42:09,072 [INFO] DataFrame shape before insertion: (5441, 10)
2026-03-04 05:42:09,123 [INFO] Finished inserting GCF_026314315.1
2026-03-04 05:42:09,416 [INFO] DataFrame shape before insertion: (2415, 10)
2026-03-04 05:42:09,450 [INFO] Finished inserting GCF_043161975.1
2026-03-04 05:42:10,198 [INFO] DataFrame shape before insertion: (6771, 10)
2026-03-04 05:42:10,271 [INFO] Finished inserting GCA_042694155.1
2026-03-04 05:42:10,816 [INFO] DataFrame shape before insertion: (4345, 10)
2026-03-04 05:42:10,885 [INFO] Finished inserting GCF_009739515.1
2026-03-04 05:42:11,689 [INFO] DataFrame shape before insertion: (6134, 10)
2026-03-04 05:42:11,750 [INFO] Finished inserting GCF_040499845.1
2026-03-04 05:42:12,836 [INFO] DataFrame shape before insertion: (8221, 10)
2026-03-04 05:42:12,907 [INFO] Finished inserting GCF_045571415.1
2026-03-04 05:42:13,488 [INFO] DataFrame shape before insertion: (4745, 10)
2026-03-04 05:42:13,543 [INFO] Finished inserting GCF_039613855.1
2026-03-04 05:42:13,976 [INFO] DataFrame shape before insertion: (3434, 10)
2026-03-04 05:42:14,013 [INFO] Finished inserting GCF_030864095.1
2026-03-04 05:42:14,903 [INFO] DataFrame shape before insertion: (7431, 10)
2026-03-04 05:42:15,064 [INFO] Finished inserting GCA_029972295.1
2026-03-04 05:42:15,767 [INFO] DataFrame shape before insertion: (5585, 10)
2026-03-04 05:42:15,814 [INFO] Finished inserting GCA_007163885.2
2026-03-04 05:42:16,663 [INFO] DataFrame shape before insertion: (6544, 10)
2026-03-04 05:42:16,724 [INFO] Finished inserting GCF_045866025.2
2026-03-04 05:42:17,162 [INFO] DataFrame shape before insertion: (3810, 10)
2026-03-04 05:42:17,203 [INFO] Finished inserting GCF_044501755.1
2026-03-04 05:42:17,673 [INFO] DataFrame shape before insertion: (3539, 10)
2026-03-04 05:42:17,736 [INFO] Finished inserting GCF_024860185.1
2026-03-04 05:42:18,069 [INFO] DataFrame shape before insertion: (2768, 10)
2026-03-04 05:42:18,100 [INFO] Finished inserting GCF_034343125.1
2026-03-04 05:42:18,559 [INFO] DataFrame shape before insertion: (3982, 10)
2026-03-04 05:42:18,596 [INFO] Finished inserting GCF_025758205.1
2026-03-04 05:42:19,071 [INFO] DataFrame shape before insertion: (4128, 10)
2026-03-04 05:42:19,105 [INFO] Finished inserting GCF_025402875.1
2026-03-04 05:42:19,851 [INFO] DataFrame shape before insertion: (5644, 10)
2026-03-04 05:42:20,045 [INFO] Finished inserting GCF_044029535.1
2026-03-04 05:42:20,362 [INFO] DataFrame shape before insertion: (2696, 10)
2026-03-04 05:42:20,391 [INFO] Finished inserting GCF_021513235.1
2026-03-04 05:42:21,043 [INFO] DataFrame shape before insertion: (4988, 10)
2026-03-04 05:42:21,090 [INFO] Finished inserting GCF_021398995.1
2026-03-04 05:42:21,357 [INFO] DataFrame shape before insertion: (2345, 10)
2026-03-04 05:42:21,387 [INFO] Finished inserting GCF_040969805.1
2026-03-04 05:42:21,880 [INFO] DataFrame shape before insertion: (4397, 10)
2026-03-04 05:42:21,919 [INFO] Finished inserting GCF_024759505.1
2026-03-04 05:42:22,500 [INFO] DataFrame shape before insertion: (4819, 10)
2026-03-04 05:42:22,541 [INFO] Finished inserting GCF_044866915.1
2026-03-04 05:42:22,798 [INFO] DataFrame shape before insertion: (2524, 10)
2026-03-04 05:42:22,828 [INFO] Finished inserting GCF_023221615.1
2026-03-04 05:42:23,477 [INFO] DataFrame shape before insertion: (5427, 10)
2026-03-04 05:42:23,540 [INFO] Finished inserting GCF_019856235.1
2026-03-04 05:42:23,773 [INFO] DataFrame shape before insertion: (2263, 10)
2026-03-04 05:42:23,820 [INFO] Finished inserting GCF_964062635.1
2026-03-04 05:42:24,239 [INFO] DataFrame shape before insertion: (3768, 10)
2026-03-04 05:42:24,282 [INFO] Finished inserting GCF_006542605.1
2026-03-04 05:42:24,745 [INFO] DataFrame shape before insertion: (3757, 10)
2026-03-04 05:42:24,778 [INFO] Finished inserting GCF_013171305.1
2026-03-04 05:42:25,414 [INFO] DataFrame shape before insertion: (5284, 10)
2026-03-04 05:42:25,458 [INFO] Finished inserting GCA_037234985.1
2026-03-04 05:42:25,912 [INFO] DataFrame shape before insertion: (4022, 10)
2026-03-04 05:42:25,946 [INFO] Finished inserting GCF_027943665.1
2026-03-04 05:42:26,618 [INFO] DataFrame shape before insertion: (4959, 10)
2026-03-04 05:42:26,670 [INFO] Finished inserting GCF_037055265.1
2026-03-04 05:42:27,563 [INFO] DataFrame shape before insertion: (7159, 10)
2026-03-04 05:42:27,630 [INFO] Finished inserting GCF_032918005.1
2026-03-04 05:42:28,102 [INFO] DataFrame shape before insertion: (3869, 10)
2026-03-04 05:42:28,152 [INFO] Finished inserting GCF_041015235.1
2026-03-04 05:42:28,580 [INFO] DataFrame shape before insertion: (3440, 10)
2026-03-04 05:42:28,616 [INFO] Finished inserting GCF_018588605.2
2026-03-04 05:42:29,131 [INFO] DataFrame shape before insertion: (4274, 10)
2026-03-04 05:42:29,169 [INFO] Finished inserting GCF_037076395.1
2026-03-04 05:42:29,851 [INFO] DataFrame shape before insertion: (5803, 10)
2026-03-04 05:42:29,901 [INFO] Finished inserting GCF_026686735.1
2026-03-04 05:42:30,237 [INFO] DataFrame shape before insertion: (2607, 10)
2026-03-04 05:42:30,273 [INFO] Finished inserting GCF_042239055.1
2026-03-04 05:42:30,372 [INFO] DataFrame shape before insertion: (1082, 10)
2026-03-04 05:42:30,391 [INFO] Finished inserting GCA_016699245.1
2026-03-04 05:42:31,092 [INFO] DataFrame shape before insertion: (6234, 10)
2026-03-04 05:42:31,141 [INFO] Finished inserting GCF_017569325.2
2026-03-04 05:42:32,117 [INFO] DataFrame shape before insertion: (7231, 10)
2026-03-04 05:42:32,172 [INFO] Finished inserting GCF_033343995.1
2026-03-04 05:42:32,616 [INFO] DataFrame shape before insertion: (3807, 10)
2026-03-04 05:42:32,648 [INFO] Finished inserting GCF_002499975.2
2026-03-04 05:42:32,779 [INFO] DataFrame shape before insertion: (1049, 10)
2026-03-04 05:42:32,822 [INFO] Finished inserting GCA_016700315.1
2026-03-04 05:42:33,113 [INFO] DataFrame shape before insertion: (2305, 10)
2026-03-04 05:42:33,143 [INFO] Finished inserting GCA_038095565.1
2026-03-04 05:42:34,024 [INFO] DataFrame shape before insertion: (6915, 10)
2026-03-04 05:42:34,078 [INFO] Finished inserting GCF_043099305.1
2026-03-04 05:42:34,525 [INFO] DataFrame shape before insertion: (4092, 10)
2026-03-04 05:42:34,562 [INFO] Finished inserting GCF_009810215.1
2026-03-04 05:42:34,741 [INFO] DataFrame shape before insertion: (1570, 10)
2026-03-04 05:42:34,795 [INFO] Finished inserting GCF_013458815.1
2026-03-04 05:42:35,522 [INFO] DataFrame shape before insertion: (6159, 10)
2026-03-04 05:42:35,577 [INFO] Finished inserting GCF_020423045.1
2026-03-04 05:42:36,030 [INFO] DataFrame shape before insertion: (3862, 10)
2026-03-04 05:42:36,065 [INFO] Finished inserting GCF_043150135.1
2026-03-04 05:42:36,264 [INFO] DataFrame shape before insertion: (2034, 10)
2026-03-04 05:42:36,292 [INFO] Finished inserting GCA_018398995.1
2026-03-04 05:42:36,683 [INFO] DataFrame shape before insertion: (3434, 10)
2026-03-04 05:42:36,754 [INFO] Finished inserting GCA_036540995.1
2026-03-04 05:42:37,246 [INFO] DataFrame shape before insertion: (3824, 10)
2026-03-04 05:42:37,285 [INFO] Finished inserting GCF_016919545.1
2026-03-04 05:42:38,007 [INFO] DataFrame shape before insertion: (5646, 10)
2026-03-04 05:42:38,071 [INFO] Finished inserting GCF_024917675.1
2026-03-04 05:42:38,325 [INFO] DataFrame shape before insertion: (2436, 10)
2026-03-04 05:42:38,356 [INFO] Finished inserting GCF_023525255.1
2026-03-04 05:42:38,980 [INFO] DataFrame shape before insertion: (5219, 10)
2026-03-04 05:42:39,028 [INFO] Finished inserting GCF_041937585.1
2026-03-04 05:42:39,752 [INFO] DataFrame shape before insertion: (5416, 10)
2026-03-04 05:42:39,805 [INFO] Finished inserting GCF_034043515.1
2026-03-04 05:42:40,116 [INFO] DataFrame shape before insertion: (2831, 10)
2026-03-04 05:42:40,149 [INFO] Finished inserting GCF_000144955.2
2026-03-04 05:42:40,635 [INFO] DataFrame shape before insertion: (4176, 10)
2026-03-04 05:42:40,702 [INFO] Finished inserting GCF_030011555.1
2026-03-04 05:42:41,267 [INFO] DataFrame shape before insertion: (4580, 10)
2026-03-04 05:42:41,311 [INFO] Finished inserting GCF_044361575.1
2026-03-04 05:42:42,419 [INFO] DataFrame shape before insertion: (9151, 10)
2026-03-04 05:42:42,482 [INFO] Finished inserting GCF_019599145.1
2026-03-04 05:42:42,793 [INFO] DataFrame shape before insertion: (2625, 10)
2026-03-04 05:42:42,825 [INFO] Finished inserting GCF_964060345.1
2026-03-04 05:42:42,950 [INFO] DataFrame shape before insertion: (1329, 10)
2026-03-04 05:42:42,977 [INFO] Finished inserting GCF_032849005.1
2026-03-04 05:42:43,910 [INFO] DataFrame shape before insertion: (7845, 10)
2026-03-04 05:42:43,986 [INFO] Finished inserting GCF_045571435.1
2026-03-04 05:42:44,240 [INFO] DataFrame shape before insertion: (2234, 10)
2026-03-04 05:42:44,271 [INFO] Finished inserting GCF_043634175.1
2026-03-04 05:42:44,678 [INFO] DataFrame shape before insertion: (3582, 10)
2026-03-04 05:42:44,717 [INFO] Finished inserting GCF_004785625.2
2026-03-04 05:42:45,143 [INFO] DataFrame shape before insertion: (3758, 10)
2026-03-04 05:42:45,181 [INFO] Finished inserting GCF_030376805.1
2026-03-04 05:42:45,453 [INFO] DataFrame shape before insertion: (2342, 10)
2026-03-04 05:42:45,490 [INFO] Finished inserting GCA_024970245.1
2026-03-04 05:42:46,611 [INFO] DataFrame shape before insertion: (8733, 10)
2026-03-04 05:42:46,676 [INFO] Finished inserting GCF_013009255.1
2026-03-04 05:42:46,947 [INFO] DataFrame shape before insertion: (2510, 10)
2026-03-04 05:42:46,976 [INFO] Finished inserting GCF_028335145.1
2026-03-04 05:42:47,242 [INFO] DataFrame shape before insertion: (2535, 10)
2026-03-04 05:42:47,274 [INFO] Finished inserting GCF_964062605.1
2026-03-04 05:42:47,712 [INFO] DataFrame shape before insertion: (3726, 10)
2026-03-04 05:42:47,752 [INFO] Finished inserting GCF_016894325.1
2026-03-04 05:42:48,310 [INFO] DataFrame shape before insertion: (4989, 10)
2026-03-04 05:42:48,365 [INFO] Finished inserting GCF_035658495.1
2026-03-04 05:42:49,231 [INFO] DataFrame shape before insertion: (6092, 10)
2026-03-04 05:42:49,290 [INFO] Finished inserting GCF_006094495.1
2026-03-04 05:42:49,875 [INFO] DataFrame shape before insertion: (4511, 10)
2026-03-04 05:42:49,929 [INFO] Finished inserting GCF_045343875.1
2026-03-04 05:42:50,476 [INFO] DataFrame shape before insertion: (4415, 10)
2026-03-04 05:42:50,528 [INFO] Finished inserting GCF_042748755.1
2026-03-04 05:42:51,201 [INFO] DataFrame shape before insertion: (5087, 10)
2026-03-04 05:42:51,245 [INFO] Finished inserting GCF_021869685.1
2026-03-04 05:42:51,683 [INFO] DataFrame shape before insertion: (4027, 10)
2026-03-04 05:42:51,726 [INFO] Finished inserting GCF_018389385.1
2026-03-04 05:42:52,080 [INFO] DataFrame shape before insertion: (2899, 10)
2026-03-04 05:42:52,114 [INFO] Finished inserting GCF_042140145.1
2026-03-04 05:42:52,689 [INFO] DataFrame shape before insertion: (5304, 10)
2026-03-04 05:42:52,740 [INFO] Finished inserting GCA_030388825.1
2026-03-04 05:42:53,594 [INFO] DataFrame shape before insertion: (6716, 10)
2026-03-04 05:42:53,687 [INFO] Finished inserting GCF_019598965.1
2026-03-04 05:42:54,540 [INFO] DataFrame shape before insertion: (6719, 10)
2026-03-04 05:42:54,609 [INFO] Finished inserting GCF_018316655.1
2026-03-04 05:42:54,687 [INFO] DataFrame shape before insertion: (767, 10)
2026-03-04 05:42:54,704 [INFO] Finished inserting GCF_045006005.1
Tables in the database: [('protein_cluster',), ('metadata',), ('gff',)]
2026-03-04 05:42:56,524 [INFO] SLURM_ARRAY_TASK_ID: 1
2026-03-04 05:42:56,524 [INFO] SLURM_ARRAY_TASK_COUNT: 5
2026-03-04 05:43:07,828 [INFO] SLURM_ARRAY_TASK_ID: 1
2026-03-04 05:43:07,828 [INFO] SLURM_ARRAY_TASK_COUNT: 5
